Release 14.7 - xst P.20131013 (nt64)
Copyright (c) 1995-2013 Xilinx, Inc.  All rights reserved.
--> Parameter TMPDIR set to xst/projnav.tmp


Total REAL time to Xst completion: 0.00 secs
Total CPU time to Xst completion: 0.15 secs
 
--> Parameter xsthdpdir set to xst


Total REAL time to Xst completion: 0.00 secs
Total CPU time to Xst completion: 0.16 secs
 
--> Reading design: Keyexpantion.prj

TABLE OF CONTENTS
  1) Synthesis Options Summary
  2) HDL Parsing
  3) HDL Elaboration
  4) HDL Synthesis
       4.1) HDL Synthesis Report
  5) Advanced HDL Synthesis
       5.1) Advanced HDL Synthesis Report
  6) Low Level Synthesis
  7) Partition Report
  8) Design Summary
       8.1) Primitive and Black Box Usage
       8.2) Device utilization summary
       8.3) Partition Resource Summary
       8.4) Timing Report
            8.4.1) Clock Information
            8.4.2) Asynchronous Control Signals Information
            8.4.3) Timing Summary
            8.4.4) Timing Details
            8.4.5) Cross Clock Domains Report


=========================================================================
*                      Synthesis Options Summary                        *
=========================================================================
---- Source Parameters
Input File Name                    : "Keyexpantion.prj"
Ignore Synthesis Constraint File   : NO

---- Target Parameters
Output File Name                   : "Keyexpantion"
Output Format                      : NGC
Target Device                      : xc7a100t-1-fgg676

---- Source Options
Top Module Name                    : Keyexpantion
Automatic FSM Extraction           : YES
FSM Encoding Algorithm             : Auto
Safe Implementation                : No
FSM Style                          : LUT
RAM Extraction                     : Yes
RAM Style                          : Auto
ROM Extraction                     : Yes
Shift Register Extraction          : YES
ROM Style                          : Auto
Resource Sharing                   : YES
Asynchronous To Synchronous        : NO
Shift Register Minimum Size        : 2
Use DSP Block                      : Auto
Automatic Register Balancing       : No

---- Target Options
LUT Combining                      : Auto
Reduce Control Sets                : Auto
Add IO Buffers                     : YES
Global Maximum Fanout              : 100000
Add Generic Clock Buffer(BUFG)     : 32
Register Duplication               : YES
Optimize Instantiated Primitives   : NO
Use Clock Enable                   : Auto
Use Synchronous Set                : Auto
Use Synchronous Reset              : Auto
Pack IO Registers into IOBs        : Auto
Equivalent register Removal        : YES

---- General Options
Optimization Goal                  : Speed
Optimization Effort                : 1
Power Reduction                    : NO
Keep Hierarchy                     : No
Netlist Hierarchy                  : As_Optimized
RTL Output                         : Yes
Global Optimization                : AllClockNets
Read Cores                         : YES
Write Timing Constraints           : NO
Cross Clock Analysis               : NO
Hierarchy Separator                : /
Bus Delimiter                      : <>
Case Specifier                     : Maintain
Slice Utilization Ratio            : 100
BRAM Utilization Ratio             : 100
DSP48 Utilization Ratio            : 100
Auto BRAM Packing                  : NO
Slice Utilization Ratio Delta      : 5

=========================================================================


=========================================================================
*                          HDL Parsing                                  *
=========================================================================
Analyzing Verilog file "C:\Users\qiuke\Desktop\AES_V1.0\AES\Sbox.v" into library work
Parsing module <Sbox>.
Analyzing Verilog file "C:\Users\qiuke\Desktop\AES_V1.0\AES\Subbytes.v" into library work
Parsing module <Subbytes>.
Analyzing Verilog file "C:\Users\qiuke\Desktop\AES_V1.0\AES\Roundkeygen.v" into library work
Parsing module <RoundkeyGen>.
Analyzing Verilog file "C:\Users\qiuke\Desktop\AES_V1.0\AES\Keyexpantion.v" into library work
Parsing module <Keyexpantion>.

=========================================================================
*                            HDL Elaboration                            *
=========================================================================

Elaborating module <Keyexpantion>.

Elaborating module <RoundkeyGen>.

Elaborating module <Subbytes>.

Elaborating module <Sbox>.
WARNING:HDLCompiler:189 - "C:\Users\qiuke\Desktop\AES_V1.0\AES\Roundkeygen.v" Line 46: Size mismatch in connection of port <data_in>. Formal port size is 128-bit while actual signal size is 32-bit.

=========================================================================
*                           HDL Synthesis                               *
=========================================================================

Synthesizing Unit <Keyexpantion>.
    Related source file is "C:\Users\qiuke\Desktop\AES_V1.0\AES\Keyexpantion.v".
    Summary:
	no macro.
Unit <Keyexpantion> synthesized.

Synthesizing Unit <RoundkeyGen>.
    Related source file is "C:\Users\qiuke\Desktop\AES_V1.0\AES\Roundkeygen.v".
    Found 128-bit register for signal <round_key>.
    Found 128-bit register for signal <round_key_delay>.
    Found 1-bit register for signal <valid_round_key>.
    Found 1-bit register for signal <valid_out>.
    Summary:
	inferred 258 D-type flip-flop(s).
Unit <RoundkeyGen> synthesized.

Synthesizing Unit <Subbytes>.
    Related source file is "C:\Users\qiuke\Desktop\AES_V1.0\AES\Subbytes.v".
    Found 1-bit register for signal <valid_out>.
    Summary:
	inferred   1 D-type flip-flop(s).
Unit <Subbytes> synthesized.

Synthesizing Unit <Sbox>.
    Related source file is "C:\Users\qiuke\Desktop\AES_V1.0\AES\Sbox.v".
    Found 256x8-bit Read Only RAM for signal <dout>
    Summary:
	inferred   1 RAM(s).
Unit <Sbox> synthesized.

=========================================================================
HDL Synthesis Report

Macro Statistics
# RAMs                                                 : 160
 256x8-bit single-port Read Only RAM                   : 160
# Registers                                            : 50
 1-bit register                                        : 30
 128-bit register                                      : 20
# Xors                                                 : 50
 32-bit xor2                                           : 50

=========================================================================

=========================================================================
*                       Advanced HDL Synthesis                          *
=========================================================================

WARNING:Xst:1290 - Hierarchical block <ROM[4].u_sbox> is unconnected in block <SUB_U>.
   It will be removed from the design.
WARNING:Xst:1290 - Hierarchical block <ROM[5].u_sbox> is unconnected in block <SUB_U>.
   It will be removed from the design.
WARNING:Xst:1290 - Hierarchical block <ROM[6].u_sbox> is unconnected in block <SUB_U>.
   It will be removed from the design.
WARNING:Xst:1290 - Hierarchical block <ROM[7].u_sbox> is unconnected in block <SUB_U>.
   It will be removed from the design.
WARNING:Xst:1290 - Hierarchical block <ROM[8].u_sbox> is unconnected in block <SUB_U>.
   It will be removed from the design.
WARNING:Xst:1290 - Hierarchical block <ROM[9].u_sbox> is unconnected in block <SUB_U>.
   It will be removed from the design.
WARNING:Xst:1290 - Hierarchical block <ROM[10].u_sbox> is unconnected in block <SUB_U>.
   It will be removed from the design.
WARNING:Xst:1290 - Hierarchical block <ROM[11].u_sbox> is unconnected in block <SUB_U>.
   It will be removed from the design.
WARNING:Xst:1290 - Hierarchical block <ROM[12].u_sbox> is unconnected in block <SUB_U>.
   It will be removed from the design.
WARNING:Xst:1290 - Hierarchical block <ROM[13].u_sbox> is unconnected in block <SUB_U>.
   It will be removed from the design.
WARNING:Xst:1290 - Hierarchical block <ROM[14].u_sbox> is unconnected in block <SUB_U>.
   It will be removed from the design.
WARNING:Xst:1290 - Hierarchical block <ROM[15].u_sbox> is unconnected in block <SUB_U>.
   It will be removed from the design.
WARNING:Xst:1290 - Hierarchical block <ROM[4].u_sbox> is unconnected in block <SUB_U>.
   It will be removed from the design.
WARNING:Xst:1290 - Hierarchical block <ROM[5].u_sbox> is unconnected in block <SUB_U>.
   It will be removed from the design.
WARNING:Xst:1290 - Hierarchical block <ROM[6].u_sbox> is unconnected in block <SUB_U>.
   It will be removed from the design.
WARNING:Xst:1290 - Hierarchical block <ROM[7].u_sbox> is unconnected in block <SUB_U>.
   It will be removed from the design.
WARNING:Xst:1290 - Hierarchical block <ROM[8].u_sbox> is unconnected in block <SUB_U>.
   It will be removed from the design.
WARNING:Xst:1290 - Hierarchical block <ROM[9].u_sbox> is unconnected in block <SUB_U>.
   It will be removed from the design.
WARNING:Xst:1290 - Hierarchical block <ROM[10].u_sbox> is unconnected in block <SUB_U>.
   It will be removed from the design.
WARNING:Xst:1290 - Hierarchical block <ROM[11].u_sbox> is unconnected in block <SUB_U>.
   It will be removed from the design.
WARNING:Xst:1290 - Hierarchical block <ROM[12].u_sbox> is unconnected in block <SUB_U>.
   It will be removed from the design.
WARNING:Xst:1290 - Hierarchical block <ROM[13].u_sbox> is unconnected in block <SUB_U>.
   It will be removed from the design.
WARNING:Xst:1290 - Hierarchical block <ROM[14].u_sbox> is unconnected in block <SUB_U>.
   It will be removed from the design.
WARNING:Xst:1290 - Hierarchical block <ROM[15].u_sbox> is unconnected in block <SUB_U>.
   It will be removed from the design.
WARNING:Xst:1290 - Hierarchical block <ROM[4].u_sbox> is unconnected in block <SUB_U>.
   It will be removed from the design.
WARNING:Xst:1290 - Hierarchical block <ROM[5].u_sbox> is unconnected in block <SUB_U>.
   It will be removed from the design.
WARNING:Xst:1290 - Hierarchical block <ROM[6].u_sbox> is unconnected in block <SUB_U>.
   It will be removed from the design.
WARNING:Xst:1290 - Hierarchical block <ROM[7].u_sbox> is unconnected in block <SUB_U>.
   It will be removed from the design.
WARNING:Xst:1290 - Hierarchical block <ROM[8].u_sbox> is unconnected in block <SUB_U>.
   It will be removed from the design.
WARNING:Xst:1290 - Hierarchical block <ROM[9].u_sbox> is unconnected in block <SUB_U>.
   It will be removed from the design.
WARNING:Xst:1290 - Hierarchical block <ROM[10].u_sbox> is unconnected in block <SUB_U>.
   It will be removed from the design.
WARNING:Xst:1290 - Hierarchical block <ROM[11].u_sbox> is unconnected in block <SUB_U>.
   It will be removed from the design.
WARNING:Xst:1290 - Hierarchical block <ROM[12].u_sbox> is unconnected in block <SUB_U>.
   It will be removed from the design.
WARNING:Xst:1290 - Hierarchical block <ROM[13].u_sbox> is unconnected in block <SUB_U>.
   It will be removed from the design.
WARNING:Xst:1290 - Hierarchical block <ROM[14].u_sbox> is unconnected in block <SUB_U>.
   It will be removed from the design.
WARNING:Xst:1290 - Hierarchical block <ROM[15].u_sbox> is unconnected in block <SUB_U>.
   It will be removed from the design.
WARNING:Xst:1290 - Hierarchical block <ROM[4].u_sbox> is unconnected in block <SUB_U>.
   It will be removed from the design.
WARNING:Xst:1290 - Hierarchical block <ROM[5].u_sbox> is unconnected in block <SUB_U>.
   It will be removed from the design.
WARNING:Xst:1290 - Hierarchical block <ROM[6].u_sbox> is unconnected in block <SUB_U>.
   It will be removed from the design.
WARNING:Xst:1290 - Hierarchical block <ROM[7].u_sbox> is unconnected in block <SUB_U>.
   It will be removed from the design.
WARNING:Xst:1290 - Hierarchical block <ROM[8].u_sbox> is unconnected in block <SUB_U>.
   It will be removed from the design.
WARNING:Xst:1290 - Hierarchical block <ROM[9].u_sbox> is unconnected in block <SUB_U>.
   It will be removed from the design.
WARNING:Xst:1290 - Hierarchical block <ROM[10].u_sbox> is unconnected in block <SUB_U>.
   It will be removed from the design.
WARNING:Xst:1290 - Hierarchical block <ROM[11].u_sbox> is unconnected in block <SUB_U>.
   It will be removed from the design.
WARNING:Xst:1290 - Hierarchical block <ROM[12].u_sbox> is unconnected in block <SUB_U>.
   It will be removed from the design.
WARNING:Xst:1290 - Hierarchical block <ROM[13].u_sbox> is unconnected in block <SUB_U>.
   It will be removed from the design.
WARNING:Xst:1290 - Hierarchical block <ROM[14].u_sbox> is unconnected in block <SUB_U>.
   It will be removed from the design.
WARNING:Xst:1290 - Hierarchical block <ROM[15].u_sbox> is unconnected in block <SUB_U>.
   It will be removed from the design.
WARNING:Xst:1290 - Hierarchical block <ROM[4].u_sbox> is unconnected in block <SUB_U>.
   It will be removed from the design.
WARNING:Xst:1290 - Hierarchical block <ROM[5].u_sbox> is unconnected in block <SUB_U>.
   It will be removed from the design.
WARNING:Xst:1290 - Hierarchical block <ROM[6].u_sbox> is unconnected in block <SUB_U>.
   It will be removed from the design.
WARNING:Xst:1290 - Hierarchical block <ROM[7].u_sbox> is unconnected in block <SUB_U>.
   It will be removed from the design.
WARNING:Xst:1290 - Hierarchical block <ROM[8].u_sbox> is unconnected in block <SUB_U>.
   It will be removed from the design.
WARNING:Xst:1290 - Hierarchical block <ROM[9].u_sbox> is unconnected in block <SUB_U>.
   It will be removed from the design.
WARNING:Xst:1290 - Hierarchical block <ROM[10].u_sbox> is unconnected in block <SUB_U>.
   It will be removed from the design.
WARNING:Xst:1290 - Hierarchical block <ROM[11].u_sbox> is unconnected in block <SUB_U>.
   It will be removed from the design.
WARNING:Xst:1290 - Hierarchical block <ROM[12].u_sbox> is unconnected in block <SUB_U>.
   It will be removed from the design.
WARNING:Xst:1290 - Hierarchical block <ROM[13].u_sbox> is unconnected in block <SUB_U>.
   It will be removed from the design.
WARNING:Xst:1290 - Hierarchical block <ROM[14].u_sbox> is unconnected in block <SUB_U>.
   It will be removed from the design.
WARNING:Xst:1290 - Hierarchical block <ROM[15].u_sbox> is unconnected in block <SUB_U>.
   It will be removed from the design.
WARNING:Xst:1290 - Hierarchical block <ROM[4].u_sbox> is unconnected in block <SUB_U>.
   It will be removed from the design.
WARNING:Xst:1290 - Hierarchical block <ROM[5].u_sbox> is unconnected in block <SUB_U>.
   It will be removed from the design.
WARNING:Xst:1290 - Hierarchical block <ROM[6].u_sbox> is unconnected in block <SUB_U>.
   It will be removed from the design.
WARNING:Xst:1290 - Hierarchical block <ROM[7].u_sbox> is unconnected in block <SUB_U>.
   It will be removed from the design.
WARNING:Xst:1290 - Hierarchical block <ROM[8].u_sbox> is unconnected in block <SUB_U>.
   It will be removed from the design.
WARNING:Xst:1290 - Hierarchical block <ROM[9].u_sbox> is unconnected in block <SUB_U>.
   It will be removed from the design.
WARNING:Xst:1290 - Hierarchical block <ROM[10].u_sbox> is unconnected in block <SUB_U>.
   It will be removed from the design.
WARNING:Xst:1290 - Hierarchical block <ROM[11].u_sbox> is unconnected in block <SUB_U>.
   It will be removed from the design.
WARNING:Xst:1290 - Hierarchical block <ROM[12].u_sbox> is unconnected in block <SUB_U>.
   It will be removed from the design.
WARNING:Xst:1290 - Hierarchical block <ROM[13].u_sbox> is unconnected in block <SUB_U>.
   It will be removed from the design.
WARNING:Xst:1290 - Hierarchical block <ROM[14].u_sbox> is unconnected in block <SUB_U>.
   It will be removed from the design.
WARNING:Xst:1290 - Hierarchical block <ROM[15].u_sbox> is unconnected in block <SUB_U>.
   It will be removed from the design.
WARNING:Xst:1290 - Hierarchical block <ROM[4].u_sbox> is unconnected in block <SUB_U>.
   It will be removed from the design.
WARNING:Xst:1290 - Hierarchical block <ROM[5].u_sbox> is unconnected in block <SUB_U>.
   It will be removed from the design.
WARNING:Xst:1290 - Hierarchical block <ROM[6].u_sbox> is unconnected in block <SUB_U>.
   It will be removed from the design.
WARNING:Xst:1290 - Hierarchical block <ROM[7].u_sbox> is unconnected in block <SUB_U>.
   It will be removed from the design.
WARNING:Xst:1290 - Hierarchical block <ROM[8].u_sbox> is unconnected in block <SUB_U>.
   It will be removed from the design.
WARNING:Xst:1290 - Hierarchical block <ROM[9].u_sbox> is unconnected in block <SUB_U>.
   It will be removed from the design.
WARNING:Xst:1290 - Hierarchical block <ROM[10].u_sbox> is unconnected in block <SUB_U>.
   It will be removed from the design.
WARNING:Xst:1290 - Hierarchical block <ROM[11].u_sbox> is unconnected in block <SUB_U>.
   It will be removed from the design.
WARNING:Xst:1290 - Hierarchical block <ROM[12].u_sbox> is unconnected in block <SUB_U>.
   It will be removed from the design.
WARNING:Xst:1290 - Hierarchical block <ROM[13].u_sbox> is unconnected in block <SUB_U>.
   It will be removed from the design.
WARNING:Xst:1290 - Hierarchical block <ROM[14].u_sbox> is unconnected in block <SUB_U>.
   It will be removed from the design.
WARNING:Xst:1290 - Hierarchical block <ROM[15].u_sbox> is unconnected in block <SUB_U>.
   It will be removed from the design.
WARNING:Xst:1290 - Hierarchical block <ROM[4].u_sbox> is unconnected in block <SUB_U>.
   It will be removed from the design.
WARNING:Xst:1290 - Hierarchical block <ROM[5].u_sbox> is unconnected in block <SUB_U>.
   It will be removed from the design.
WARNING:Xst:1290 - Hierarchical block <ROM[6].u_sbox> is unconnected in block <SUB_U>.
   It will be removed from the design.
WARNING:Xst:1290 - Hierarchical block <ROM[7].u_sbox> is unconnected in block <SUB_U>.
   It will be removed from the design.
WARNING:Xst:1290 - Hierarchical block <ROM[8].u_sbox> is unconnected in block <SUB_U>.
   It will be removed from the design.
WARNING:Xst:1290 - Hierarchical block <ROM[9].u_sbox> is unconnected in block <SUB_U>.
   It will be removed from the design.
WARNING:Xst:1290 - Hierarchical block <ROM[10].u_sbox> is unconnected in block <SUB_U>.
   It will be removed from the design.
WARNING:Xst:1290 - Hierarchical block <ROM[11].u_sbox> is unconnected in block <SUB_U>.
   It will be removed from the design.
WARNING:Xst:1290 - Hierarchical block <ROM[12].u_sbox> is unconnected in block <SUB_U>.
   It will be removed from the design.
WARNING:Xst:1290 - Hierarchical block <ROM[13].u_sbox> is unconnected in block <SUB_U>.
   It will be removed from the design.
WARNING:Xst:1290 - Hierarchical block <ROM[14].u_sbox> is unconnected in block <SUB_U>.
   It will be removed from the design.
WARNING:Xst:1290 - Hierarchical block <ROM[15].u_sbox> is unconnected in block <SUB_U>.
   It will be removed from the design.
WARNING:Xst:1290 - Hierarchical block <ROM[4].u_sbox> is unconnected in block <SUB_U>.
   It will be removed from the design.
WARNING:Xst:1290 - Hierarchical block <ROM[5].u_sbox> is unconnected in block <SUB_U>.
   It will be removed from the design.
WARNING:Xst:1290 - Hierarchical block <ROM[6].u_sbox> is unconnected in block <SUB_U>.
   It will be removed from the design.
WARNING:Xst:1290 - Hierarchical block <ROM[7].u_sbox> is unconnected in block <SUB_U>.
   It will be removed from the design.
WARNING:Xst:1290 - Hierarchical block <ROM[8].u_sbox> is unconnected in block <SUB_U>.
   It will be removed from the design.
WARNING:Xst:1290 - Hierarchical block <ROM[9].u_sbox> is unconnected in block <SUB_U>.
   It will be removed from the design.
WARNING:Xst:1290 - Hierarchical block <ROM[10].u_sbox> is unconnected in block <SUB_U>.
   It will be removed from the design.
WARNING:Xst:1290 - Hierarchical block <ROM[11].u_sbox> is unconnected in block <SUB_U>.
   It will be removed from the design.
WARNING:Xst:1290 - Hierarchical block <ROM[12].u_sbox> is unconnected in block <SUB_U>.
   It will be removed from the design.
WARNING:Xst:1290 - Hierarchical block <ROM[13].u_sbox> is unconnected in block <SUB_U>.
   It will be removed from the design.
WARNING:Xst:1290 - Hierarchical block <ROM[14].u_sbox> is unconnected in block <SUB_U>.
   It will be removed from the design.
WARNING:Xst:1290 - Hierarchical block <ROM[15].u_sbox> is unconnected in block <SUB_U>.
   It will be removed from the design.
WARNING:Xst:1290 - Hierarchical block <ROM[4].u_sbox> is unconnected in block <SUB_U>.
   It will be removed from the design.
WARNING:Xst:1290 - Hierarchical block <ROM[5].u_sbox> is unconnected in block <SUB_U>.
   It will be removed from the design.
WARNING:Xst:1290 - Hierarchical block <ROM[6].u_sbox> is unconnected in block <SUB_U>.
   It will be removed from the design.
WARNING:Xst:1290 - Hierarchical block <ROM[7].u_sbox> is unconnected in block <SUB_U>.
   It will be removed from the design.
WARNING:Xst:1290 - Hierarchical block <ROM[8].u_sbox> is unconnected in block <SUB_U>.
   It will be removed from the design.
WARNING:Xst:1290 - Hierarchical block <ROM[9].u_sbox> is unconnected in block <SUB_U>.
   It will be removed from the design.
WARNING:Xst:1290 - Hierarchical block <ROM[10].u_sbox> is unconnected in block <SUB_U>.
   It will be removed from the design.
WARNING:Xst:1290 - Hierarchical block <ROM[11].u_sbox> is unconnected in block <SUB_U>.
   It will be removed from the design.
WARNING:Xst:1290 - Hierarchical block <ROM[12].u_sbox> is unconnected in block <SUB_U>.
   It will be removed from the design.
WARNING:Xst:1290 - Hierarchical block <ROM[13].u_sbox> is unconnected in block <SUB_U>.
   It will be removed from the design.
WARNING:Xst:1290 - Hierarchical block <ROM[14].u_sbox> is unconnected in block <SUB_U>.
   It will be removed from the design.
WARNING:Xst:1290 - Hierarchical block <ROM[15].u_sbox> is unconnected in block <SUB_U>.
   It will be removed from the design.

Synthesizing (advanced) Unit <Sbox>.
INFO:Xst:3218 - HDL ADVISOR - The RAM <Mram_dout> will be implemented on LUTs either because you have described an asynchronous read or because of currently unsupported block RAM features. If you have described an asynchronous read, making it synchronous would allow you to take advantage of available block RAM resources, for optimized device usage and improved timings. Please refer to your documentation for coding guidelines.
    -----------------------------------------------------------------------
    | ram_type           | Distributed                         |          |
    -----------------------------------------------------------------------
    | Port A                                                              |
    |     aspect ratio   | 256-word x 8-bit                    |          |
    |     weA            | connected to signal <GND>           | high     |
    |     addrA          | connected to signal <addr>          |          |
    |     diA            | connected to signal <GND>           |          |
    |     doA            | connected to signal <dout>          |          |
    -----------------------------------------------------------------------
Unit <Sbox> synthesized (advanced).

=========================================================================
Advanced HDL Synthesis Report

Macro Statistics
# RAMs                                                 : 160
 256x8-bit single-port distributed Read Only RAM       : 160
# Registers                                            : 2590
 Flip-Flops                                            : 2590
# Xors                                                 : 50
 32-bit xor2                                           : 50

=========================================================================

=========================================================================
*                         Low Level Synthesis                           *
=========================================================================

Optimizing unit <Keyexpantion> ...

Optimizing unit <RoundkeyGen> ...

Mapping all equations...
Building and optimizing final netlist ...
Found area constraint ratio of 100 (+ 5) on block Keyexpantion, actual ratio is 7.

Final Macro Processing ...

=========================================================================
Final Register Report

Macro Statistics
# Registers                                            : 2590
 Flip-Flops                                            : 2590

=========================================================================

=========================================================================
*                           Partition Report                            *
=========================================================================

Partition Implementation Status
-------------------------------

  No Partitions were found in this design.

-------------------------------

=========================================================================
*                            Design Summary                             *
=========================================================================

Top Level Output File Name         : Keyexpantion.ngc

Primitive and Black Box Usage:
------------------------------
# BELS                             : 3521
#      INV                         : 1
#      LUT2                        : 320
#      LUT3                        : 320
#      LUT4                        : 320
#      LUT5                        : 320
#      LUT6                        : 1280
#      MUXF7                       : 640
#      MUXF8                       : 320
# FlipFlops/Latches                : 2590
#      FDC                         : 30
#      FDCE                        : 2560
# Clock Buffers                    : 1
#      BUFGP                       : 1
# IO Buffers                       : 1420
#      IBUF                        : 130
#      OBUF                        : 1290

Device utilization summary:
---------------------------

Selected Device : 7a100tfgg676-1 


Slice Logic Utilization: 
 Number of Slice Registers:            2590  out of  126800     2%  
 Number of Slice LUTs:                 2561  out of  63400     4%  
    Number used as Logic:              2561  out of  63400     4%  

Slice Logic Distribution: 
 Number of LUT Flip Flop pairs used:   3871
   Number with an unused Flip Flop:    1281  out of   3871    33%  
   Number with an unused LUT:          1310  out of   3871    33%  
   Number of fully used LUT-FF pairs:  1280  out of   3871    33%  
   Number of unique control sets:        21

IO Utilization: 
 Number of IOs:                        1421
 Number of bonded IOBs:                1421  out of    300   473% (*) 

Specific Feature Utilization:
 Number of BUFG/BUFGCTRLs:                1  out of     32     3%  

WARNING:Xst:1336 -  (*) More than 100% of Device resources are used

---------------------------
Partition Resource Summary:
---------------------------

  No Partitions were found in this design.

---------------------------


=========================================================================
Timing Report

NOTE: THESE TIMING NUMBERS ARE ONLY A SYNTHESIS ESTIMATE.
      FOR ACCURATE TIMING INFORMATION PLEASE REFER TO THE TRACE REPORT
      GENERATED AFTER PLACE-and-ROUTE.

Clock Information:
------------------
-----------------------------------+------------------------+-------+
Clock Signal                       | Clock buffer(FF name)  | Load  |
-----------------------------------+------------------------+-------+
clk                                | BUFGP                  | 2590  |
-----------------------------------+------------------------+-------+

Asynchronous Control Signals Information:
----------------------------------------
No asynchronous control signals found in this design

Timing Summary:
---------------
Speed Grade: -1

   Minimum period: 2.953ns (Maximum Frequency: 338.642MHz)
   Minimum input arrival time before clock: 2.476ns
   Maximum output required time after clock: 1.030ns
   Maximum combinational path delay: No path found

Timing Details:
---------------
All values displayed in nanoseconds (ns)

=========================================================================
Timing constraint: Default period analysis for Clock 'clk'
  Clock period: 2.953ns (frequency: 338.642MHz)
  Total number of paths / destination ports: 37853 / 5021
-------------------------------------------------------------------------
Delay:               2.953ns (Levels of Logic = 4)
  Source:            ROUND_KEY_GEN[8].RKGEN_U/round_key_16 (FF)
  Destination:       ROUND_KEY_GEN[9].RKGEN_U/round_key_delay_127 (FF)
  Source Clock:      clk rising
  Destination Clock: clk rising

  Data Path: ROUND_KEY_GEN[8].RKGEN_U/round_key_16 to ROUND_KEY_GEN[9].RKGEN_U/round_key_delay_127
                                Gate     Net
    Cell:in->out      fanout   Delay   Delay  Logical Name (Net Name)
    ----------------------------------------  ------------
     FDCE:C->Q            34   0.478   1.092  ROUND_KEY_GEN[8].RKGEN_U/round_key_16 (ROUND_KEY_GEN[8].RKGEN_U/round_key_16)
     LUT6:I0->O            1   0.124   0.000  ROUND_KEY_GEN[9].RKGEN_U/SUB_U_ROM[3].u_sbox/Mram_dout23 (ROUND_KEY_GEN[9].RKGEN_U/SUB_U_ROM[3].u_sbox/Mram_dout23)
     MUXF7:I1->O           1   0.368   0.000  ROUND_KEY_GEN[9].RKGEN_U/SUB_U_ROM[3].u_sbox/Mram_dout2_f7_0 (ROUND_KEY_GEN[9].RKGEN_U/SUB_U_ROM[3].u_sbox/Mram_dout2_f71)
     MUXF8:I0->O           4   0.296   0.441  ROUND_KEY_GEN[9].RKGEN_U/SUB_U_ROM[3].u_sbox/Mram_dout2_f8 (ROUND_KEY_GEN[9].RKGEN_U/n0018<25>)
     LUT2:I1->O            1   0.124   0.000  ROUND_KEY_GEN[9].RKGEN_U/temp_round_key<121>1 (ROUND_KEY_GEN[9].RKGEN_U/temp_round_key<121>)
     FDCE:D                    0.030          ROUND_KEY_GEN[9].RKGEN_U/round_key_delay_121
    ----------------------------------------
    Total                      2.953ns (1.420ns logic, 1.533ns route)
                                       (48.1% logic, 51.9% route)

=========================================================================
Timing constraint: Default OFFSET IN BEFORE for Clock 'clk'
  Total number of paths / destination ports: 6367 / 2719
-------------------------------------------------------------------------
Offset:              2.476ns (Levels of Logic = 5)
  Source:            cipher_key<16> (PAD)
  Destination:       RKGEN_U0/round_key_delay_127 (FF)
  Destination Clock: clk rising

  Data Path: cipher_key<16> to RKGEN_U0/round_key_delay_127
                                Gate     Net
    Cell:in->out      fanout   Delay   Delay  Logical Name (Net Name)
    ----------------------------------------  ------------
     IBUF:I->O            33   0.001   1.092  cipher_key_16_IBUF (cipher_key_16_IBUF)
     LUT6:I0->O            1   0.124   0.000  RKGEN_U0/SUB_U_ROM[3].u_sbox/Mram_dout23 (RKGEN_U0/SUB_U_ROM[3].u_sbox/Mram_dout23)
     MUXF7:I1->O           1   0.368   0.000  RKGEN_U0/SUB_U_ROM[3].u_sbox/Mram_dout2_f7_0 (RKGEN_U0/SUB_U_ROM[3].u_sbox/Mram_dout2_f71)
     MUXF8:I0->O           4   0.296   0.441  RKGEN_U0/SUB_U_ROM[3].u_sbox/Mram_dout2_f8 (RKGEN_U0/n0018<25>)
     LUT2:I1->O            1   0.124   0.000  RKGEN_U0/temp_round_key<121>1 (RKGEN_U0/temp_round_key<121>)
     FDCE:D                    0.030          RKGEN_U0/round_key_delay_121
    ----------------------------------------
    Total                      2.476ns (0.943ns logic, 1.533ns route)
                                       (38.1% logic, 61.9% route)

=========================================================================
Timing constraint: Default OFFSET OUT AFTER for Clock 'clk'
  Total number of paths / destination ports: 1290 / 1290
-------------------------------------------------------------------------
Offset:              1.030ns (Levels of Logic = 1)
  Source:            RKGEN_U0/round_key_29 (FF)
  Destination:       W<1181> (PAD)
  Source Clock:      clk rising

  Data Path: RKGEN_U0/round_key_29 to W<1181>
                                Gate     Net
    Cell:in->out      fanout   Delay   Delay  Logical Name (Net Name)
    ----------------------------------------  ------------
     FDCE:C->Q            34   0.478   0.552  RKGEN_U0/round_key_29 (RKGEN_U0/round_key_29)
     OBUF:I->O                 0.000          W_1181_OBUF (W<1181>)
    ----------------------------------------
    Total                      1.030ns (0.478ns logic, 0.552ns route)
                                       (46.4% logic, 53.6% route)

=========================================================================

Cross Clock Domains Report:
--------------------------

Clock to Setup on destination clock clk
---------------+---------+---------+---------+---------+
               | Src:Rise| Src:Fall| Src:Rise| Src:Fall|
Source Clock   |Dest:Rise|Dest:Rise|Dest:Fall|Dest:Fall|
---------------+---------+---------+---------+---------+
clk            |    2.953|         |         |         |
---------------+---------+---------+---------+---------+

=========================================================================


Total REAL time to Xst completion: 18.00 secs
Total CPU time to Xst completion: 18.25 secs
 
--> 

Total memory usage is 4630900 kilobytes

Number of errors   :    0 (   0 filtered)
Number of warnings :  122 (   0 filtered)
Number of infos    :    1 (   0 filtered)

