--------------------------------------------------------------------------------
Release 14.7 Trace  (nt64)
Copyright (c) 1995-2013 Xilinx, Inc.  All rights reserved.

D:\14.7\ISE_DS\ISE\bin\nt64\unwrapped\trce.exe -intstyle ise -v 3 -s 1 -n 3
-fastpaths -xml RoundkeyGen.twx RoundkeyGen.ncd -o RoundkeyGen.twr
RoundkeyGen.pcf

Design file:              RoundkeyGen.ncd
Physical constraint file: RoundkeyGen.pcf
Device,package,speed:     xc7a100t,fgg676,C,-1 (PRODUCTION 1.10 2013-10-13)
Report level:             verbose report

Environment Variable      Effect 
--------------------      ------ 
NONE                      No environment variables were set
--------------------------------------------------------------------------------

INFO:Timing:2698 - No timing constraints found, doing default enumeration.
INFO:Timing:3412 - To improve timing, see the Timing Closure User Guide (UG612).
INFO:Timing:2752 - To get complete path coverage, use the unconstrained paths 
   option. All paths that are not constrained will be reported in the 
   unconstrained paths section(s) of the report.
INFO:Timing:3339 - The clock-to-out numbers in this timing report are based on 
   a 50 Ohm transmission line loading model.  For the details of this model, 
   and for more information on accounting for different loading conditions, 
   please see the device datasheet.



Data Sheet report:
-----------------
All values displayed in nanoseconds (ns)

Setup/Hold to clock clk
------------+------------+------------+------------+------------+------------------+--------+
            |Max Setup to|  Process   |Max Hold to |  Process   |                  | Clock  |
Source      | clk (edge) |   Corner   | clk (edge) |   Corner   |Internal Clock(s) | Phase  |
------------+------------+------------+------------+------------+------------------+--------+
RCON<0>     |    0.825(R)|      FAST  |    1.094(R)|      SLOW  |clk_BUFGP         |   0.000|
RCON<1>     |    0.878(R)|      FAST  |    1.107(R)|      SLOW  |clk_BUFGP         |   0.000|
RCON<2>     |    0.769(R)|      FAST  |    1.261(R)|      SLOW  |clk_BUFGP         |   0.000|
RCON<3>     |    1.020(R)|      SLOW  |    0.666(R)|      SLOW  |clk_BUFGP         |   0.000|
RCON<4>     |    1.171(R)|      SLOW  |    1.006(R)|      SLOW  |clk_BUFGP         |   0.000|
RCON<5>     |    1.143(R)|      SLOW  |    0.917(R)|      SLOW  |clk_BUFGP         |   0.000|
RCON<6>     |    0.844(R)|      FAST  |    1.056(R)|      SLOW  |clk_BUFGP         |   0.000|
RCON<7>     |    0.811(R)|      FAST  |    0.946(R)|      SLOW  |clk_BUFGP         |   0.000|
RCON<8>     |    0.856(R)|      FAST  |    0.943(R)|      SLOW  |clk_BUFGP         |   0.000|
RCON<9>     |    1.101(R)|      SLOW  |    1.135(R)|      SLOW  |clk_BUFGP         |   0.000|
RCON<10>    |    1.063(R)|      SLOW  |    0.784(R)|      SLOW  |clk_BUFGP         |   0.000|
RCON<11>    |    0.844(R)|      FAST  |    0.991(R)|      SLOW  |clk_BUFGP         |   0.000|
RCON<12>    |    0.859(R)|      FAST  |    0.841(R)|      SLOW  |clk_BUFGP         |   0.000|
RCON<13>    |    0.862(R)|      FAST  |    1.099(R)|      SLOW  |clk_BUFGP         |   0.000|
RCON<14>    |    0.812(R)|      FAST  |    0.968(R)|      SLOW  |clk_BUFGP         |   0.000|
RCON<15>    |    1.477(R)|      SLOW  |    0.629(R)|      SLOW  |clk_BUFGP         |   0.000|
RCON<16>    |    1.384(R)|      SLOW  |    0.688(R)|      SLOW  |clk_BUFGP         |   0.000|
RCON<17>    |    1.466(R)|      SLOW  |    0.444(R)|      SLOW  |clk_BUFGP         |   0.000|
RCON<18>    |    1.138(R)|      SLOW  |    0.496(R)|      SLOW  |clk_BUFGP         |   0.000|
RCON<19>    |    1.640(R)|      SLOW  |    0.236(R)|      SLOW  |clk_BUFGP         |   0.000|
RCON<20>    |    1.957(R)|      SLOW  |    0.443(R)|      SLOW  |clk_BUFGP         |   0.000|
RCON<21>    |    1.145(R)|      SLOW  |    1.459(R)|      SLOW  |clk_BUFGP         |   0.000|
RCON<22>    |    1.059(R)|      SLOW  |    1.549(R)|      SLOW  |clk_BUFGP         |   0.000|
RCON<23>    |    0.700(R)|      FAST  |    1.227(R)|      SLOW  |clk_BUFGP         |   0.000|
RCON<24>    |    0.532(R)|      FAST  |    1.401(R)|      SLOW  |clk_BUFGP         |   0.000|
RCON<25>    |    0.696(R)|      FAST  |    1.500(R)|      SLOW  |clk_BUFGP         |   0.000|
RCON<26>    |    1.034(R)|      SLOW  |    1.341(R)|      SLOW  |clk_BUFGP         |   0.000|
RCON<27>    |    0.897(R)|      SLOW  |    1.040(R)|      SLOW  |clk_BUFGP         |   0.000|
RCON<28>    |    0.739(R)|      FAST  |    1.387(R)|      SLOW  |clk_BUFGP         |   0.000|
RCON<29>    |    0.770(R)|      FAST  |    1.197(R)|      SLOW  |clk_BUFGP         |   0.000|
RCON<30>    |    1.164(R)|      SLOW  |    1.031(R)|      SLOW  |clk_BUFGP         |   0.000|
RCON<31>    |    0.876(R)|      SLOW  |    0.834(R)|      SLOW  |clk_BUFGP         |   0.000|
key<0>      |    1.928(R)|      SLOW  |    0.649(R)|      SLOW  |clk_BUFGP         |   0.000|
key<1>      |    2.758(R)|      SLOW  |    0.959(R)|      SLOW  |clk_BUFGP         |   0.000|
key<2>      |    2.870(R)|      SLOW  |    0.982(R)|      SLOW  |clk_BUFGP         |   0.000|
key<3>      |    2.983(R)|      SLOW  |    0.542(R)|      SLOW  |clk_BUFGP         |   0.000|
key<4>      |    2.127(R)|      SLOW  |    0.826(R)|      SLOW  |clk_BUFGP         |   0.000|
key<5>      |    2.299(R)|      SLOW  |    0.872(R)|      SLOW  |clk_BUFGP         |   0.000|
key<6>      |    2.169(R)|      SLOW  |    0.662(R)|      SLOW  |clk_BUFGP         |   0.000|
key<7>      |    2.933(R)|      SLOW  |    1.153(R)|      SLOW  |clk_BUFGP         |   0.000|
key<8>      |    3.327(R)|      SLOW  |    0.788(R)|      SLOW  |clk_BUFGP         |   0.000|
key<9>      |    3.256(R)|      SLOW  |    0.738(R)|      SLOW  |clk_BUFGP         |   0.000|
key<10>     |    2.762(R)|      SLOW  |    1.701(R)|      SLOW  |clk_BUFGP         |   0.000|
key<11>     |    3.363(R)|      SLOW  |    0.682(R)|      SLOW  |clk_BUFGP         |   0.000|
key<12>     |    2.925(R)|      SLOW  |    1.132(R)|      SLOW  |clk_BUFGP         |   0.000|
key<13>     |    2.698(R)|      SLOW  |    1.129(R)|      SLOW  |clk_BUFGP         |   0.000|
key<14>     |    2.864(R)|      SLOW  |    1.292(R)|      SLOW  |clk_BUFGP         |   0.000|
key<15>     |    2.009(R)|      SLOW  |    1.526(R)|      SLOW  |clk_BUFGP         |   0.000|
key<16>     |    2.116(R)|      SLOW  |    0.758(R)|      SLOW  |clk_BUFGP         |   0.000|
key<17>     |    2.666(R)|      SLOW  |    0.362(R)|      SLOW  |clk_BUFGP         |   0.000|
key<18>     |    2.572(R)|      SLOW  |    0.544(R)|      SLOW  |clk_BUFGP         |   0.000|
key<19>     |    2.305(R)|      SLOW  |    0.529(R)|      SLOW  |clk_BUFGP         |   0.000|
key<20>     |    2.765(R)|      SLOW  |    0.351(R)|      SLOW  |clk_BUFGP         |   0.000|
key<21>     |    2.118(R)|      SLOW  |    0.528(R)|      SLOW  |clk_BUFGP         |   0.000|
key<22>     |    1.818(R)|      SLOW  |    1.204(R)|      SLOW  |clk_BUFGP         |   0.000|
key<23>     |    2.687(R)|      SLOW  |    0.491(R)|      SLOW  |clk_BUFGP         |   0.000|
key<24>     |    2.282(R)|      SLOW  |    0.628(R)|      SLOW  |clk_BUFGP         |   0.000|
key<25>     |    2.223(R)|      SLOW  |    0.861(R)|      SLOW  |clk_BUFGP         |   0.000|
key<26>     |    2.691(R)|      SLOW  |    0.834(R)|      SLOW  |clk_BUFGP         |   0.000|
key<27>     |    2.981(R)|      SLOW  |    0.657(R)|      SLOW  |clk_BUFGP         |   0.000|
key<28>     |    2.539(R)|      SLOW  |    0.499(R)|      SLOW  |clk_BUFGP         |   0.000|
key<29>     |    2.389(R)|      SLOW  |    0.621(R)|      SLOW  |clk_BUFGP         |   0.000|
key<30>     |    2.011(R)|      SLOW  |    0.721(R)|      SLOW  |clk_BUFGP         |   0.000|
key<31>     |    2.584(R)|      SLOW  |    0.163(R)|      SLOW  |clk_BUFGP         |   0.000|
key<32>     |    0.217(R)|      FAST  |    2.293(R)|      SLOW  |clk_BUFGP         |   0.000|
key<33>     |    0.093(R)|      FAST  |    2.433(R)|      SLOW  |clk_BUFGP         |   0.000|
key<34>     |    0.090(R)|      FAST  |    2.263(R)|      SLOW  |clk_BUFGP         |   0.000|
key<35>     |    0.500(R)|      FAST  |    1.759(R)|      SLOW  |clk_BUFGP         |   0.000|
key<36>     |    0.512(R)|      FAST  |    1.737(R)|      SLOW  |clk_BUFGP         |   0.000|
key<37>     |    0.423(R)|      FAST  |    1.872(R)|      SLOW  |clk_BUFGP         |   0.000|
key<38>     |    0.351(R)|      FAST  |    1.852(R)|      SLOW  |clk_BUFGP         |   0.000|
key<39>     |    0.505(R)|      FAST  |    1.616(R)|      SLOW  |clk_BUFGP         |   0.000|
key<40>     |    0.082(R)|      FAST  |    2.491(R)|      SLOW  |clk_BUFGP         |   0.000|
key<41>     |    0.041(R)|      FAST  |    2.210(R)|      SLOW  |clk_BUFGP         |   0.000|
key<42>     |    0.329(R)|      FAST  |    1.769(R)|      SLOW  |clk_BUFGP         |   0.000|
key<43>     |    0.163(R)|      FAST  |    2.087(R)|      SLOW  |clk_BUFGP         |   0.000|
key<44>     |    0.325(R)|      FAST  |    1.903(R)|      SLOW  |clk_BUFGP         |   0.000|
key<45>     |    0.609(R)|      FAST  |    1.612(R)|      SLOW  |clk_BUFGP         |   0.000|
key<46>     |    0.429(R)|      FAST  |    1.811(R)|      SLOW  |clk_BUFGP         |   0.000|
key<47>     |    0.639(R)|      FAST  |    1.507(R)|      SLOW  |clk_BUFGP         |   0.000|
key<48>     |    0.250(R)|      FAST  |    1.867(R)|      SLOW  |clk_BUFGP         |   0.000|
key<49>     |    0.261(R)|      FAST  |    1.965(R)|      SLOW  |clk_BUFGP         |   0.000|
key<50>     |   -0.252(R)|      FAST  |    2.756(R)|      SLOW  |clk_BUFGP         |   0.000|
key<51>     |   -0.112(R)|      FAST  |    2.796(R)|      SLOW  |clk_BUFGP         |   0.000|
key<52>     |    0.153(R)|      FAST  |    2.397(R)|      SLOW  |clk_BUFGP         |   0.000|
key<53>     |    0.279(R)|      FAST  |    2.193(R)|      SLOW  |clk_BUFGP         |   0.000|
key<54>     |    0.253(R)|      FAST  |    2.215(R)|      SLOW  |clk_BUFGP         |   0.000|
key<55>     |    0.040(R)|      FAST  |    2.463(R)|      SLOW  |clk_BUFGP         |   0.000|
key<56>     |    0.021(R)|      FAST  |    2.427(R)|      SLOW  |clk_BUFGP         |   0.000|
key<57>     |    0.095(R)|      FAST  |    2.309(R)|      SLOW  |clk_BUFGP         |   0.000|
key<58>     |    0.136(R)|      FAST  |    2.198(R)|      SLOW  |clk_BUFGP         |   0.000|
key<59>     |   -0.101(R)|      FAST  |    2.687(R)|      SLOW  |clk_BUFGP         |   0.000|
key<60>     |    0.021(R)|      FAST  |    2.326(R)|      SLOW  |clk_BUFGP         |   0.000|
key<61>     |   -0.151(R)|      FAST  |    2.656(R)|      SLOW  |clk_BUFGP         |   0.000|
key<62>     |    0.490(R)|      FAST  |    1.538(R)|      SLOW  |clk_BUFGP         |   0.000|
key<63>     |    0.269(R)|      FAST  |    1.953(R)|      SLOW  |clk_BUFGP         |   0.000|
key<64>     |    0.230(R)|      FAST  |    2.355(R)|      SLOW  |clk_BUFGP         |   0.000|
key<65>     |    0.021(R)|      FAST  |    2.270(R)|      SLOW  |clk_BUFGP         |   0.000|
key<66>     |    0.337(R)|      FAST  |    2.224(R)|      SLOW  |clk_BUFGP         |   0.000|
key<67>     |    0.098(R)|      FAST  |    2.552(R)|      SLOW  |clk_BUFGP         |   0.000|
key<68>     |    0.163(R)|      FAST  |    2.145(R)|      SLOW  |clk_BUFGP         |   0.000|
key<69>     |    0.197(R)|      FAST  |    2.444(R)|      SLOW  |clk_BUFGP         |   0.000|
key<70>     |    0.420(R)|      FAST  |    1.745(R)|      SLOW  |clk_BUFGP         |   0.000|
key<71>     |    0.218(R)|      FAST  |    1.981(R)|      SLOW  |clk_BUFGP         |   0.000|
key<72>     |    0.092(R)|      FAST  |    2.200(R)|      SLOW  |clk_BUFGP         |   0.000|
key<73>     |    0.066(R)|      FAST  |    2.494(R)|      SLOW  |clk_BUFGP         |   0.000|
key<74>     |    0.153(R)|      FAST  |    2.491(R)|      SLOW  |clk_BUFGP         |   0.000|
key<75>     |   -0.095(R)|      FAST  |    2.572(R)|      SLOW  |clk_BUFGP         |   0.000|
key<76>     |    0.383(R)|      FAST  |    2.321(R)|      SLOW  |clk_BUFGP         |   0.000|
key<77>     |    0.243(R)|      FAST  |    2.203(R)|      SLOW  |clk_BUFGP         |   0.000|
key<78>     |    0.419(R)|      FAST  |    1.691(R)|      SLOW  |clk_BUFGP         |   0.000|
key<79>     |    0.104(R)|      FAST  |    2.142(R)|      SLOW  |clk_BUFGP         |   0.000|
key<80>     |    0.314(R)|      FAST  |    2.120(R)|      SLOW  |clk_BUFGP         |   0.000|
key<81>     |    0.252(R)|      FAST  |    1.863(R)|      SLOW  |clk_BUFGP         |   0.000|
key<82>     |    0.195(R)|      FAST  |    2.172(R)|      SLOW  |clk_BUFGP         |   0.000|
key<83>     |    0.273(R)|      FAST  |    2.095(R)|      SLOW  |clk_BUFGP         |   0.000|
key<84>     |    0.592(R)|      FAST  |    1.577(R)|      SLOW  |clk_BUFGP         |   0.000|
key<85>     |    0.699(R)|      FAST  |    1.784(R)|      SLOW  |clk_BUFGP         |   0.000|
key<86>     |    0.561(R)|      FAST  |    1.417(R)|      SLOW  |clk_BUFGP         |   0.000|
key<87>     |    0.466(R)|      FAST  |    1.654(R)|      SLOW  |clk_BUFGP         |   0.000|
key<88>     |    0.443(R)|      FAST  |    2.121(R)|      SLOW  |clk_BUFGP         |   0.000|
key<89>     |    0.462(R)|      FAST  |    1.637(R)|      SLOW  |clk_BUFGP         |   0.000|
key<90>     |    0.604(R)|      FAST  |    1.406(R)|      SLOW  |clk_BUFGP         |   0.000|
key<91>     |    0.293(R)|      FAST  |    1.889(R)|      SLOW  |clk_BUFGP         |   0.000|
key<92>     |    0.203(R)|      FAST  |    2.103(R)|      SLOW  |clk_BUFGP         |   0.000|
key<93>     |    0.315(R)|      FAST  |    2.011(R)|      SLOW  |clk_BUFGP         |   0.000|
key<94>     |    0.637(R)|      FAST  |    1.453(R)|      SLOW  |clk_BUFGP         |   0.000|
key<95>     |    0.542(R)|      FAST  |    1.652(R)|      SLOW  |clk_BUFGP         |   0.000|
key<96>     |    0.515(R)|      FAST  |    1.648(R)|      SLOW  |clk_BUFGP         |   0.000|
key<97>     |    0.757(R)|      FAST  |    1.962(R)|      SLOW  |clk_BUFGP         |   0.000|
key<98>     |    0.318(R)|      FAST  |    1.973(R)|      SLOW  |clk_BUFGP         |   0.000|
key<99>     |    0.802(R)|      FAST  |    1.383(R)|      SLOW  |clk_BUFGP         |   0.000|
key<100>    |    0.658(R)|      FAST  |    1.282(R)|      SLOW  |clk_BUFGP         |   0.000|
key<101>    |    0.655(R)|      FAST  |    1.501(R)|      SLOW  |clk_BUFGP         |   0.000|
key<102>    |    0.579(R)|      FAST  |    1.521(R)|      SLOW  |clk_BUFGP         |   0.000|
key<103>    |    0.675(R)|      FAST  |    1.425(R)|      SLOW  |clk_BUFGP         |   0.000|
key<104>    |    0.920(R)|      FAST  |    1.744(R)|      SLOW  |clk_BUFGP         |   0.000|
key<105>    |    0.622(R)|      FAST  |    1.761(R)|      SLOW  |clk_BUFGP         |   0.000|
key<106>    |    0.512(R)|      FAST  |    1.717(R)|      SLOW  |clk_BUFGP         |   0.000|
key<107>    |    0.476(R)|      FAST  |    2.096(R)|      SLOW  |clk_BUFGP         |   0.000|
key<108>    |    0.538(R)|      FAST  |    1.616(R)|      SLOW  |clk_BUFGP         |   0.000|
key<109>    |    0.615(R)|      FAST  |    1.400(R)|      SLOW  |clk_BUFGP         |   0.000|
key<110>    |    0.643(R)|      FAST  |    1.473(R)|      SLOW  |clk_BUFGP         |   0.000|
key<111>    |    0.732(R)|      FAST  |    1.269(R)|      SLOW  |clk_BUFGP         |   0.000|
key<112>    |    1.322(R)|      SLOW  |    0.858(R)|      SLOW  |clk_BUFGP         |   0.000|
key<113>    |    1.055(R)|      FAST  |    0.678(R)|      SLOW  |clk_BUFGP         |   0.000|
key<114>    |    0.858(R)|      FAST  |    1.201(R)|      SLOW  |clk_BUFGP         |   0.000|
key<115>    |    0.780(R)|      FAST  |    1.118(R)|      SLOW  |clk_BUFGP         |   0.000|
key<116>    |    1.057(R)|      SLOW  |    1.007(R)|      SLOW  |clk_BUFGP         |   0.000|
key<117>    |    1.447(R)|      SLOW  |    0.809(R)|      SLOW  |clk_BUFGP         |   0.000|
key<118>    |    0.980(R)|      FAST  |    0.895(R)|      SLOW  |clk_BUFGP         |   0.000|
key<119>    |    1.020(R)|      SLOW  |    1.147(R)|      SLOW  |clk_BUFGP         |   0.000|
key<120>    |    0.876(R)|      FAST  |    1.055(R)|      SLOW  |clk_BUFGP         |   0.000|
key<121>    |    0.792(R)|      FAST  |    1.228(R)|      SLOW  |clk_BUFGP         |   0.000|
key<122>    |    0.749(R)|      FAST  |    1.002(R)|      SLOW  |clk_BUFGP         |   0.000|
key<123>    |    0.736(R)|      FAST  |    1.324(R)|      SLOW  |clk_BUFGP         |   0.000|
key<124>    |    1.821(R)|      SLOW  |    0.250(R)|      SLOW  |clk_BUFGP         |   0.000|
key<125>    |    1.041(R)|      SLOW  |    0.671(R)|      SLOW  |clk_BUFGP         |   0.000|
key<126>    |    0.900(R)|      FAST  |    0.690(R)|      SLOW  |clk_BUFGP         |   0.000|
key<127>    |    0.918(R)|      FAST  |    1.014(R)|      SLOW  |clk_BUFGP         |   0.000|
reset       |    4.464(R)|      SLOW  |    0.801(R)|      SLOW  |clk_BUFGP         |   0.000|
valid_in    |    0.267(R)|      FAST  |    1.719(R)|      SLOW  |clk_BUFGP         |   0.000|
------------+------------+------------+------------+------------+------------------+--------+

Clock clk to Pad
--------------+-----------------+------------+-----------------+------------+------------------+--------+
              |Max (slowest) clk|  Process   |Min (fastest) clk|  Process   |                  | Clock  |
Destination   |  (edge) to PAD  |   Corner   |  (edge) to PAD  |   Corner   |Internal Clock(s) | Phase  |
--------------+-----------------+------------+-----------------+------------+------------------+--------+
round_key<0>  |        11.791(R)|      SLOW  |         4.090(R)|      FAST  |clk_BUFGP         |   0.000|
round_key<1>  |        11.977(R)|      SLOW  |         4.156(R)|      FAST  |clk_BUFGP         |   0.000|
round_key<2>  |        11.741(R)|      SLOW  |         4.076(R)|      FAST  |clk_BUFGP         |   0.000|
round_key<3>  |        11.767(R)|      SLOW  |         4.121(R)|      FAST  |clk_BUFGP         |   0.000|
round_key<4>  |        11.556(R)|      SLOW  |         4.000(R)|      FAST  |clk_BUFGP         |   0.000|
round_key<5>  |        11.916(R)|      SLOW  |         4.161(R)|      FAST  |clk_BUFGP         |   0.000|
round_key<6>  |        11.726(R)|      SLOW  |         4.070(R)|      FAST  |clk_BUFGP         |   0.000|
round_key<7>  |        11.675(R)|      SLOW  |         4.037(R)|      FAST  |clk_BUFGP         |   0.000|
round_key<8>  |        11.665(R)|      SLOW  |         4.006(R)|      FAST  |clk_BUFGP         |   0.000|
round_key<9>  |        11.705(R)|      SLOW  |         4.067(R)|      FAST  |clk_BUFGP         |   0.000|
round_key<10> |        11.931(R)|      SLOW  |         4.132(R)|      FAST  |clk_BUFGP         |   0.000|
round_key<11> |        11.610(R)|      SLOW  |         3.970(R)|      FAST  |clk_BUFGP         |   0.000|
round_key<12> |        11.853(R)|      SLOW  |         4.084(R)|      FAST  |clk_BUFGP         |   0.000|
round_key<13> |        11.981(R)|      SLOW  |         4.158(R)|      FAST  |clk_BUFGP         |   0.000|
round_key<14> |        11.948(R)|      SLOW  |         4.111(R)|      FAST  |clk_BUFGP         |   0.000|
round_key<15> |        11.724(R)|      SLOW  |         4.032(R)|      FAST  |clk_BUFGP         |   0.000|
round_key<16> |        11.730(R)|      SLOW  |         4.109(R)|      FAST  |clk_BUFGP         |   0.000|
round_key<17> |        11.738(R)|      SLOW  |         4.091(R)|      FAST  |clk_BUFGP         |   0.000|
round_key<18> |        11.720(R)|      SLOW  |         4.038(R)|      FAST  |clk_BUFGP         |   0.000|
round_key<19> |        11.407(R)|      SLOW  |         3.926(R)|      FAST  |clk_BUFGP         |   0.000|
round_key<20> |        11.173(R)|      SLOW  |         3.854(R)|      FAST  |clk_BUFGP         |   0.000|
round_key<21> |        11.404(R)|      SLOW  |         3.979(R)|      FAST  |clk_BUFGP         |   0.000|
round_key<22> |        11.246(R)|      SLOW  |         3.853(R)|      FAST  |clk_BUFGP         |   0.000|
round_key<23> |        11.268(R)|      SLOW  |         3.940(R)|      FAST  |clk_BUFGP         |   0.000|
round_key<24> |        11.067(R)|      SLOW  |         3.788(R)|      FAST  |clk_BUFGP         |   0.000|
round_key<25> |        11.343(R)|      SLOW  |         3.973(R)|      FAST  |clk_BUFGP         |   0.000|
round_key<26> |        11.307(R)|      SLOW  |         3.931(R)|      FAST  |clk_BUFGP         |   0.000|
round_key<27> |        11.264(R)|      SLOW  |         3.913(R)|      FAST  |clk_BUFGP         |   0.000|
round_key<28> |        11.511(R)|      SLOW  |         4.055(R)|      FAST  |clk_BUFGP         |   0.000|
round_key<29> |        11.428(R)|      SLOW  |         3.983(R)|      FAST  |clk_BUFGP         |   0.000|
round_key<30> |        11.360(R)|      SLOW  |         3.976(R)|      FAST  |clk_BUFGP         |   0.000|
round_key<31> |        11.039(R)|      SLOW  |         3.795(R)|      FAST  |clk_BUFGP         |   0.000|
round_key<32> |        11.822(R)|      SLOW  |         4.175(R)|      FAST  |clk_BUFGP         |   0.000|
round_key<33> |        11.640(R)|      SLOW  |         4.070(R)|      FAST  |clk_BUFGP         |   0.000|
round_key<34> |        11.317(R)|      SLOW  |         3.859(R)|      FAST  |clk_BUFGP         |   0.000|
round_key<35> |        11.481(R)|      SLOW  |         4.021(R)|      FAST  |clk_BUFGP         |   0.000|
round_key<36> |        11.095(R)|      SLOW  |         3.863(R)|      FAST  |clk_BUFGP         |   0.000|
round_key<37> |        11.161(R)|      SLOW  |         3.885(R)|      FAST  |clk_BUFGP         |   0.000|
round_key<38> |        11.048(R)|      SLOW  |         3.859(R)|      FAST  |clk_BUFGP         |   0.000|
round_key<39> |        10.946(R)|      SLOW  |         3.791(R)|      FAST  |clk_BUFGP         |   0.000|
round_key<40> |        10.940(R)|      SLOW  |         3.814(R)|      FAST  |clk_BUFGP         |   0.000|
round_key<41> |        10.964(R)|      SLOW  |         3.817(R)|      FAST  |clk_BUFGP         |   0.000|
round_key<42> |        11.057(R)|      SLOW  |         3.830(R)|      FAST  |clk_BUFGP         |   0.000|
round_key<43> |        10.864(R)|      SLOW  |         3.723(R)|      FAST  |clk_BUFGP         |   0.000|
round_key<44> |        10.970(R)|      SLOW  |         3.749(R)|      FAST  |clk_BUFGP         |   0.000|
round_key<45> |        11.098(R)|      SLOW  |         3.847(R)|      FAST  |clk_BUFGP         |   0.000|
round_key<46> |        11.062(R)|      SLOW  |         3.772(R)|      FAST  |clk_BUFGP         |   0.000|
round_key<47> |        11.122(R)|      SLOW  |         3.807(R)|      FAST  |clk_BUFGP         |   0.000|
round_key<48> |        11.016(R)|      SLOW  |         3.783(R)|      FAST  |clk_BUFGP         |   0.000|
round_key<49> |        10.903(R)|      SLOW  |         3.753(R)|      FAST  |clk_BUFGP         |   0.000|
round_key<50> |        10.897(R)|      SLOW  |         3.742(R)|      FAST  |clk_BUFGP         |   0.000|
round_key<51> |        10.866(R)|      SLOW  |         3.723(R)|      FAST  |clk_BUFGP         |   0.000|
round_key<52> |        10.339(R)|      SLOW  |         3.497(R)|      FAST  |clk_BUFGP         |   0.000|
round_key<53> |        10.474(R)|      SLOW  |         3.544(R)|      FAST  |clk_BUFGP         |   0.000|
round_key<54> |        10.450(R)|      SLOW  |         3.530(R)|      FAST  |clk_BUFGP         |   0.000|
round_key<55> |        10.277(R)|      SLOW  |         3.458(R)|      FAST  |clk_BUFGP         |   0.000|
round_key<56> |        10.528(R)|      SLOW  |         3.601(R)|      FAST  |clk_BUFGP         |   0.000|
round_key<57> |        10.525(R)|      SLOW  |         3.595(R)|      FAST  |clk_BUFGP         |   0.000|
round_key<58> |        10.392(R)|      SLOW  |         3.543(R)|      FAST  |clk_BUFGP         |   0.000|
round_key<59> |        10.528(R)|      SLOW  |         3.607(R)|      FAST  |clk_BUFGP         |   0.000|
round_key<60> |        10.523(R)|      SLOW  |         3.593(R)|      FAST  |clk_BUFGP         |   0.000|
round_key<61> |        10.408(R)|      SLOW  |         3.544(R)|      FAST  |clk_BUFGP         |   0.000|
round_key<62> |        10.391(R)|      SLOW  |         3.540(R)|      FAST  |clk_BUFGP         |   0.000|
round_key<63> |        10.469(R)|      SLOW  |         3.563(R)|      FAST  |clk_BUFGP         |   0.000|
round_key<64> |        10.487(R)|      SLOW  |         3.591(R)|      FAST  |clk_BUFGP         |   0.000|
round_key<65> |        10.303(R)|      SLOW  |         3.503(R)|      FAST  |clk_BUFGP         |   0.000|
round_key<66> |        10.337(R)|      SLOW  |         3.537(R)|      FAST  |clk_BUFGP         |   0.000|
round_key<67> |        10.443(R)|      SLOW  |         3.577(R)|      FAST  |clk_BUFGP         |   0.000|
round_key<68> |        10.518(R)|      SLOW  |         3.603(R)|      FAST  |clk_BUFGP         |   0.000|
round_key<69> |        10.349(R)|      SLOW  |         3.532(R)|      FAST  |clk_BUFGP         |   0.000|
round_key<70> |        10.357(R)|      SLOW  |         3.556(R)|      FAST  |clk_BUFGP         |   0.000|
round_key<71> |        10.574(R)|      SLOW  |         3.659(R)|      FAST  |clk_BUFGP         |   0.000|
round_key<72> |        10.470(R)|      SLOW  |         3.577(R)|      FAST  |clk_BUFGP         |   0.000|
round_key<73> |        10.376(R)|      SLOW  |         3.550(R)|      FAST  |clk_BUFGP         |   0.000|
round_key<74> |        10.457(R)|      SLOW  |         3.570(R)|      FAST  |clk_BUFGP         |   0.000|
round_key<75> |        10.301(R)|      SLOW  |         3.506(R)|      FAST  |clk_BUFGP         |   0.000|
round_key<76> |        10.347(R)|      SLOW  |         3.543(R)|      FAST  |clk_BUFGP         |   0.000|
round_key<77> |        10.385(R)|      SLOW  |         3.577(R)|      FAST  |clk_BUFGP         |   0.000|
round_key<78> |        10.350(R)|      SLOW  |         3.555(R)|      FAST  |clk_BUFGP         |   0.000|
round_key<79> |        10.306(R)|      SLOW  |         3.521(R)|      FAST  |clk_BUFGP         |   0.000|
round_key<80> |        10.436(R)|      SLOW  |         3.575(R)|      FAST  |clk_BUFGP         |   0.000|
round_key<81> |        10.414(R)|      SLOW  |         3.577(R)|      FAST  |clk_BUFGP         |   0.000|
round_key<82> |        10.651(R)|      SLOW  |         3.696(R)|      FAST  |clk_BUFGP         |   0.000|
round_key<83> |        10.622(R)|      SLOW  |         3.659(R)|      FAST  |clk_BUFGP         |   0.000|
round_key<84> |        11.011(R)|      SLOW  |         3.868(R)|      FAST  |clk_BUFGP         |   0.000|
round_key<85> |        11.228(R)|      SLOW  |         3.898(R)|      FAST  |clk_BUFGP         |   0.000|
round_key<86> |        11.591(R)|      SLOW  |         4.007(R)|      FAST  |clk_BUFGP         |   0.000|
round_key<87> |        11.393(R)|      SLOW  |         3.922(R)|      FAST  |clk_BUFGP         |   0.000|
round_key<88> |        11.757(R)|      SLOW  |         4.154(R)|      FAST  |clk_BUFGP         |   0.000|
round_key<89> |        12.113(R)|      SLOW  |         4.307(R)|      FAST  |clk_BUFGP         |   0.000|
round_key<90> |        11.726(R)|      SLOW  |         4.117(R)|      FAST  |clk_BUFGP         |   0.000|
round_key<91> |        11.857(R)|      SLOW  |         4.138(R)|      FAST  |clk_BUFGP         |   0.000|
round_key<92> |        11.592(R)|      SLOW  |         4.020(R)|      FAST  |clk_BUFGP         |   0.000|
round_key<93> |        11.544(R)|      SLOW  |         3.986(R)|      FAST  |clk_BUFGP         |   0.000|
round_key<94> |        11.613(R)|      SLOW  |         4.035(R)|      FAST  |clk_BUFGP         |   0.000|
round_key<95> |        11.520(R)|      SLOW  |         4.015(R)|      FAST  |clk_BUFGP         |   0.000|
round_key<96> |        11.847(R)|      SLOW  |         4.156(R)|      FAST  |clk_BUFGP         |   0.000|
round_key<97> |        11.596(R)|      SLOW  |         3.993(R)|      FAST  |clk_BUFGP         |   0.000|
round_key<98> |        11.638(R)|      SLOW  |         4.014(R)|      FAST  |clk_BUFGP         |   0.000|
round_key<99> |        11.584(R)|      SLOW  |         4.042(R)|      FAST  |clk_BUFGP         |   0.000|
round_key<100>|        11.647(R)|      SLOW  |         4.035(R)|      FAST  |clk_BUFGP         |   0.000|
round_key<101>|        11.940(R)|      SLOW  |         4.276(R)|      FAST  |clk_BUFGP         |   0.000|
round_key<102>|        11.658(R)|      SLOW  |         4.029(R)|      FAST  |clk_BUFGP         |   0.000|
round_key<103>|        11.292(R)|      SLOW  |         3.897(R)|      FAST  |clk_BUFGP         |   0.000|
round_key<104>|        11.827(R)|      SLOW  |         4.146(R)|      FAST  |clk_BUFGP         |   0.000|
round_key<105>|        11.898(R)|      SLOW  |         4.242(R)|      FAST  |clk_BUFGP         |   0.000|
round_key<106>|        11.445(R)|      SLOW  |         3.973(R)|      FAST  |clk_BUFGP         |   0.000|
round_key<107>|        11.418(R)|      SLOW  |         3.990(R)|      FAST  |clk_BUFGP         |   0.000|
round_key<108>|        11.599(R)|      SLOW  |         4.020(R)|      FAST  |clk_BUFGP         |   0.000|
round_key<109>|        11.604(R)|      SLOW  |         4.149(R)|      FAST  |clk_BUFGP         |   0.000|
round_key<110>|        11.381(R)|      SLOW  |         3.973(R)|      FAST  |clk_BUFGP         |   0.000|
round_key<111>|        11.219(R)|      SLOW  |         3.936(R)|      FAST  |clk_BUFGP         |   0.000|
round_key<112>|        11.044(R)|      SLOW  |         3.791(R)|      FAST  |clk_BUFGP         |   0.000|
round_key<113>|        11.255(R)|      SLOW  |         4.027(R)|      FAST  |clk_BUFGP         |   0.000|
round_key<114>|        11.023(R)|      SLOW  |         3.783(R)|      FAST  |clk_BUFGP         |   0.000|
round_key<115>|        11.047(R)|      SLOW  |         3.867(R)|      FAST  |clk_BUFGP         |   0.000|
round_key<116>|        11.320(R)|      SLOW  |         3.874(R)|      FAST  |clk_BUFGP         |   0.000|
round_key<117>|        11.565(R)|      SLOW  |         4.146(R)|      FAST  |clk_BUFGP         |   0.000|
round_key<118>|        11.155(R)|      SLOW  |         3.908(R)|      FAST  |clk_BUFGP         |   0.000|
round_key<119>|        11.200(R)|      SLOW  |         3.905(R)|      FAST  |clk_BUFGP         |   0.000|
round_key<120>|        11.292(R)|      SLOW  |         3.941(R)|      FAST  |clk_BUFGP         |   0.000|
round_key<121>|        11.105(R)|      SLOW  |         3.803(R)|      FAST  |clk_BUFGP         |   0.000|
round_key<122>|        11.330(R)|      SLOW  |         3.909(R)|      FAST  |clk_BUFGP         |   0.000|
round_key<123>|        11.518(R)|      SLOW  |         4.110(R)|      FAST  |clk_BUFGP         |   0.000|
round_key<124>|        11.337(R)|      SLOW  |         4.005(R)|      FAST  |clk_BUFGP         |   0.000|
round_key<125>|        11.221(R)|      SLOW  |         3.993(R)|      FAST  |clk_BUFGP         |   0.000|
round_key<126>|        11.264(R)|      SLOW  |         3.917(R)|      FAST  |clk_BUFGP         |   0.000|
round_key<127>|        11.242(R)|      SLOW  |         3.951(R)|      FAST  |clk_BUFGP         |   0.000|
valid_out     |        11.811(R)|      SLOW  |         4.032(R)|      FAST  |clk_BUFGP         |   0.000|
--------------+-----------------+------------+-----------------+------------+------------------+--------+

Clock to Setup on destination clock clk
---------------+---------+---------+---------+---------+
               | Src:Rise| Src:Fall| Src:Rise| Src:Fall|
Source Clock   |Dest:Rise|Dest:Rise|Dest:Fall|Dest:Fall|
---------------+---------+---------+---------+---------+
clk            |    2.134|         |         |         |
---------------+---------+---------+---------+---------+


Analysis completed Sun Feb 23 23:05:57 2020 
--------------------------------------------------------------------------------

Trace Settings:
-------------------------
Trace Settings 

Peak Memory Usage: 5004 MB



