Release 14.7 - xst P.20131013 (nt64)
Copyright (c) 1995-2013 Xilinx, Inc.  All rights reserved.
--> Parameter TMPDIR set to xst/projnav.tmp


Total REAL time to Xst completion: 0.00 secs
Total CPU time to Xst completion: 0.11 secs
 
--> Parameter xsthdpdir set to xst


Total REAL time to Xst completion: 0.00 secs
Total CPU time to Xst completion: 0.11 secs
 
--> Reading design: RoundkeyGen.prj

TABLE OF CONTENTS
  1) Synthesis Options Summary
  2) HDL Parsing
  3) HDL Elaboration
  4) HDL Synthesis
       4.1) HDL Synthesis Report
  5) Advanced HDL Synthesis
       5.1) Advanced HDL Synthesis Report
  6) Low Level Synthesis
  7) Partition Report
  8) Design Summary
       8.1) Primitive and Black Box Usage
       8.2) Device utilization summary
       8.3) Partition Resource Summary
       8.4) Timing Report
            8.4.1) Clock Information
            8.4.2) Asynchronous Control Signals Information
            8.4.3) Timing Summary
            8.4.4) Timing Details
            8.4.5) Cross Clock Domains Report


=========================================================================
*                      Synthesis Options Summary                        *
=========================================================================
---- Source Parameters
Input File Name                    : "RoundkeyGen.prj"
Ignore Synthesis Constraint File   : NO

---- Target Parameters
Output File Name                   : "RoundkeyGen"
Output Format                      : NGC
Target Device                      : xc7a100t-1-fgg676

---- Source Options
Top Module Name                    : RoundkeyGen
Automatic FSM Extraction           : YES
FSM Encoding Algorithm             : Auto
Safe Implementation                : No
FSM Style                          : LUT
RAM Extraction                     : Yes
RAM Style                          : Auto
ROM Extraction                     : Yes
Shift Register Extraction          : YES
ROM Style                          : Auto
Resource Sharing                   : YES
Asynchronous To Synchronous        : NO
Shift Register Minimum Size        : 2
Use DSP Block                      : Auto
Automatic Register Balancing       : No

---- Target Options
LUT Combining                      : Auto
Reduce Control Sets                : Auto
Add IO Buffers                     : YES
Global Maximum Fanout              : 100000
Add Generic Clock Buffer(BUFG)     : 32
Register Duplication               : YES
Optimize Instantiated Primitives   : NO
Use Clock Enable                   : Auto
Use Synchronous Set                : Auto
Use Synchronous Reset              : Auto
Pack IO Registers into IOBs        : Auto
Equivalent register Removal        : YES

---- General Options
Optimization Goal                  : Speed
Optimization Effort                : 1
Power Reduction                    : NO
Keep Hierarchy                     : No
Netlist Hierarchy                  : As_Optimized
RTL Output                         : Yes
Global Optimization                : AllClockNets
Read Cores                         : YES
Write Timing Constraints           : NO
Cross Clock Analysis               : NO
Hierarchy Separator                : /
Bus Delimiter                      : <>
Case Specifier                     : Maintain
Slice Utilization Ratio            : 100
BRAM Utilization Ratio             : 100
DSP48 Utilization Ratio            : 100
Auto BRAM Packing                  : NO
Slice Utilization Ratio Delta      : 5

=========================================================================


=========================================================================
*                          HDL Parsing                                  *
=========================================================================
Analyzing Verilog file "C:\Users\qiuke\Desktop\AES_V1.0\AES\Sbox.v" into library work
Parsing module <Sbox>.
Analyzing Verilog file "C:\Users\qiuke\Desktop\AES_V1.0\AES\Subbytes.v" into library work
Parsing module <Subbytes>.
Analyzing Verilog file "C:\Users\qiuke\Desktop\AES_V1.0\AES\Roundkeygen.v" into library work
Parsing module <RoundkeyGen>.

=========================================================================
*                            HDL Elaboration                            *
=========================================================================

Elaborating module <RoundkeyGen>.

Elaborating module <Subbytes>.

Elaborating module <Sbox>.
WARNING:HDLCompiler:189 - "C:\Users\qiuke\Desktop\AES_V1.0\AES\Roundkeygen.v" Line 45: Size mismatch in connection of port <data_in>. Formal port size is 128-bit while actual signal size is 32-bit.

=========================================================================
*                           HDL Synthesis                               *
=========================================================================

Synthesizing Unit <RoundkeyGen>.
    Related source file is "C:\Users\qiuke\Desktop\AES_V1.0\AES\Roundkeygen.v".
    Found 128-bit register for signal <round_key>.
    Found 128-bit register for signal <round_key_delay>.
    Found 1-bit register for signal <valid_round_key>.
    Found 1-bit register for signal <valid_out>.
    Summary:
	inferred 258 D-type flip-flop(s).
Unit <RoundkeyGen> synthesized.

Synthesizing Unit <Subbytes>.
    Related source file is "C:\Users\qiuke\Desktop\AES_V1.0\AES\Subbytes.v".
    Found 1-bit register for signal <valid_out>.
    Summary:
	inferred   1 D-type flip-flop(s).
Unit <Subbytes> synthesized.

Synthesizing Unit <Sbox>.
    Related source file is "C:\Users\qiuke\Desktop\AES_V1.0\AES\Sbox.v".
    Found 256x8-bit Read Only RAM for signal <dout>
    Summary:
	inferred   1 RAM(s).
Unit <Sbox> synthesized.

=========================================================================
HDL Synthesis Report

Macro Statistics
# RAMs                                                 : 16
 256x8-bit single-port Read Only RAM                   : 16
# Registers                                            : 5
 1-bit register                                        : 3
 128-bit register                                      : 2
# Xors                                                 : 5
 32-bit xor2                                           : 5

=========================================================================

=========================================================================
*                       Advanced HDL Synthesis                          *
=========================================================================

WARNING:Xst:1290 - Hierarchical block <ROM[4].u_sbox> is unconnected in block <SUB_U>.
   It will be removed from the design.
WARNING:Xst:1290 - Hierarchical block <ROM[5].u_sbox> is unconnected in block <SUB_U>.
   It will be removed from the design.
WARNING:Xst:1290 - Hierarchical block <ROM[6].u_sbox> is unconnected in block <SUB_U>.
   It will be removed from the design.
WARNING:Xst:1290 - Hierarchical block <ROM[7].u_sbox> is unconnected in block <SUB_U>.
   It will be removed from the design.
WARNING:Xst:1290 - Hierarchical block <ROM[8].u_sbox> is unconnected in block <SUB_U>.
   It will be removed from the design.
WARNING:Xst:1290 - Hierarchical block <ROM[9].u_sbox> is unconnected in block <SUB_U>.
   It will be removed from the design.
WARNING:Xst:1290 - Hierarchical block <ROM[10].u_sbox> is unconnected in block <SUB_U>.
   It will be removed from the design.
WARNING:Xst:1290 - Hierarchical block <ROM[11].u_sbox> is unconnected in block <SUB_U>.
   It will be removed from the design.
WARNING:Xst:1290 - Hierarchical block <ROM[12].u_sbox> is unconnected in block <SUB_U>.
   It will be removed from the design.
WARNING:Xst:1290 - Hierarchical block <ROM[13].u_sbox> is unconnected in block <SUB_U>.
   It will be removed from the design.
WARNING:Xst:1290 - Hierarchical block <ROM[14].u_sbox> is unconnected in block <SUB_U>.
   It will be removed from the design.
WARNING:Xst:1290 - Hierarchical block <ROM[15].u_sbox> is unconnected in block <SUB_U>.
   It will be removed from the design.

Synthesizing (advanced) Unit <Sbox>.
INFO:Xst:3218 - HDL ADVISOR - The RAM <Mram_dout> will be implemented on LUTs either because you have described an asynchronous read or because of currently unsupported block RAM features. If you have described an asynchronous read, making it synchronous would allow you to take advantage of available block RAM resources, for optimized device usage and improved timings. Please refer to your documentation for coding guidelines.
    -----------------------------------------------------------------------
    | ram_type           | Distributed                         |          |
    -----------------------------------------------------------------------
    | Port A                                                              |
    |     aspect ratio   | 256-word x 8-bit                    |          |
    |     weA            | connected to signal <GND>           | high     |
    |     addrA          | connected to signal <addr>          |          |
    |     diA            | connected to signal <GND>           |          |
    |     doA            | connected to signal <dout>          |          |
    -----------------------------------------------------------------------
Unit <Sbox> synthesized (advanced).

=========================================================================
Advanced HDL Synthesis Report

Macro Statistics
# RAMs                                                 : 16
 256x8-bit single-port distributed Read Only RAM       : 16
# Registers                                            : 259
 Flip-Flops                                            : 259
# Xors                                                 : 5
 32-bit xor2                                           : 5

=========================================================================

=========================================================================
*                         Low Level Synthesis                           *
=========================================================================

Optimizing unit <RoundkeyGen> ...

Mapping all equations...
Building and optimizing final netlist ...
Found area constraint ratio of 100 (+ 5) on block RoundkeyGen, actual ratio is 0.

Final Macro Processing ...

=========================================================================
Final Register Report

Macro Statistics
# Registers                                            : 259
 Flip-Flops                                            : 259

=========================================================================

=========================================================================
*                           Partition Report                            *
=========================================================================

Partition Implementation Status
-------------------------------

  No Partitions were found in this design.

-------------------------------

=========================================================================
*                            Design Summary                             *
=========================================================================

Top Level Output File Name         : RoundkeyGen.ngc

Primitive and Black Box Usage:
------------------------------
# BELS                             : 353
#      INV                         : 1
#      LUT3                        : 32
#      LUT4                        : 32
#      LUT5                        : 32
#      LUT6                        : 160
#      MUXF7                       : 64
#      MUXF8                       : 32
# FlipFlops/Latches                : 259
#      FDC                         : 3
#      FDCE                        : 256
# Clock Buffers                    : 1
#      BUFGP                       : 1
# IO Buffers                       : 291
#      IBUF                        : 162
#      OBUF                        : 129

Device utilization summary:
---------------------------

Selected Device : 7a100tfgg676-1 


Slice Logic Utilization: 
 Number of Slice Registers:             259  out of  126800     0%  
 Number of Slice LUTs:                  257  out of  63400     0%  
    Number used as Logic:               257  out of  63400     0%  

Slice Logic Distribution: 
 Number of LUT Flip Flop pairs used:    388
   Number with an unused Flip Flop:     129  out of    388    33%  
   Number with an unused LUT:           131  out of    388    33%  
   Number of fully used LUT-FF pairs:   128  out of    388    32%  
   Number of unique control sets:         3

IO Utilization: 
 Number of IOs:                         292
 Number of bonded IOBs:                 292  out of    300    97%  

Specific Feature Utilization:
 Number of BUFG/BUFGCTRLs:                1  out of     32     3%  

---------------------------
Partition Resource Summary:
---------------------------

  No Partitions were found in this design.

---------------------------


=========================================================================
Timing Report

NOTE: THESE TIMING NUMBERS ARE ONLY A SYNTHESIS ESTIMATE.
      FOR ACCURATE TIMING INFORMATION PLEASE REFER TO THE TRACE REPORT
      GENERATED AFTER PLACE-and-ROUTE.

Clock Information:
------------------
-----------------------------------+------------------------+-------+
Clock Signal                       | Clock buffer(FF name)  | Load  |
-----------------------------------+------------------------+-------+
clk                                | BUFGP                  | 259   |
-----------------------------------+------------------------+-------+

Asynchronous Control Signals Information:
----------------------------------------
No asynchronous control signals found in this design

Timing Summary:
---------------
Speed Grade: -1

   Minimum period: 1.190ns (Maximum Frequency: 840.498MHz)
   Minimum input arrival time before clock: 2.591ns
   Maximum output required time after clock: 0.877ns
   Maximum combinational path delay: No path found

Timing Details:
---------------
All values displayed in nanoseconds (ns)

=========================================================================
Timing constraint: Default period analysis for Clock 'clk'
  Clock period: 1.190ns (frequency: 840.498MHz)
  Total number of paths / destination ports: 386 / 386
-------------------------------------------------------------------------
Delay:               1.190ns (Levels of Logic = 0)
  Source:            SUB_U/valid_out (FF)
  Destination:       round_key_delay_0 (FF)
  Source Clock:      clk rising
  Destination Clock: clk rising

  Data Path: SUB_U/valid_out to round_key_delay_0
                                Gate     Net
    Cell:in->out      fanout   Delay   Delay  Logical Name (Net Name)
    ----------------------------------------  ------------
     FDC:C->Q            129   0.478   0.573  SUB_U/valid_out (SUB_U/valid_out)
     FDCE:CE                   0.139          round_key_delay_0
    ----------------------------------------
    Total                      1.190ns (0.617ns logic, 0.573ns route)
                                       (51.9% logic, 48.1% route)

=========================================================================
Timing constraint: Default OFFSET IN BEFORE for Clock 'clk'
  Total number of paths / destination ports: 4164 / 388
-------------------------------------------------------------------------
Offset:              2.591ns (Levels of Logic = 5)
  Source:            key<29> (PAD)
  Destination:       round_key_delay_0 (FF)
  Destination Clock: clk rising

  Data Path: key<29> to round_key_delay_0
                                Gate     Net
    Cell:in->out      fanout   Delay   Delay  Logical Name (Net Name)
    ----------------------------------------  ------------
     IBUF:I->O            33   0.001   1.092  key_29_IBUF (key_29_IBUF)
     LUT6:I0->O            1   0.124   0.000  SUB_U_ROM[0].u_sbox/Mram_dout3 (SUB_U_ROM[0].u_sbox/Mram_dout2)
     MUXF7:I1->O           1   0.368   0.000  SUB_U_ROM[0].u_sbox/Mram_dout_f7_0 (SUB_U_ROM[0].u_sbox/Mram_dout_f71)
     MUXF8:I0->O           4   0.296   0.556  SUB_U_ROM[0].u_sbox/Mram_dout_f8 (n0018<0>)
     LUT6:I4->O            1   0.124   0.000  temp_round_key<0>1 (temp_round_key<0>)
     FDCE:D                    0.030          round_key_delay_0
    ----------------------------------------
    Total                      2.591ns (0.943ns logic, 1.648ns route)
                                       (36.4% logic, 63.6% route)

=========================================================================
Timing constraint: Default OFFSET OUT AFTER for Clock 'clk'
  Total number of paths / destination ports: 129 / 129
-------------------------------------------------------------------------
Offset:              0.877ns (Levels of Logic = 1)
  Source:            round_key_127 (FF)
  Destination:       round_key<127> (PAD)
  Source Clock:      clk rising

  Data Path: round_key_127 to round_key<127>
                                Gate     Net
    Cell:in->out      fanout   Delay   Delay  Logical Name (Net Name)
    ----------------------------------------  ------------
     FDCE:C->Q             1   0.478   0.399  round_key_127 (round_key_127)
     OBUF:I->O                 0.000          round_key_127_OBUF (round_key<127>)
    ----------------------------------------
    Total                      0.877ns (0.478ns logic, 0.399ns route)
                                       (54.5% logic, 45.5% route)

=========================================================================

Cross Clock Domains Report:
--------------------------

Clock to Setup on destination clock clk
---------------+---------+---------+---------+---------+
               | Src:Rise| Src:Fall| Src:Rise| Src:Fall|
Source Clock   |Dest:Rise|Dest:Rise|Dest:Fall|Dest:Fall|
---------------+---------+---------+---------+---------+
clk            |    1.190|         |         |         |
---------------+---------+---------+---------+---------+

=========================================================================


Total REAL time to Xst completion: 8.00 secs
Total CPU time to Xst completion: 8.61 secs
 
--> 

Total memory usage is 4625488 kilobytes

Number of errors   :    0 (   0 filtered)
Number of warnings :   13 (   0 filtered)
Number of infos    :    1 (   0 filtered)

