--------------------------------------------------------------------------------
Release 14.7 Trace  (nt64)
Copyright (c) 1995-2013 Xilinx, Inc.  All rights reserved.

D:\14.7\ISE_DS\ISE\bin\nt64\unwrapped\trce.exe -intstyle ise -v 3 -s 1 -n 3
-fastpaths -xml ShiftRows.twx ShiftRows.ncd -o ShiftRows.twr ShiftRows.pcf

Design file:              ShiftRows.ncd
Physical constraint file: ShiftRows.pcf
Device,package,speed:     xc7a100t,fgg676,C,-1 (PRODUCTION 1.10 2013-10-13)
Report level:             verbose report

Environment Variable      Effect 
--------------------      ------ 
NONE                      No environment variables were set
--------------------------------------------------------------------------------

INFO:Timing:2698 - No timing constraints found, doing default enumeration.
INFO:Timing:3412 - To improve timing, see the Timing Closure User Guide (UG612).
INFO:Timing:2752 - To get complete path coverage, use the unconstrained paths 
   option. All paths that are not constrained will be reported in the 
   unconstrained paths section(s) of the report.
INFO:Timing:3339 - The clock-to-out numbers in this timing report are based on 
   a 50 Ohm transmission line loading model.  For the details of this model, 
   and for more information on accounting for different loading conditions, 
   please see the device datasheet.



Data Sheet report:
-----------------
All values displayed in nanoseconds (ns)

Setup/Hold to clock clk
------------+------------+------------+------------+------------+------------------+--------+
            |Max Setup to|  Process   |Max Hold to |  Process   |                  | Clock  |
Source      | clk (edge) |   Corner   | clk (edge) |   Corner   |Internal Clock(s) | Phase  |
------------+------------+------------+------------+------------+------------------+--------+
data_in<0>  |   -0.435(R)|      FAST  |    3.406(R)|      SLOW  |clk_BUFGP         |   0.000|
data_in<1>  |   -0.157(R)|      FAST  |    2.829(R)|      SLOW  |clk_BUFGP         |   0.000|
data_in<2>  |   -0.436(R)|      FAST  |    3.418(R)|      SLOW  |clk_BUFGP         |   0.000|
data_in<3>  |   -0.177(R)|      FAST  |    2.885(R)|      SLOW  |clk_BUFGP         |   0.000|
data_in<4>  |    0.776(R)|      FAST  |    1.345(R)|      SLOW  |clk_BUFGP         |   0.000|
data_in<5>  |   -0.195(R)|      FAST  |    2.901(R)|      SLOW  |clk_BUFGP         |   0.000|
data_in<6>  |   -0.130(R)|      FAST  |    2.864(R)|      SLOW  |clk_BUFGP         |   0.000|
data_in<7>  |   -0.172(R)|      FAST  |    2.934(R)|      SLOW  |clk_BUFGP         |   0.000|
data_in<8>  |    0.270(R)|      FAST  |    2.114(R)|      SLOW  |clk_BUFGP         |   0.000|
data_in<9>  |    0.116(R)|      FAST  |    2.278(R)|      SLOW  |clk_BUFGP         |   0.000|
data_in<10> |    0.102(R)|      FAST  |    2.341(R)|      SLOW  |clk_BUFGP         |   0.000|
data_in<11> |    0.170(R)|      FAST  |    2.226(R)|      SLOW  |clk_BUFGP         |   0.000|
data_in<12> |    0.092(R)|      FAST  |    2.351(R)|      SLOW  |clk_BUFGP         |   0.000|
data_in<13> |    0.210(R)|      FAST  |    2.187(R)|      SLOW  |clk_BUFGP         |   0.000|
data_in<14> |    0.146(R)|      FAST  |    2.297(R)|      SLOW  |clk_BUFGP         |   0.000|
data_in<15> |    0.190(R)|      FAST  |    2.207(R)|      SLOW  |clk_BUFGP         |   0.000|
data_in<16> |   -0.047(R)|      FAST  |    2.632(R)|      SLOW  |clk_BUFGP         |   0.000|
data_in<17> |   -0.019(R)|      FAST  |    2.605(R)|      SLOW  |clk_BUFGP         |   0.000|
data_in<18> |   -0.009(R)|      FAST  |    2.595(R)|      SLOW  |clk_BUFGP         |   0.000|
data_in<19> |    0.153(R)|      FAST  |    2.351(R)|      SLOW  |clk_BUFGP         |   0.000|
data_in<20> |   -0.029(R)|      FAST  |    2.618(R)|      SLOW  |clk_BUFGP         |   0.000|
data_in<21> |   -0.023(R)|      FAST  |    2.612(R)|      SLOW  |clk_BUFGP         |   0.000|
data_in<22> |   -0.025(R)|      FAST  |    2.615(R)|      SLOW  |clk_BUFGP         |   0.000|
data_in<23> |   -0.049(R)|      FAST  |    2.640(R)|      SLOW  |clk_BUFGP         |   0.000|
data_in<24> |    0.351(R)|      FAST  |    1.902(R)|      SLOW  |clk_BUFGP         |   0.000|
data_in<25> |    0.371(R)|      FAST  |    1.882(R)|      SLOW  |clk_BUFGP         |   0.000|
data_in<26> |    0.353(R)|      FAST  |    1.891(R)|      SLOW  |clk_BUFGP         |   0.000|
data_in<27> |    0.352(R)|      FAST  |    1.892(R)|      SLOW  |clk_BUFGP         |   0.000|
data_in<28> |    0.280(R)|      FAST  |    2.024(R)|      SLOW  |clk_BUFGP         |   0.000|
data_in<29> |    0.701(R)|      FAST  |    1.381(R)|      SLOW  |clk_BUFGP         |   0.000|
data_in<30> |    0.255(R)|      FAST  |    2.102(R)|      SLOW  |clk_BUFGP         |   0.000|
data_in<31> |    0.228(R)|      FAST  |    2.130(R)|      SLOW  |clk_BUFGP         |   0.000|
data_in<32> |   -1.233(R)|      FAST  |    4.482(R)|      SLOW  |clk_BUFGP         |   0.000|
data_in<33> |   -1.222(R)|      FAST  |    4.469(R)|      SLOW  |clk_BUFGP         |   0.000|
data_in<34> |   -1.223(R)|      FAST  |    4.472(R)|      SLOW  |clk_BUFGP         |   0.000|
data_in<35> |   -1.241(R)|      FAST  |    4.489(R)|      SLOW  |clk_BUFGP         |   0.000|
data_in<36> |   -1.199(R)|      FAST  |    4.449(R)|      SLOW  |clk_BUFGP         |   0.000|
data_in<37> |   -1.228(R)|      FAST  |    4.478(R)|      SLOW  |clk_BUFGP         |   0.000|
data_in<38> |   -1.224(R)|      FAST  |    4.475(R)|      SLOW  |clk_BUFGP         |   0.000|
data_in<39> |   -1.193(R)|      FAST  |    4.443(R)|      SLOW  |clk_BUFGP         |   0.000|
data_in<40> |    1.174(R)|      FAST  |    0.788(R)|      SLOW  |clk_BUFGP         |   0.000|
data_in<41> |    1.201(R)|      FAST  |    0.712(R)|      SLOW  |clk_BUFGP         |   0.000|
data_in<42> |    1.203(R)|      FAST  |    0.759(R)|      SLOW  |clk_BUFGP         |   0.000|
data_in<43> |    1.215(R)|      FAST  |    0.700(R)|      SLOW  |clk_BUFGP         |   0.000|
data_in<44> |    1.258(R)|      FAST  |    0.635(R)|      SLOW  |clk_BUFGP         |   0.000|
data_in<45> |    1.212(R)|      FAST  |    0.634(R)|      SLOW  |clk_BUFGP         |   0.000|
data_in<46> |    1.120(R)|      FAST  |    0.833(R)|      SLOW  |clk_BUFGP         |   0.000|
data_in<47> |    1.299(R)|      FAST  |    0.601(R)|      SLOW  |clk_BUFGP         |   0.000|
data_in<48> |    1.781(R)|      SLOW  |    0.144(R)|      SLOW  |clk_BUFGP         |   0.000|
data_in<49> |    1.602(R)|      SLOW  |    0.320(R)|      SLOW  |clk_BUFGP         |   0.000|
data_in<50> |    1.962(R)|      SLOW  |   -0.016(R)|      SLOW  |clk_BUFGP         |   0.000|
data_in<51> |    1.691(R)|      SLOW  |    0.236(R)|      SLOW  |clk_BUFGP         |   0.000|
data_in<52> |    1.820(R)|      SLOW  |    0.109(R)|      SLOW  |clk_BUFGP         |   0.000|
data_in<53> |    1.703(R)|      SLOW  |    0.224(R)|      SLOW  |clk_BUFGP         |   0.000|
data_in<54> |    1.984(R)|      SLOW  |   -0.025(R)|      SLOW  |clk_BUFGP         |   0.000|
data_in<55> |    1.759(R)|      SLOW  |    0.168(R)|      SLOW  |clk_BUFGP         |   0.000|
data_in<56> |    0.525(R)|      FAST  |    1.698(R)|      SLOW  |clk_BUFGP         |   0.000|
data_in<57> |    0.498(R)|      FAST  |    1.724(R)|      SLOW  |clk_BUFGP         |   0.000|
data_in<58> |    0.415(R)|      FAST  |    1.848(R)|      SLOW  |clk_BUFGP         |   0.000|
data_in<59> |    0.414(R)|      FAST  |    1.849(R)|      SLOW  |clk_BUFGP         |   0.000|
data_in<60> |    0.335(R)|      FAST  |    1.908(R)|      SLOW  |clk_BUFGP         |   0.000|
data_in<61> |    0.344(R)|      FAST  |    1.901(R)|      SLOW  |clk_BUFGP         |   0.000|
data_in<62> |    0.330(R)|      FAST  |    1.916(R)|      SLOW  |clk_BUFGP         |   0.000|
data_in<63> |    0.316(R)|      FAST  |    1.964(R)|      SLOW  |clk_BUFGP         |   0.000|
data_in<64> |    1.139(R)|      FAST  |    0.722(R)|      SLOW  |clk_BUFGP         |   0.000|
data_in<65> |    1.141(R)|      FAST  |    0.719(R)|      SLOW  |clk_BUFGP         |   0.000|
data_in<66> |    0.961(R)|      FAST  |    0.903(R)|      SLOW  |clk_BUFGP         |   0.000|
data_in<67> |    1.109(R)|      SLOW  |    0.762(R)|      SLOW  |clk_BUFGP         |   0.000|
data_in<68> |    0.747(R)|      FAST  |    1.224(R)|      SLOW  |clk_BUFGP         |   0.000|
data_in<69> |    0.890(R)|      FAST  |    1.057(R)|      SLOW  |clk_BUFGP         |   0.000|
data_in<70> |    0.801(R)|      FAST  |    1.233(R)|      SLOW  |clk_BUFGP         |   0.000|
data_in<71> |    0.530(R)|      FAST  |    1.531(R)|      SLOW  |clk_BUFGP         |   0.000|
data_in<72> |   -1.294(R)|      FAST  |    4.645(R)|      SLOW  |clk_BUFGP         |   0.000|
data_in<73> |   -1.289(R)|      FAST  |    4.640(R)|      SLOW  |clk_BUFGP         |   0.000|
data_in<74> |    1.079(R)|      FAST  |    1.019(R)|      SLOW  |clk_BUFGP         |   0.000|
data_in<75> |    1.257(R)|      FAST  |    0.737(R)|      SLOW  |clk_BUFGP         |   0.000|
data_in<76> |    1.058(R)|      FAST  |    1.060(R)|      SLOW  |clk_BUFGP         |   0.000|
data_in<77> |    1.116(R)|      FAST  |    0.986(R)|      SLOW  |clk_BUFGP         |   0.000|
data_in<78> |    0.986(R)|      FAST  |    1.122(R)|      SLOW  |clk_BUFGP         |   0.000|
data_in<79> |    1.175(R)|      FAST  |    0.790(R)|      SLOW  |clk_BUFGP         |   0.000|
data_in<80> |    1.933(R)|      SLOW  |    0.017(R)|      SLOW  |clk_BUFGP         |   0.000|
data_in<81> |    1.906(R)|      SLOW  |    0.046(R)|      SLOW  |clk_BUFGP         |   0.000|
data_in<82> |    1.894(R)|      SLOW  |    0.066(R)|      SLOW  |clk_BUFGP         |   0.000|
data_in<83> |    1.905(R)|      SLOW  |    0.046(R)|      SLOW  |clk_BUFGP         |   0.000|
data_in<84> |    1.907(R)|      SLOW  |    0.043(R)|      SLOW  |clk_BUFGP         |   0.000|
data_in<85> |    1.845(R)|      SLOW  |    0.102(R)|      SLOW  |clk_BUFGP         |   0.000|
data_in<86> |    1.829(R)|      SLOW  |    0.125(R)|      SLOW  |clk_BUFGP         |   0.000|
data_in<87> |    1.836(R)|      SLOW  |    0.129(R)|      SLOW  |clk_BUFGP         |   0.000|
data_in<88> |    2.497(R)|      SLOW  |   -0.291(R)|      FAST  |clk_BUFGP         |   0.000|
data_in<89> |    2.542(R)|      SLOW  |   -0.401(R)|      FAST  |clk_BUFGP         |   0.000|
data_in<90> |    2.485(R)|      SLOW  |   -0.281(R)|      FAST  |clk_BUFGP         |   0.000|
data_in<91> |    2.511(R)|      SLOW  |   -0.384(R)|      FAST  |clk_BUFGP         |   0.000|
data_in<92> |    2.475(R)|      SLOW  |   -0.270(R)|      FAST  |clk_BUFGP         |   0.000|
data_in<93> |    2.665(R)|      SLOW  |   -0.524(R)|      FAST  |clk_BUFGP         |   0.000|
data_in<94> |    2.469(R)|      SLOW  |   -0.278(R)|      FAST  |clk_BUFGP         |   0.000|
data_in<95> |    2.680(R)|      SLOW  |   -0.538(R)|      FAST  |clk_BUFGP         |   0.000|
data_in<96> |    0.476(R)|      FAST  |    1.630(R)|      SLOW  |clk_BUFGP         |   0.000|
data_in<97> |    0.476(R)|      FAST  |    1.632(R)|      SLOW  |clk_BUFGP         |   0.000|
data_in<98> |    0.639(R)|      FAST  |    1.369(R)|      SLOW  |clk_BUFGP         |   0.000|
data_in<99> |   -0.436(R)|      FAST  |    3.409(R)|      SLOW  |clk_BUFGP         |   0.000|
data_in<100>|   -0.491(R)|      FAST  |    3.475(R)|      SLOW  |clk_BUFGP         |   0.000|
data_in<101>|   -0.471(R)|      FAST  |    3.444(R)|      SLOW  |clk_BUFGP         |   0.000|
data_in<102>|   -0.480(R)|      FAST  |    3.464(R)|      SLOW  |clk_BUFGP         |   0.000|
data_in<103>|   -0.506(R)|      FAST  |    3.495(R)|      SLOW  |clk_BUFGP         |   0.000|
data_in<104>|   -1.200(R)|      FAST  |    4.451(R)|      SLOW  |clk_BUFGP         |   0.000|
data_in<105>|   -1.207(R)|      FAST  |    4.458(R)|      SLOW  |clk_BUFGP         |   0.000|
data_in<106>|   -1.210(R)|      FAST  |    4.460(R)|      SLOW  |clk_BUFGP         |   0.000|
data_in<107>|   -1.223(R)|      FAST  |    4.473(R)|      SLOW  |clk_BUFGP         |   0.000|
data_in<108>|   -1.223(R)|      FAST  |    4.472(R)|      SLOW  |clk_BUFGP         |   0.000|
data_in<109>|    0.081(R)|      FAST  |    2.513(R)|      SLOW  |clk_BUFGP         |   0.000|
data_in<110>|   -0.022(R)|      FAST  |    2.616(R)|      SLOW  |clk_BUFGP         |   0.000|
data_in<111>|    0.131(R)|      FAST  |    2.411(R)|      SLOW  |clk_BUFGP         |   0.000|
data_in<112>|   -0.461(R)|      FAST  |    3.430(R)|      SLOW  |clk_BUFGP         |   0.000|
data_in<113>|   -0.370(R)|      FAST  |    3.282(R)|      SLOW  |clk_BUFGP         |   0.000|
data_in<114>|   -0.391(R)|      FAST  |    3.314(R)|      SLOW  |clk_BUFGP         |   0.000|
data_in<115>|   -0.398(R)|      FAST  |    3.314(R)|      SLOW  |clk_BUFGP         |   0.000|
data_in<116>|   -0.476(R)|      FAST  |    3.467(R)|      SLOW  |clk_BUFGP         |   0.000|
data_in<117>|    1.097(R)|      FAST  |    0.806(R)|      SLOW  |clk_BUFGP         |   0.000|
data_in<118>|    1.256(R)|      FAST  |    0.595(R)|      SLOW  |clk_BUFGP         |   0.000|
data_in<119>|    0.236(R)|      FAST  |    2.151(R)|      SLOW  |clk_BUFGP         |   0.000|
data_in<120>|   -0.260(R)|      FAST  |    3.104(R)|      SLOW  |clk_BUFGP         |   0.000|
data_in<121>|    0.526(R)|      FAST  |    1.612(R)|      SLOW  |clk_BUFGP         |   0.000|
data_in<122>|    2.295(R)|      SLOW  |   -0.247(R)|      SLOW  |clk_BUFGP         |   0.000|
data_in<123>|    0.562(R)|      FAST  |    1.571(R)|      SLOW  |clk_BUFGP         |   0.000|
data_in<124>|    1.802(R)|      SLOW  |    0.193(R)|      SLOW  |clk_BUFGP         |   0.000|
data_in<125>|    2.261(R)|      SLOW  |   -0.203(R)|      SLOW  |clk_BUFGP         |   0.000|
data_in<126>|    1.818(R)|      SLOW  |    0.160(R)|      SLOW  |clk_BUFGP         |   0.000|
data_in<127>|    1.911(R)|      SLOW  |    0.106(R)|      SLOW  |clk_BUFGP         |   0.000|
reset       |    6.140(R)|      SLOW  |    2.670(R)|      SLOW  |clk_BUFGP         |   0.000|
valid_in    |    6.838(R)|      SLOW  |    4.635(R)|      SLOW  |clk_BUFGP         |   0.000|
------------+------------+------------+------------+------------+------------------+--------+

Clock clk to Pad
-------------+-----------------+------------+-----------------+------------+------------------+--------+
             |Max (slowest) clk|  Process   |Min (fastest) clk|  Process   |                  | Clock  |
Destination  |  (edge) to PAD  |   Corner   |  (edge) to PAD  |   Corner   |Internal Clock(s) | Phase  |
-------------+-----------------+------------+-----------------+------------+------------------+--------+
data_out<0>  |        12.709(R)|      SLOW  |         4.628(R)|      FAST  |clk_BUFGP         |   0.000|
data_out<1>  |        12.703(R)|      SLOW  |         4.622(R)|      FAST  |clk_BUFGP         |   0.000|
data_out<2>  |        12.689(R)|      SLOW  |         4.607(R)|      FAST  |clk_BUFGP         |   0.000|
data_out<3>  |        12.700(R)|      SLOW  |         4.618(R)|      FAST  |clk_BUFGP         |   0.000|
data_out<4>  |        12.686(R)|      SLOW  |         4.604(R)|      FAST  |clk_BUFGP         |   0.000|
data_out<5>  |        12.695(R)|      SLOW  |         4.613(R)|      FAST  |clk_BUFGP         |   0.000|
data_out<6>  |        12.684(R)|      SLOW  |         4.600(R)|      FAST  |clk_BUFGP         |   0.000|
data_out<7>  |        12.690(R)|      SLOW  |         4.607(R)|      FAST  |clk_BUFGP         |   0.000|
data_out<8>  |        12.977(R)|      SLOW  |         4.620(R)|      FAST  |clk_BUFGP         |   0.000|
data_out<9>  |        12.936(R)|      SLOW  |         4.647(R)|      FAST  |clk_BUFGP         |   0.000|
data_out<10> |         8.278(R)|      SLOW  |         2.989(R)|      FAST  |clk_BUFGP         |   0.000|
data_out<11> |         8.245(R)|      SLOW  |         2.957(R)|      FAST  |clk_BUFGP         |   0.000|
data_out<12> |         8.254(R)|      SLOW  |         2.966(R)|      FAST  |clk_BUFGP         |   0.000|
data_out<13> |         8.268(R)|      SLOW  |         2.980(R)|      FAST  |clk_BUFGP         |   0.000|
data_out<14> |         8.274(R)|      SLOW  |         2.986(R)|      FAST  |clk_BUFGP         |   0.000|
data_out<15> |         8.243(R)|      SLOW  |         2.955(R)|      FAST  |clk_BUFGP         |   0.000|
data_out<16> |         8.265(R)|      SLOW  |         2.980(R)|      FAST  |clk_BUFGP         |   0.000|
data_out<17> |         8.278(R)|      SLOW  |         2.997(R)|      FAST  |clk_BUFGP         |   0.000|
data_out<18> |         8.286(R)|      SLOW  |         3.000(R)|      FAST  |clk_BUFGP         |   0.000|
data_out<19> |         8.266(R)|      SLOW  |         2.981(R)|      FAST  |clk_BUFGP         |   0.000|
data_out<20> |         8.283(R)|      SLOW  |         3.001(R)|      FAST  |clk_BUFGP         |   0.000|
data_out<21> |         8.190(R)|      SLOW  |         2.918(R)|      FAST  |clk_BUFGP         |   0.000|
data_out<22> |         8.264(R)|      SLOW  |         2.991(R)|      FAST  |clk_BUFGP         |   0.000|
data_out<23> |         8.262(R)|      SLOW  |         2.989(R)|      FAST  |clk_BUFGP         |   0.000|
data_out<24> |         8.262(R)|      SLOW  |         2.988(R)|      FAST  |clk_BUFGP         |   0.000|
data_out<25> |         8.241(R)|      SLOW  |         2.968(R)|      FAST  |clk_BUFGP         |   0.000|
data_out<26> |         8.251(R)|      SLOW  |         2.978(R)|      FAST  |clk_BUFGP         |   0.000|
data_out<27> |         8.237(R)|      SLOW  |         2.964(R)|      FAST  |clk_BUFGP         |   0.000|
data_out<28> |         8.262(R)|      SLOW  |         2.988(R)|      FAST  |clk_BUFGP         |   0.000|
data_out<29> |         8.247(R)|      SLOW  |         2.974(R)|      FAST  |clk_BUFGP         |   0.000|
data_out<30> |         8.225(R)|      SLOW  |         2.953(R)|      FAST  |clk_BUFGP         |   0.000|
data_out<31> |         8.252(R)|      SLOW  |         2.980(R)|      FAST  |clk_BUFGP         |   0.000|
data_out<32> |         8.239(R)|      SLOW  |         2.966(R)|      FAST  |clk_BUFGP         |   0.000|
data_out<33> |         8.207(R)|      SLOW  |         2.935(R)|      FAST  |clk_BUFGP         |   0.000|
data_out<34> |         8.238(R)|      SLOW  |         2.966(R)|      FAST  |clk_BUFGP         |   0.000|
data_out<35> |         8.241(R)|      SLOW  |         2.970(R)|      FAST  |clk_BUFGP         |   0.000|
data_out<36> |         8.234(R)|      SLOW  |         2.964(R)|      FAST  |clk_BUFGP         |   0.000|
data_out<37> |         8.233(R)|      SLOW  |         2.963(R)|      FAST  |clk_BUFGP         |   0.000|
data_out<38> |         8.224(R)|      SLOW  |         2.954(R)|      FAST  |clk_BUFGP         |   0.000|
data_out<39> |         8.227(R)|      SLOW  |         2.958(R)|      FAST  |clk_BUFGP         |   0.000|
data_out<40> |        11.148(R)|      SLOW  |         3.680(R)|      FAST  |clk_BUFGP         |   0.000|
data_out<41> |        11.176(R)|      SLOW  |         3.722(R)|      FAST  |clk_BUFGP         |   0.000|
data_out<42> |        11.196(R)|      SLOW  |         3.741(R)|      FAST  |clk_BUFGP         |   0.000|
data_out<43> |        11.193(R)|      SLOW  |         3.738(R)|      FAST  |clk_BUFGP         |   0.000|
data_out<44> |        11.174(R)|      SLOW  |         3.720(R)|      FAST  |clk_BUFGP         |   0.000|
data_out<45> |         8.227(R)|      SLOW  |         2.962(R)|      FAST  |clk_BUFGP         |   0.000|
data_out<46> |         8.244(R)|      SLOW  |         2.979(R)|      FAST  |clk_BUFGP         |   0.000|
data_out<47> |         8.245(R)|      SLOW  |         2.980(R)|      FAST  |clk_BUFGP         |   0.000|
data_out<48> |         8.252(R)|      SLOW  |         2.985(R)|      FAST  |clk_BUFGP         |   0.000|
data_out<49> |         8.250(R)|      SLOW  |         2.983(R)|      FAST  |clk_BUFGP         |   0.000|
data_out<50> |         8.263(R)|      SLOW  |         2.996(R)|      FAST  |clk_BUFGP         |   0.000|
data_out<51> |         8.271(R)|      SLOW  |         3.005(R)|      FAST  |clk_BUFGP         |   0.000|
data_out<52> |         8.264(R)|      SLOW  |         2.995(R)|      FAST  |clk_BUFGP         |   0.000|
data_out<53> |         8.272(R)|      SLOW  |         3.002(R)|      FAST  |clk_BUFGP         |   0.000|
data_out<54> |         8.279(R)|      SLOW  |         3.008(R)|      FAST  |clk_BUFGP         |   0.000|
data_out<55> |         8.286(R)|      SLOW  |         3.015(R)|      FAST  |clk_BUFGP         |   0.000|
data_out<56> |         8.258(R)|      SLOW  |         2.987(R)|      FAST  |clk_BUFGP         |   0.000|
data_out<57> |         8.264(R)|      SLOW  |         2.992(R)|      FAST  |clk_BUFGP         |   0.000|
data_out<58> |         8.293(R)|      SLOW  |         3.020(R)|      FAST  |clk_BUFGP         |   0.000|
data_out<59> |         8.291(R)|      SLOW  |         3.018(R)|      FAST  |clk_BUFGP         |   0.000|
data_out<60> |         8.300(R)|      SLOW  |         3.027(R)|      FAST  |clk_BUFGP         |   0.000|
data_out<61> |         8.310(R)|      SLOW  |         3.037(R)|      FAST  |clk_BUFGP         |   0.000|
data_out<62> |         8.320(R)|      SLOW  |         3.046(R)|      FAST  |clk_BUFGP         |   0.000|
data_out<63> |         8.326(R)|      SLOW  |         3.051(R)|      FAST  |clk_BUFGP         |   0.000|
data_out<64> |         8.298(R)|      SLOW  |         3.024(R)|      FAST  |clk_BUFGP         |   0.000|
data_out<65> |         8.297(R)|      SLOW  |         3.023(R)|      FAST  |clk_BUFGP         |   0.000|
data_out<66> |         8.219(R)|      SLOW  |         2.936(R)|      FAST  |clk_BUFGP         |   0.000|
data_out<67> |         8.319(R)|      SLOW  |         3.045(R)|      FAST  |clk_BUFGP         |   0.000|
data_out<68> |         8.265(R)|      SLOW  |         2.980(R)|      FAST  |clk_BUFGP         |   0.000|
data_out<69> |         8.310(R)|      SLOW  |         3.036(R)|      FAST  |clk_BUFGP         |   0.000|
data_out<70> |         8.280(R)|      SLOW  |         2.995(R)|      FAST  |clk_BUFGP         |   0.000|
data_out<71> |         8.208(R)|      SLOW  |         2.931(R)|      FAST  |clk_BUFGP         |   0.000|
data_out<72> |         8.219(R)|      SLOW  |         2.942(R)|      FAST  |clk_BUFGP         |   0.000|
data_out<73> |         8.273(R)|      SLOW  |         2.995(R)|      FAST  |clk_BUFGP         |   0.000|
data_out<74> |         8.235(R)|      SLOW  |         2.958(R)|      FAST  |clk_BUFGP         |   0.000|
data_out<75> |         8.233(R)|      SLOW  |         2.956(R)|      FAST  |clk_BUFGP         |   0.000|
data_out<76> |         8.257(R)|      SLOW  |         2.980(R)|      FAST  |clk_BUFGP         |   0.000|
data_out<77> |         8.237(R)|      SLOW  |         2.959(R)|      FAST  |clk_BUFGP         |   0.000|
data_out<78> |         8.250(R)|      SLOW  |         2.974(R)|      FAST  |clk_BUFGP         |   0.000|
data_out<79> |         8.250(R)|      SLOW  |         2.973(R)|      FAST  |clk_BUFGP         |   0.000|
data_out<80> |         8.231(R)|      SLOW  |         2.955(R)|      FAST  |clk_BUFGP         |   0.000|
data_out<81> |         8.250(R)|      SLOW  |         2.973(R)|      FAST  |clk_BUFGP         |   0.000|
data_out<82> |         8.237(R)|      SLOW  |         2.962(R)|      FAST  |clk_BUFGP         |   0.000|
data_out<83> |         8.220(R)|      SLOW  |         2.944(R)|      FAST  |clk_BUFGP         |   0.000|
data_out<84> |         8.236(R)|      SLOW  |         2.962(R)|      FAST  |clk_BUFGP         |   0.000|
data_out<85> |         8.233(R)|      SLOW  |         2.958(R)|      FAST  |clk_BUFGP         |   0.000|
data_out<86> |         8.244(R)|      SLOW  |         2.971(R)|      FAST  |clk_BUFGP         |   0.000|
data_out<87> |         8.234(R)|      SLOW  |         2.959(R)|      FAST  |clk_BUFGP         |   0.000|
data_out<88> |         8.216(R)|      SLOW  |         2.946(R)|      FAST  |clk_BUFGP         |   0.000|
data_out<89> |         8.247(R)|      SLOW  |         2.974(R)|      FAST  |clk_BUFGP         |   0.000|
data_out<90> |         8.257(R)|      SLOW  |         2.986(R)|      FAST  |clk_BUFGP         |   0.000|
data_out<91> |         8.215(R)|      SLOW  |         2.945(R)|      FAST  |clk_BUFGP         |   0.000|
data_out<92> |         8.253(R)|      SLOW  |         2.984(R)|      FAST  |clk_BUFGP         |   0.000|
data_out<93> |         8.268(R)|      SLOW  |         2.997(R)|      FAST  |clk_BUFGP         |   0.000|
data_out<94> |         8.270(R)|      SLOW  |         3.000(R)|      FAST  |clk_BUFGP         |   0.000|
data_out<95> |         8.256(R)|      SLOW  |         2.987(R)|      FAST  |clk_BUFGP         |   0.000|
data_out<96> |         8.309(R)|      SLOW  |         3.038(R)|      FAST  |clk_BUFGP         |   0.000|
data_out<97> |         8.275(R)|      SLOW  |         3.006(R)|      FAST  |clk_BUFGP         |   0.000|
data_out<98> |         8.328(R)|      SLOW  |         3.057(R)|      FAST  |clk_BUFGP         |   0.000|
data_out<99> |         8.299(R)|      SLOW  |         3.028(R)|      FAST  |clk_BUFGP         |   0.000|
data_out<100>|         8.314(R)|      SLOW  |         3.039(R)|      FAST  |clk_BUFGP         |   0.000|
data_out<101>|         8.300(R)|      SLOW  |         3.027(R)|      FAST  |clk_BUFGP         |   0.000|
data_out<102>|         8.297(R)|      SLOW  |         3.021(R)|      FAST  |clk_BUFGP         |   0.000|
data_out<103>|         8.311(R)|      SLOW  |         3.036(R)|      FAST  |clk_BUFGP         |   0.000|
data_out<104>|         8.331(R)|      SLOW  |         3.054(R)|      FAST  |clk_BUFGP         |   0.000|
data_out<105>|         8.285(R)|      SLOW  |         3.009(R)|      FAST  |clk_BUFGP         |   0.000|
data_out<106>|         8.328(R)|      SLOW  |         3.051(R)|      FAST  |clk_BUFGP         |   0.000|
data_out<107>|         8.318(R)|      SLOW  |         3.041(R)|      FAST  |clk_BUFGP         |   0.000|
data_out<108>|         8.327(R)|      SLOW  |         3.049(R)|      FAST  |clk_BUFGP         |   0.000|
data_out<109>|         8.323(R)|      SLOW  |         3.046(R)|      FAST  |clk_BUFGP         |   0.000|
data_out<110>|         8.326(R)|      SLOW  |         3.048(R)|      FAST  |clk_BUFGP         |   0.000|
data_out<111>|         8.337(R)|      SLOW  |         3.059(R)|      FAST  |clk_BUFGP         |   0.000|
data_out<112>|         8.325(R)|      SLOW  |         3.047(R)|      FAST  |clk_BUFGP         |   0.000|
data_out<113>|         8.328(R)|      SLOW  |         3.050(R)|      FAST  |clk_BUFGP         |   0.000|
data_out<114>|         8.330(R)|      SLOW  |         3.052(R)|      FAST  |clk_BUFGP         |   0.000|
data_out<115>|         8.328(R)|      SLOW  |         3.050(R)|      FAST  |clk_BUFGP         |   0.000|
data_out<116>|         8.314(R)|      SLOW  |         3.036(R)|      FAST  |clk_BUFGP         |   0.000|
data_out<117>|         8.330(R)|      SLOW  |         3.051(R)|      FAST  |clk_BUFGP         |   0.000|
data_out<118>|         8.291(R)|      SLOW  |         3.003(R)|      FAST  |clk_BUFGP         |   0.000|
data_out<119>|         8.212(R)|      SLOW  |         2.925(R)|      FAST  |clk_BUFGP         |   0.000|
data_out<120>|         8.248(R)|      SLOW  |         2.960(R)|      FAST  |clk_BUFGP         |   0.000|
data_out<121>|         8.421(R)|      SLOW  |         3.045(R)|      FAST  |clk_BUFGP         |   0.000|
data_out<122>|         8.429(R)|      SLOW  |         3.053(R)|      FAST  |clk_BUFGP         |   0.000|
data_out<123>|         8.431(R)|      SLOW  |         3.055(R)|      FAST  |clk_BUFGP         |   0.000|
data_out<124>|         8.403(R)|      SLOW  |         3.028(R)|      FAST  |clk_BUFGP         |   0.000|
data_out<125>|         8.397(R)|      SLOW  |         3.022(R)|      FAST  |clk_BUFGP         |   0.000|
data_out<126>|         8.444(R)|      SLOW  |         3.070(R)|      FAST  |clk_BUFGP         |   0.000|
data_out<127>|         8.409(R)|      SLOW  |         3.034(R)|      FAST  |clk_BUFGP         |   0.000|
valid_out    |        10.279(R)|      SLOW  |         3.376(R)|      FAST  |clk_BUFGP         |   0.000|
-------------+-----------------+------------+-----------------+------------+------------------+--------+


Analysis completed Tue Feb 25 21:28:32 2020 
--------------------------------------------------------------------------------

Trace Settings:
-------------------------
Trace Settings 

Peak Memory Usage: 5004 MB



