--------------------------------------------------------------------------------
Release 14.7 Trace  (nt64)
Copyright (c) 1995-2013 Xilinx, Inc.  All rights reserved.

D:\14.7\ISE_DS\ISE\bin\nt64\unwrapped\trce.exe -intstyle ise -v 3 -s 1 -n 3
-fastpaths -xml ShiftRows_preroute.twx ShiftRows_map.ncd -o
ShiftRows_preroute.twr ShiftRows.pcf -ucf ShiftRows.ucf

Design file:              ShiftRows_map.ncd
Physical constraint file: ShiftRows.pcf
Device,package,speed:     xc7a100t,fgg676,C,-1 (PRODUCTION 1.10 2013-10-13)
Report level:             verbose report

Environment Variable      Effect 
--------------------      ------ 
NONE                      No environment variables were set
--------------------------------------------------------------------------------

INFO:Timing:2698 - No timing constraints found, doing default enumeration.
INFO:Timing:3412 - To improve timing, see the Timing Closure User Guide (UG612).
INFO:Timing:2752 - To get complete path coverage, use the unconstrained paths 
   option. All paths that are not constrained will be reported in the 
   unconstrained paths section(s) of the report.
INFO:Timing:3284 - This timing report was generated using estimated delay 
   information.  For accurate numbers, please refer to the post Place and Route 
   timing report.
INFO:Timing:3339 - The clock-to-out numbers in this timing report are based on 
   a 50 Ohm transmission line loading model.  For the details of this model, 
   and for more information on accounting for different loading conditions, 
   please see the device datasheet.



Data Sheet report:
-----------------
All values displayed in nanoseconds (ns)

Setup/Hold to clock clk
------------+------------+------------+------------+------------+------------------+--------+
            |Max Setup to|  Process   |Max Hold to |  Process   |                  | Clock  |
Source      | clk (edge) |   Corner   | clk (edge) |   Corner   |Internal Clock(s) | Phase  |
------------+------------+------------+------------+------------+------------------+--------+
data_in<0>  |   -4.514(R)|      SLOW  |    5.516(R)|      FAST  |clk_BUFGP         |   0.000|
data_in<1>  |   -4.185(R)|      SLOW  |    5.187(R)|      FAST  |clk_BUFGP         |   0.000|
data_in<2>  |   -4.526(R)|      SLOW  |    5.528(R)|      FAST  |clk_BUFGP         |   0.000|
data_in<3>  |   -4.208(R)|      SLOW  |    5.209(R)|      FAST  |clk_BUFGP         |   0.000|
data_in<4>  |   -3.012(R)|      SLOW  |    4.013(R)|      FAST  |clk_BUFGP         |   0.000|
data_in<5>  |   -4.257(R)|      SLOW  |    5.258(R)|      FAST  |clk_BUFGP         |   0.000|
data_in<6>  |   -4.388(R)|      SLOW  |    5.389(R)|      FAST  |clk_BUFGP         |   0.000|
data_in<7>  |   -4.244(R)|      SLOW  |    5.246(R)|      FAST  |clk_BUFGP         |   0.000|
data_in<8>  |   -3.656(R)|      SLOW  |    4.657(R)|      FAST  |clk_BUFGP         |   0.000|
data_in<9>  |   -3.686(R)|      SLOW  |    4.688(R)|      FAST  |clk_BUFGP         |   0.000|
data_in<10> |   -3.676(R)|      SLOW  |    4.677(R)|      FAST  |clk_BUFGP         |   0.000|
data_in<11> |   -3.667(R)|      SLOW  |    4.669(R)|      FAST  |clk_BUFGP         |   0.000|
data_in<12> |   -3.677(R)|      SLOW  |    4.678(R)|      FAST  |clk_BUFGP         |   0.000|
data_in<13> |   -3.638(R)|      SLOW  |    4.640(R)|      FAST  |clk_BUFGP         |   0.000|
data_in<14> |   -3.632(R)|      SLOW  |    4.634(R)|      FAST  |clk_BUFGP         |   0.000|
data_in<15> |   -3.657(R)|      SLOW  |    4.658(R)|      FAST  |clk_BUFGP         |   0.000|
data_in<16> |   -4.031(R)|      SLOW  |    5.032(R)|      FAST  |clk_BUFGP         |   0.000|
data_in<17> |   -3.995(R)|      SLOW  |    4.997(R)|      FAST  |clk_BUFGP         |   0.000|
data_in<18> |   -3.984(R)|      SLOW  |    4.986(R)|      FAST  |clk_BUFGP         |   0.000|
data_in<19> |   -4.008(R)|      SLOW  |    5.010(R)|      FAST  |clk_BUFGP         |   0.000|
data_in<20> |   -4.010(R)|      SLOW  |    5.012(R)|      FAST  |clk_BUFGP         |   0.000|
data_in<21> |   -4.005(R)|      SLOW  |    5.007(R)|      FAST  |clk_BUFGP         |   0.000|
data_in<22> |   -4.006(R)|      SLOW  |    5.008(R)|      FAST  |clk_BUFGP         |   0.000|
data_in<23> |   -4.045(R)|      SLOW  |    5.046(R)|      FAST  |clk_BUFGP         |   0.000|
data_in<24> |   -3.379(R)|      SLOW  |    4.380(R)|      FAST  |clk_BUFGP         |   0.000|
data_in<25> |   -3.313(R)|      SLOW  |    4.314(R)|      FAST  |clk_BUFGP         |   0.000|
data_in<26> |   -3.364(R)|      SLOW  |    4.366(R)|      FAST  |clk_BUFGP         |   0.000|
data_in<27> |   -3.314(R)|      SLOW  |    4.316(R)|      FAST  |clk_BUFGP         |   0.000|
data_in<28> |   -3.368(R)|      SLOW  |    4.369(R)|      FAST  |clk_BUFGP         |   0.000|
data_in<29> |   -3.248(R)|      SLOW  |    4.250(R)|      FAST  |clk_BUFGP         |   0.000|
data_in<30> |   -3.349(R)|      SLOW  |    4.351(R)|      FAST  |clk_BUFGP         |   0.000|
data_in<31> |   -3.300(R)|      SLOW  |    4.301(R)|      FAST  |clk_BUFGP         |   0.000|
data_in<32> |   -5.436(R)|      FAST  |    6.022(R)|      SLOW  |clk_BUFGP         |   0.000|
data_in<33> |   -5.425(R)|      FAST  |    6.010(R)|      SLOW  |clk_BUFGP         |   0.000|
data_in<34> |   -5.424(R)|      FAST  |    6.009(R)|      SLOW  |clk_BUFGP         |   0.000|
data_in<35> |   -5.444(R)|      FAST  |    6.029(R)|      SLOW  |clk_BUFGP         |   0.000|
data_in<36> |   -5.400(R)|      FAST  |    5.986(R)|      SLOW  |clk_BUFGP         |   0.000|
data_in<37> |   -5.429(R)|      FAST  |    6.015(R)|      SLOW  |clk_BUFGP         |   0.000|
data_in<38> |   -5.425(R)|      FAST  |    6.011(R)|      SLOW  |clk_BUFGP         |   0.000|
data_in<39> |   -5.394(R)|      FAST  |    5.980(R)|      SLOW  |clk_BUFGP         |   0.000|
data_in<40> |   -2.238(R)|      SLOW  |    3.239(R)|      FAST  |clk_BUFGP         |   0.000|
data_in<41> |   -2.079(R)|      SLOW  |    3.081(R)|      FAST  |clk_BUFGP         |   0.000|
data_in<42> |   -2.216(R)|      SLOW  |    3.218(R)|      FAST  |clk_BUFGP         |   0.000|
data_in<43> |   -2.066(R)|      SLOW  |    3.067(R)|      FAST  |clk_BUFGP         |   0.000|
data_in<44> |   -2.106(R)|      SLOW  |    3.108(R)|      FAST  |clk_BUFGP         |   0.000|
data_in<45> |   -2.098(R)|      SLOW  |    3.099(R)|      FAST  |clk_BUFGP         |   0.000|
data_in<46> |   -2.141(R)|      SLOW  |    3.142(R)|      FAST  |clk_BUFGP         |   0.000|
data_in<47> |   -2.080(R)|      SLOW  |    3.081(R)|      FAST  |clk_BUFGP         |   0.000|
data_in<48> |   -1.425(R)|      SLOW  |    2.427(R)|      FAST  |clk_BUFGP         |   0.000|
data_in<49> |   -1.472(R)|      SLOW  |    2.473(R)|      FAST  |clk_BUFGP         |   0.000|
data_in<50> |   -1.433(R)|      SLOW  |    2.435(R)|      FAST  |clk_BUFGP         |   0.000|
data_in<51> |   -1.336(R)|      SLOW  |    2.338(R)|      FAST  |clk_BUFGP         |   0.000|
data_in<52> |   -1.414(R)|      SLOW  |    2.415(R)|      FAST  |clk_BUFGP         |   0.000|
data_in<53> |   -1.350(R)|      SLOW  |    2.351(R)|      FAST  |clk_BUFGP         |   0.000|
data_in<54> |   -1.409(R)|      SLOW  |    2.411(R)|      FAST  |clk_BUFGP         |   0.000|
data_in<55> |   -1.321(R)|      SLOW  |    2.322(R)|      FAST  |clk_BUFGP         |   0.000|
data_in<56> |   -3.336(R)|      SLOW  |    4.338(R)|      FAST  |clk_BUFGP         |   0.000|
data_in<57> |   -3.294(R)|      SLOW  |    4.296(R)|      FAST  |clk_BUFGP         |   0.000|
data_in<58> |   -3.349(R)|      SLOW  |    4.351(R)|      FAST  |clk_BUFGP         |   0.000|
data_in<59> |   -3.305(R)|      SLOW  |    4.307(R)|      FAST  |clk_BUFGP         |   0.000|
data_in<60> |   -3.355(R)|      SLOW  |    4.357(R)|      FAST  |clk_BUFGP         |   0.000|
data_in<61> |   -3.294(R)|      SLOW  |    4.295(R)|      FAST  |clk_BUFGP         |   0.000|
data_in<62> |   -3.362(R)|      SLOW  |    4.363(R)|      FAST  |clk_BUFGP         |   0.000|
data_in<63> |   -3.320(R)|      SLOW  |    4.321(R)|      FAST  |clk_BUFGP         |   0.000|
data_in<64> |   -2.644(R)|      SLOW  |    3.645(R)|      FAST  |clk_BUFGP         |   0.000|
data_in<65> |   -2.664(R)|      SLOW  |    3.666(R)|      FAST  |clk_BUFGP         |   0.000|
data_in<66> |   -2.661(R)|      SLOW  |    3.663(R)|      FAST  |clk_BUFGP         |   0.000|
data_in<67> |   -2.660(R)|      SLOW  |    3.661(R)|      FAST  |clk_BUFGP         |   0.000|
data_in<68> |   -2.666(R)|      SLOW  |    3.667(R)|      FAST  |clk_BUFGP         |   0.000|
data_in<69> |   -2.658(R)|      SLOW  |    3.659(R)|      FAST  |clk_BUFGP         |   0.000|
data_in<70> |   -2.655(R)|      SLOW  |    3.657(R)|      FAST  |clk_BUFGP         |   0.000|
data_in<71> |   -2.685(R)|      SLOW  |    3.686(R)|      FAST  |clk_BUFGP         |   0.000|
data_in<72> |   -5.435(R)|      FAST  |    6.020(R)|      SLOW  |clk_BUFGP         |   0.000|
data_in<73> |   -5.430(R)|      FAST  |    6.015(R)|      SLOW  |clk_BUFGP         |   0.000|
data_in<74> |   -2.598(R)|      SLOW  |    3.599(R)|      FAST  |clk_BUFGP         |   0.000|
data_in<75> |   -2.500(R)|      SLOW  |    3.501(R)|      FAST  |clk_BUFGP         |   0.000|
data_in<76> |   -2.585(R)|      SLOW  |    3.586(R)|      FAST  |clk_BUFGP         |   0.000|
data_in<77> |   -2.475(R)|      SLOW  |    3.477(R)|      FAST  |clk_BUFGP         |   0.000|
data_in<78> |   -2.479(R)|      SLOW  |    3.480(R)|      FAST  |clk_BUFGP         |   0.000|
data_in<79> |   -2.483(R)|      SLOW  |    3.484(R)|      FAST  |clk_BUFGP         |   0.000|
data_in<80> |   -1.411(R)|      SLOW  |    2.413(R)|      FAST  |clk_BUFGP         |   0.000|
data_in<81> |   -1.423(R)|      SLOW  |    2.425(R)|      FAST  |clk_BUFGP         |   0.000|
data_in<82> |   -1.413(R)|      SLOW  |    2.414(R)|      FAST  |clk_BUFGP         |   0.000|
data_in<83> |   -1.410(R)|      SLOW  |    2.412(R)|      FAST  |clk_BUFGP         |   0.000|
data_in<84> |   -1.435(R)|      SLOW  |    2.436(R)|      FAST  |clk_BUFGP         |   0.000|
data_in<85> |   -1.449(R)|      SLOW  |    2.450(R)|      FAST  |clk_BUFGP         |   0.000|
data_in<86> |   -1.432(R)|      SLOW  |    2.433(R)|      FAST  |clk_BUFGP         |   0.000|
data_in<87> |   -1.432(R)|      SLOW  |    2.433(R)|      FAST  |clk_BUFGP         |   0.000|
data_in<88> |   -0.704(R)|      SLOW  |    1.706(R)|      FAST  |clk_BUFGP         |   0.000|
data_in<89> |   -0.702(R)|      SLOW  |    1.704(R)|      FAST  |clk_BUFGP         |   0.000|
data_in<90> |   -0.717(R)|      SLOW  |    1.718(R)|      FAST  |clk_BUFGP         |   0.000|
data_in<91> |   -0.722(R)|      SLOW  |    1.723(R)|      FAST  |clk_BUFGP         |   0.000|
data_in<92> |   -0.723(R)|      SLOW  |    1.724(R)|      FAST  |clk_BUFGP         |   0.000|
data_in<93> |   -0.724(R)|      SLOW  |    1.726(R)|      FAST  |clk_BUFGP         |   0.000|
data_in<94> |   -0.707(R)|      SLOW  |    1.708(R)|      FAST  |clk_BUFGP         |   0.000|
data_in<95> |   -0.710(R)|      SLOW  |    1.712(R)|      FAST  |clk_BUFGP         |   0.000|
data_in<96> |   -2.682(R)|      SLOW  |    3.684(R)|      FAST  |clk_BUFGP         |   0.000|
data_in<97> |   -2.684(R)|      SLOW  |    3.685(R)|      FAST  |clk_BUFGP         |   0.000|
data_in<98> |   -2.803(R)|      SLOW  |    3.804(R)|      FAST  |clk_BUFGP         |   0.000|
data_in<99> |   -4.509(R)|      SLOW  |    5.511(R)|      FAST  |clk_BUFGP         |   0.000|
data_in<100>|   -4.562(R)|      SLOW  |    5.564(R)|      FAST  |clk_BUFGP         |   0.000|
data_in<101>|   -4.543(R)|      SLOW  |    5.545(R)|      FAST  |clk_BUFGP         |   0.000|
data_in<102>|   -4.552(R)|      SLOW  |    5.554(R)|      FAST  |clk_BUFGP         |   0.000|
data_in<103>|   -4.590(R)|      SLOW  |    5.591(R)|      FAST  |clk_BUFGP         |   0.000|
data_in<104>|   -5.401(R)|      FAST  |    5.987(R)|      SLOW  |clk_BUFGP         |   0.000|
data_in<105>|   -5.408(R)|      FAST  |    5.994(R)|      SLOW  |clk_BUFGP         |   0.000|
data_in<106>|   -5.411(R)|      FAST  |    5.996(R)|      SLOW  |clk_BUFGP         |   0.000|
data_in<107>|   -5.424(R)|      FAST  |    6.009(R)|      SLOW  |clk_BUFGP         |   0.000|
data_in<108>|   -5.424(R)|      FAST  |    6.009(R)|      SLOW  |clk_BUFGP         |   0.000|
data_in<109>|   -4.000(R)|      SLOW  |    5.001(R)|      FAST  |clk_BUFGP         |   0.000|
data_in<110>|   -4.010(R)|      SLOW  |    5.011(R)|      FAST  |clk_BUFGP         |   0.000|
data_in<111>|   -4.017(R)|      SLOW  |    5.019(R)|      FAST  |clk_BUFGP         |   0.000|
data_in<112>|   -4.566(R)|      SLOW  |    5.567(R)|      FAST  |clk_BUFGP         |   0.000|
data_in<113>|   -4.571(R)|      SLOW  |    5.572(R)|      FAST  |clk_BUFGP         |   0.000|
data_in<114>|   -4.578(R)|      SLOW  |    5.579(R)|      FAST  |clk_BUFGP         |   0.000|
data_in<115>|   -4.567(R)|      SLOW  |    5.569(R)|      FAST  |clk_BUFGP         |   0.000|
data_in<116>|   -4.565(R)|      SLOW  |    5.567(R)|      FAST  |clk_BUFGP         |   0.000|
data_in<117>|   -1.716(R)|      SLOW  |    2.718(R)|      FAST  |clk_BUFGP         |   0.000|
data_in<118>|   -1.758(R)|      SLOW  |    2.759(R)|      FAST  |clk_BUFGP         |   0.000|
data_in<119>|   -3.441(R)|      SLOW  |    4.443(R)|      FAST  |clk_BUFGP         |   0.000|
data_in<120>|   -4.422(R)|      SLOW  |    5.424(R)|      FAST  |clk_BUFGP         |   0.000|
data_in<121>|   -2.612(R)|      SLOW  |    3.613(R)|      FAST  |clk_BUFGP         |   0.000|
data_in<122>|   -0.919(R)|      SLOW  |    1.921(R)|      FAST  |clk_BUFGP         |   0.000|
data_in<123>|   -2.619(R)|      SLOW  |    3.621(R)|      FAST  |clk_BUFGP         |   0.000|
data_in<124>|   -0.961(R)|      SLOW  |    1.963(R)|      FAST  |clk_BUFGP         |   0.000|
data_in<125>|   -0.927(R)|      SLOW  |    1.929(R)|      FAST  |clk_BUFGP         |   0.000|
data_in<126>|   -1.019(R)|      SLOW  |    2.020(R)|      FAST  |clk_BUFGP         |   0.000|
data_in<127>|   -0.830(R)|      SLOW  |    1.832(R)|      FAST  |clk_BUFGP         |   0.000|
reset       |    0.822(R)|      SLOW  |    5.515(R)|      FAST  |clk_BUFGP         |   0.000|
valid_in    |    0.720(R)|      SLOW  |    6.003(R)|      SLOW  |clk_BUFGP         |   0.000|
------------+------------+------------+------------+------------+------------------+--------+

Clock clk to Pad
-------------+-----------------+------------+-----------------+------------+------------------+--------+
             |Max (slowest) clk|  Process   |Min (fastest) clk|  Process   |                  | Clock  |
Destination  |  (edge) to PAD  |   Corner   |  (edge) to PAD  |   Corner   |Internal Clock(s) | Phase  |
-------------+-----------------+------------+-----------------+------------+------------------+--------+
data_out<0>  |        12.566(R)|      SLOW  |         9.874(R)|      FAST  |clk_BUFGP         |   0.000|
data_out<1>  |        12.590(R)|      SLOW  |         9.897(R)|      FAST  |clk_BUFGP         |   0.000|
data_out<2>  |        12.543(R)|      SLOW  |         9.851(R)|      FAST  |clk_BUFGP         |   0.000|
data_out<3>  |        12.586(R)|      SLOW  |         9.893(R)|      FAST  |clk_BUFGP         |   0.000|
data_out<4>  |        12.540(R)|      SLOW  |         9.848(R)|      FAST  |clk_BUFGP         |   0.000|
data_out<5>  |        12.578(R)|      SLOW  |         9.886(R)|      FAST  |clk_BUFGP         |   0.000|
data_out<6>  |        12.451(R)|      SLOW  |         9.758(R)|      FAST  |clk_BUFGP         |   0.000|
data_out<7>  |        12.573(R)|      SLOW  |         9.880(R)|      FAST  |clk_BUFGP         |   0.000|
data_out<8>  |        13.161(R)|      SLOW  |        10.468(R)|      FAST  |clk_BUFGP         |   0.000|
data_out<9>  |        13.389(R)|      SLOW  |        10.697(R)|      FAST  |clk_BUFGP         |   0.000|
data_out<10> |         9.807(R)|      SLOW  |         7.187(R)|      FAST  |clk_BUFGP         |   0.000|
data_out<11> |         9.775(R)|      SLOW  |         7.156(R)|      FAST  |clk_BUFGP         |   0.000|
data_out<12> |         9.782(R)|      SLOW  |         7.163(R)|      FAST  |clk_BUFGP         |   0.000|
data_out<13> |         9.797(R)|      SLOW  |         7.178(R)|      FAST  |clk_BUFGP         |   0.000|
data_out<14> |         9.802(R)|      SLOW  |         7.183(R)|      FAST  |clk_BUFGP         |   0.000|
data_out<15> |         9.771(R)|      SLOW  |         7.152(R)|      FAST  |clk_BUFGP         |   0.000|
data_out<16> |         9.802(R)|      SLOW  |         7.182(R)|      FAST  |clk_BUFGP         |   0.000|
data_out<17> |         9.820(R)|      SLOW  |         7.201(R)|      FAST  |clk_BUFGP         |   0.000|
data_out<18> |         9.821(R)|      SLOW  |         7.201(R)|      FAST  |clk_BUFGP         |   0.000|
data_out<19> |         9.803(R)|      SLOW  |         7.183(R)|      FAST  |clk_BUFGP         |   0.000|
data_out<20> |         9.825(R)|      SLOW  |         7.205(R)|      FAST  |clk_BUFGP         |   0.000|
data_out<21> |         9.737(R)|      SLOW  |         7.119(R)|      FAST  |clk_BUFGP         |   0.000|
data_out<22> |         9.811(R)|      SLOW  |         7.192(R)|      FAST  |clk_BUFGP         |   0.000|
data_out<23> |         9.809(R)|      SLOW  |         7.190(R)|      FAST  |clk_BUFGP         |   0.000|
data_out<24> |         9.810(R)|      SLOW  |         7.190(R)|      FAST  |clk_BUFGP         |   0.000|
data_out<25> |         9.789(R)|      SLOW  |         7.170(R)|      FAST  |clk_BUFGP         |   0.000|
data_out<26> |         9.800(R)|      SLOW  |         7.181(R)|      FAST  |clk_BUFGP         |   0.000|
data_out<27> |         9.786(R)|      SLOW  |         7.167(R)|      FAST  |clk_BUFGP         |   0.000|
data_out<28> |         9.811(R)|      SLOW  |         7.191(R)|      FAST  |clk_BUFGP         |   0.000|
data_out<29> |         9.796(R)|      SLOW  |         7.177(R)|      FAST  |clk_BUFGP         |   0.000|
data_out<30> |         9.775(R)|      SLOW  |         7.156(R)|      FAST  |clk_BUFGP         |   0.000|
data_out<31> |         9.802(R)|      SLOW  |         7.183(R)|      FAST  |clk_BUFGP         |   0.000|
data_out<32> |         9.789(R)|      SLOW  |         7.169(R)|      FAST  |clk_BUFGP         |   0.000|
data_out<33> |         9.757(R)|      SLOW  |         7.138(R)|      FAST  |clk_BUFGP         |   0.000|
data_out<34> |         9.791(R)|      SLOW  |         7.171(R)|      FAST  |clk_BUFGP         |   0.000|
data_out<35> |         9.794(R)|      SLOW  |         7.175(R)|      FAST  |clk_BUFGP         |   0.000|
data_out<36> |         9.788(R)|      SLOW  |         7.169(R)|      FAST  |clk_BUFGP         |   0.000|
data_out<37> |         9.787(R)|      SLOW  |         7.168(R)|      FAST  |clk_BUFGP         |   0.000|
data_out<38> |         9.780(R)|      SLOW  |         7.160(R)|      FAST  |clk_BUFGP         |   0.000|
data_out<39> |         9.783(R)|      SLOW  |         7.164(R)|      FAST  |clk_BUFGP         |   0.000|
data_out<40> |        11.450(R)|      SLOW  |         8.758(R)|      FAST  |clk_BUFGP         |   0.000|
data_out<41> |        11.325(R)|      SLOW  |         8.633(R)|      FAST  |clk_BUFGP         |   0.000|
data_out<42> |        11.491(R)|      SLOW  |         8.798(R)|      FAST  |clk_BUFGP         |   0.000|
data_out<43> |        10.663(R)|      SLOW  |         7.970(R)|      FAST  |clk_BUFGP         |   0.000|
data_out<44> |        10.600(R)|      SLOW  |         7.907(R)|      FAST  |clk_BUFGP         |   0.000|
data_out<45> |         9.791(R)|      SLOW  |         7.172(R)|      FAST  |clk_BUFGP         |   0.000|
data_out<46> |         9.808(R)|      SLOW  |         7.189(R)|      FAST  |clk_BUFGP         |   0.000|
data_out<47> |         9.809(R)|      SLOW  |         7.190(R)|      FAST  |clk_BUFGP         |   0.000|
data_out<48> |         9.814(R)|      SLOW  |         7.194(R)|      FAST  |clk_BUFGP         |   0.000|
data_out<49> |         9.812(R)|      SLOW  |         7.192(R)|      FAST  |clk_BUFGP         |   0.000|
data_out<50> |         9.824(R)|      SLOW  |         7.204(R)|      FAST  |clk_BUFGP         |   0.000|
data_out<51> |         9.832(R)|      SLOW  |         7.213(R)|      FAST  |clk_BUFGP         |   0.000|
data_out<52> |         9.820(R)|      SLOW  |         7.201(R)|      FAST  |clk_BUFGP         |   0.000|
data_out<53> |         9.828(R)|      SLOW  |         7.208(R)|      FAST  |clk_BUFGP         |   0.000|
data_out<54> |         9.833(R)|      SLOW  |         7.213(R)|      FAST  |clk_BUFGP         |   0.000|
data_out<55> |         9.840(R)|      SLOW  |         7.220(R)|      FAST  |clk_BUFGP         |   0.000|
data_out<56> |         9.811(R)|      SLOW  |         7.192(R)|      FAST  |clk_BUFGP         |   0.000|
data_out<57> |         9.817(R)|      SLOW  |         7.197(R)|      FAST  |clk_BUFGP         |   0.000|
data_out<58> |         9.843(R)|      SLOW  |         7.223(R)|      FAST  |clk_BUFGP         |   0.000|
data_out<59> |         9.841(R)|      SLOW  |         7.221(R)|      FAST  |clk_BUFGP         |   0.000|
data_out<60> |         9.850(R)|      SLOW  |         7.230(R)|      FAST  |clk_BUFGP         |   0.000|
data_out<61> |         9.860(R)|      SLOW  |         7.240(R)|      FAST  |clk_BUFGP         |   0.000|
data_out<62> |         9.869(R)|      SLOW  |         7.249(R)|      FAST  |clk_BUFGP         |   0.000|
data_out<63> |         9.875(R)|      SLOW  |         7.254(R)|      FAST  |clk_BUFGP         |   0.000|
data_out<64> |         9.847(R)|      SLOW  |         7.227(R)|      FAST  |clk_BUFGP         |   0.000|
data_out<65> |         9.846(R)|      SLOW  |         7.226(R)|      FAST  |clk_BUFGP         |   0.000|
data_out<66> |         9.753(R)|      SLOW  |         7.135(R)|      FAST  |clk_BUFGP         |   0.000|
data_out<67> |         9.867(R)|      SLOW  |         7.247(R)|      FAST  |clk_BUFGP         |   0.000|
data_out<68> |         9.799(R)|      SLOW  |         7.179(R)|      FAST  |clk_BUFGP         |   0.000|
data_out<69> |         9.857(R)|      SLOW  |         7.237(R)|      FAST  |clk_BUFGP         |   0.000|
data_out<70> |         9.815(R)|      SLOW  |         7.195(R)|      FAST  |clk_BUFGP         |   0.000|
data_out<71> |         9.749(R)|      SLOW  |         7.130(R)|      FAST  |clk_BUFGP         |   0.000|
data_out<72> |         9.761(R)|      SLOW  |         7.142(R)|      FAST  |clk_BUFGP         |   0.000|
data_out<73> |         9.814(R)|      SLOW  |         7.194(R)|      FAST  |clk_BUFGP         |   0.000|
data_out<74> |         9.778(R)|      SLOW  |         7.159(R)|      FAST  |clk_BUFGP         |   0.000|
data_out<75> |         9.775(R)|      SLOW  |         7.156(R)|      FAST  |clk_BUFGP         |   0.000|
data_out<76> |         9.800(R)|      SLOW  |         7.181(R)|      FAST  |clk_BUFGP         |   0.000|
data_out<77> |         9.780(R)|      SLOW  |         7.160(R)|      FAST  |clk_BUFGP         |   0.000|
data_out<78> |         9.794(R)|      SLOW  |         7.175(R)|      FAST  |clk_BUFGP         |   0.000|
data_out<79> |         9.793(R)|      SLOW  |         7.174(R)|      FAST  |clk_BUFGP         |   0.000|
data_out<80> |         9.775(R)|      SLOW  |         7.156(R)|      FAST  |clk_BUFGP         |   0.000|
data_out<81> |         9.794(R)|      SLOW  |         7.174(R)|      FAST  |clk_BUFGP         |   0.000|
data_out<82> |         9.784(R)|      SLOW  |         7.165(R)|      FAST  |clk_BUFGP         |   0.000|
data_out<83> |         9.764(R)|      SLOW  |         7.145(R)|      FAST  |clk_BUFGP         |   0.000|
data_out<84> |         9.784(R)|      SLOW  |         7.165(R)|      FAST  |clk_BUFGP         |   0.000|
data_out<85> |         9.780(R)|      SLOW  |         7.161(R)|      FAST  |clk_BUFGP         |   0.000|
data_out<86> |         9.794(R)|      SLOW  |         7.175(R)|      FAST  |clk_BUFGP         |   0.000|
data_out<87> |         9.782(R)|      SLOW  |         7.162(R)|      FAST  |clk_BUFGP         |   0.000|
data_out<88> |         9.771(R)|      SLOW  |         7.152(R)|      FAST  |clk_BUFGP         |   0.000|
data_out<89> |         9.797(R)|      SLOW  |         7.178(R)|      FAST  |clk_BUFGP         |   0.000|
data_out<90> |         9.813(R)|      SLOW  |         7.193(R)|      FAST  |clk_BUFGP         |   0.000|
data_out<91> |         9.770(R)|      SLOW  |         7.151(R)|      FAST  |clk_BUFGP         |   0.000|
data_out<92> |         9.811(R)|      SLOW  |         7.192(R)|      FAST  |clk_BUFGP         |   0.000|
data_out<93> |         9.824(R)|      SLOW  |         7.204(R)|      FAST  |clk_BUFGP         |   0.000|
data_out<94> |         9.828(R)|      SLOW  |         7.208(R)|      FAST  |clk_BUFGP         |   0.000|
data_out<95> |         9.814(R)|      SLOW  |         7.195(R)|      FAST  |clk_BUFGP         |   0.000|
data_out<96> |         9.865(R)|      SLOW  |         7.245(R)|      FAST  |clk_BUFGP         |   0.000|
data_out<97> |         9.833(R)|      SLOW  |         7.214(R)|      FAST  |clk_BUFGP         |   0.000|
data_out<98> |         9.883(R)|      SLOW  |         7.263(R)|      FAST  |clk_BUFGP         |   0.000|
data_out<99> |         9.854(R)|      SLOW  |         7.234(R)|      FAST  |clk_BUFGP         |   0.000|
data_out<100>|         9.862(R)|      SLOW  |         7.242(R)|      FAST  |clk_BUFGP         |   0.000|
data_out<101>|         9.850(R)|      SLOW  |         7.231(R)|      FAST  |clk_BUFGP         |   0.000|
data_out<102>|         9.844(R)|      SLOW  |         7.224(R)|      FAST  |clk_BUFGP         |   0.000|
data_out<103>|         9.859(R)|      SLOW  |         7.239(R)|      FAST  |clk_BUFGP         |   0.000|
data_out<104>|         9.875(R)|      SLOW  |         7.255(R)|      FAST  |clk_BUFGP         |   0.000|
data_out<105>|         9.832(R)|      SLOW  |         7.212(R)|      FAST  |clk_BUFGP         |   0.000|
data_out<106>|         9.872(R)|      SLOW  |         7.252(R)|      FAST  |clk_BUFGP         |   0.000|
data_out<107>|         9.862(R)|      SLOW  |         7.242(R)|      FAST  |clk_BUFGP         |   0.000|
data_out<108>|         9.870(R)|      SLOW  |         7.250(R)|      FAST  |clk_BUFGP         |   0.000|
data_out<109>|         9.867(R)|      SLOW  |         7.247(R)|      FAST  |clk_BUFGP         |   0.000|
data_out<110>|         9.869(R)|      SLOW  |         7.249(R)|      FAST  |clk_BUFGP         |   0.000|
data_out<111>|         9.880(R)|      SLOW  |         7.260(R)|      FAST  |clk_BUFGP         |   0.000|
data_out<112>|         9.867(R)|      SLOW  |         7.247(R)|      FAST  |clk_BUFGP         |   0.000|
data_out<113>|         9.871(R)|      SLOW  |         7.251(R)|      FAST  |clk_BUFGP         |   0.000|
data_out<114>|         9.871(R)|      SLOW  |         7.251(R)|      FAST  |clk_BUFGP         |   0.000|
data_out<115>|         9.870(R)|      SLOW  |         7.250(R)|      FAST  |clk_BUFGP         |   0.000|
data_out<116>|         9.855(R)|      SLOW  |         7.235(R)|      FAST  |clk_BUFGP         |   0.000|
data_out<117>|         9.871(R)|      SLOW  |         7.250(R)|      FAST  |clk_BUFGP         |   0.000|
data_out<118>|         9.819(R)|      SLOW  |         7.200(R)|      FAST  |clk_BUFGP         |   0.000|
data_out<119>|         9.740(R)|      SLOW  |         7.122(R)|      FAST  |clk_BUFGP         |   0.000|
data_out<120>|         9.777(R)|      SLOW  |         7.158(R)|      FAST  |clk_BUFGP         |   0.000|
data_out<121>|         9.785(R)|      SLOW  |         7.166(R)|      FAST  |clk_BUFGP         |   0.000|
data_out<122>|         9.793(R)|      SLOW  |         7.174(R)|      FAST  |clk_BUFGP         |   0.000|
data_out<123>|         9.795(R)|      SLOW  |         7.176(R)|      FAST  |clk_BUFGP         |   0.000|
data_out<124>|         9.768(R)|      SLOW  |         7.149(R)|      FAST  |clk_BUFGP         |   0.000|
data_out<125>|         9.762(R)|      SLOW  |         7.143(R)|      FAST  |clk_BUFGP         |   0.000|
data_out<126>|         9.813(R)|      SLOW  |         7.193(R)|      FAST  |clk_BUFGP         |   0.000|
data_out<127>|         9.774(R)|      SLOW  |         7.155(R)|      FAST  |clk_BUFGP         |   0.000|
valid_out    |        10.364(R)|      SLOW  |         7.672(R)|      FAST  |clk_BUFGP         |   0.000|
-------------+-----------------+------------+-----------------+------------+------------------+--------+


Analysis completed Tue Feb 25 21:26:15 2020 
--------------------------------------------------------------------------------

Trace Settings:
-------------------------
Trace Settings 

Peak Memory Usage: 5004 MB



