Release 14.7 - xst P.20131013 (nt64)
Copyright (c) 1995-2013 Xilinx, Inc.  All rights reserved.
--> Parameter TMPDIR set to xst/projnav.tmp


Total REAL time to Xst completion: 0.00 secs
Total CPU time to Xst completion: 0.11 secs
 
--> Parameter xsthdpdir set to xst


Total REAL time to Xst completion: 0.00 secs
Total CPU time to Xst completion: 0.11 secs
 
--> Reading design: Subbytes.prj

TABLE OF CONTENTS
  1) Synthesis Options Summary
  2) HDL Parsing
  3) HDL Elaboration
  4) HDL Synthesis
       4.1) HDL Synthesis Report
  5) Advanced HDL Synthesis
       5.1) Advanced HDL Synthesis Report
  6) Low Level Synthesis
  7) Partition Report
  8) Design Summary
       8.1) Primitive and Black Box Usage
       8.2) Device utilization summary
       8.3) Partition Resource Summary
       8.4) Timing Report
            8.4.1) Clock Information
            8.4.2) Asynchronous Control Signals Information
            8.4.3) Timing Summary
            8.4.4) Timing Details
            8.4.5) Cross Clock Domains Report


=========================================================================
*                      Synthesis Options Summary                        *
=========================================================================
---- Source Parameters
Input File Name                    : "Subbytes.prj"
Ignore Synthesis Constraint File   : NO

---- Target Parameters
Output File Name                   : "Subbytes"
Output Format                      : NGC
Target Device                      : xc7a100t-1-fgg676

---- Source Options
Top Module Name                    : Subbytes
Automatic FSM Extraction           : YES
FSM Encoding Algorithm             : Auto
Safe Implementation                : No
FSM Style                          : LUT
RAM Extraction                     : Yes
RAM Style                          : Auto
ROM Extraction                     : Yes
Shift Register Extraction          : YES
ROM Style                          : Auto
Resource Sharing                   : YES
Asynchronous To Synchronous        : NO
Shift Register Minimum Size        : 2
Use DSP Block                      : Auto
Automatic Register Balancing       : No

---- Target Options
LUT Combining                      : Auto
Reduce Control Sets                : Auto
Add IO Buffers                     : YES
Global Maximum Fanout              : 100000
Add Generic Clock Buffer(BUFG)     : 32
Register Duplication               : YES
Optimize Instantiated Primitives   : NO
Use Clock Enable                   : Auto
Use Synchronous Set                : Auto
Use Synchronous Reset              : Auto
Pack IO Registers into IOBs        : Auto
Equivalent register Removal        : YES

---- General Options
Optimization Goal                  : Speed
Optimization Effort                : 1
Power Reduction                    : NO
Keep Hierarchy                     : No
Netlist Hierarchy                  : As_Optimized
RTL Output                         : Yes
Global Optimization                : AllClockNets
Read Cores                         : YES
Write Timing Constraints           : NO
Cross Clock Analysis               : NO
Hierarchy Separator                : /
Bus Delimiter                      : <>
Case Specifier                     : Maintain
Slice Utilization Ratio            : 100
BRAM Utilization Ratio             : 100
DSP48 Utilization Ratio            : 100
Auto BRAM Packing                  : NO
Slice Utilization Ratio Delta      : 5

=========================================================================


=========================================================================
*                          HDL Parsing                                  *
=========================================================================
Analyzing Verilog file "C:\Users\qiuke\Desktop\AES_V1.0\AES\Sbox.v" into library work
Parsing module <Sbox>.
Analyzing Verilog file "C:\Users\qiuke\Desktop\AES_V1.0\AES\Subbytes.v" into library work
Parsing module <Subbytes>.

=========================================================================
*                            HDL Elaboration                            *
=========================================================================

Elaborating module <Subbytes>.

Elaborating module <Sbox>.

=========================================================================
*                           HDL Synthesis                               *
=========================================================================

Synthesizing Unit <Subbytes>.
    Related source file is "C:\Users\qiuke\Desktop\AES_V1.0\AES\Subbytes.v".
    Found 1-bit register for signal <valid_out>.
    Summary:
	inferred   1 D-type flip-flop(s).
Unit <Subbytes> synthesized.

Synthesizing Unit <Sbox>.
    Related source file is "C:\Users\qiuke\Desktop\AES_V1.0\AES\Sbox.v".
    Found 256x8-bit Read Only RAM for signal <dout>
    Summary:
	inferred   1 RAM(s).
Unit <Sbox> synthesized.

=========================================================================
HDL Synthesis Report

Macro Statistics
# RAMs                                                 : 16
 256x8-bit single-port Read Only RAM                   : 16
# Registers                                            : 1
 1-bit register                                        : 1

=========================================================================

=========================================================================
*                       Advanced HDL Synthesis                          *
=========================================================================


Synthesizing (advanced) Unit <Sbox>.
INFO:Xst:3218 - HDL ADVISOR - The RAM <Mram_dout> will be implemented on LUTs either because you have described an asynchronous read or because of currently unsupported block RAM features. If you have described an asynchronous read, making it synchronous would allow you to take advantage of available block RAM resources, for optimized device usage and improved timings. Please refer to your documentation for coding guidelines.
    -----------------------------------------------------------------------
    | ram_type           | Distributed                         |          |
    -----------------------------------------------------------------------
    | Port A                                                              |
    |     aspect ratio   | 256-word x 8-bit                    |          |
    |     weA            | connected to signal <GND>           | high     |
    |     addrA          | connected to signal <addr>          |          |
    |     diA            | connected to signal <GND>           |          |
    |     doA            | connected to signal <dout>          |          |
    -----------------------------------------------------------------------
Unit <Sbox> synthesized (advanced).

=========================================================================
Advanced HDL Synthesis Report

Macro Statistics
# RAMs                                                 : 16
 256x8-bit single-port distributed Read Only RAM       : 16
# Registers                                            : 1
 Flip-Flops                                            : 1

=========================================================================

=========================================================================
*                         Low Level Synthesis                           *
=========================================================================

Optimizing unit <Subbytes> ...

Mapping all equations...
Building and optimizing final netlist ...
Found area constraint ratio of 100 (+ 5) on block Subbytes, actual ratio is 0.

Final Macro Processing ...

=========================================================================
Final Register Report

Macro Statistics
# Registers                                            : 1
 Flip-Flops                                            : 1

=========================================================================

=========================================================================
*                           Partition Report                            *
=========================================================================

Partition Implementation Status
-------------------------------

  No Partitions were found in this design.

-------------------------------

=========================================================================
*                            Design Summary                             *
=========================================================================

Top Level Output File Name         : Subbytes.ngc

Primitive and Black Box Usage:
------------------------------
# BELS                             : 897
#      INV                         : 1
#      LUT6                        : 512
#      MUXF7                       : 256
#      MUXF8                       : 128
# FlipFlops/Latches                : 1
#      FDC                         : 1
# Clock Buffers                    : 1
#      BUFGP                       : 1
# IO Buffers                       : 259
#      IBUF                        : 130
#      OBUF                        : 129

Device utilization summary:
---------------------------

Selected Device : 7a100tfgg676-1 


Slice Logic Utilization: 
 Number of Slice LUTs:                  513  out of  63400     0%  
    Number used as Logic:               513  out of  63400     0%  

Slice Logic Distribution: 
 Number of LUT Flip Flop pairs used:    513
   Number with an unused Flip Flop:     513  out of    513   100%  
   Number with an unused LUT:             0  out of    513     0%  
   Number of fully used LUT-FF pairs:     0  out of    513     0%  
   Number of unique control sets:         1

IO Utilization: 
 Number of IOs:                         260
 Number of bonded IOBs:                 260  out of    300    86%  
    IOB Flip Flops/Latches:               1

Specific Feature Utilization:
 Number of BUFG/BUFGCTRLs:                1  out of     32     3%  

---------------------------
Partition Resource Summary:
---------------------------

  No Partitions were found in this design.

---------------------------


=========================================================================
Timing Report

NOTE: THESE TIMING NUMBERS ARE ONLY A SYNTHESIS ESTIMATE.
      FOR ACCURATE TIMING INFORMATION PLEASE REFER TO THE TRACE REPORT
      GENERATED AFTER PLACE-and-ROUTE.

Clock Information:
------------------
-----------------------------------+------------------------+-------+
Clock Signal                       | Clock buffer(FF name)  | Load  |
-----------------------------------+------------------------+-------+
clk                                | BUFGP                  | 1     |
-----------------------------------+------------------------+-------+

Asynchronous Control Signals Information:
----------------------------------------
No asynchronous control signals found in this design

Timing Summary:
---------------
Speed Grade: -1

   Minimum period: No path found
   Minimum input arrival time before clock: 1.439ns
   Maximum output required time after clock: 0.877ns
   Maximum combinational path delay: 2.280ns

Timing Details:
---------------
All values displayed in nanoseconds (ns)

=========================================================================
Timing constraint: Default OFFSET IN BEFORE for Clock 'clk'
  Total number of paths / destination ports: 2 / 2
-------------------------------------------------------------------------
Offset:              1.439ns (Levels of Logic = 2)
  Source:            reset (PAD)
  Destination:       valid_out (FF)
  Destination Clock: clk rising

  Data Path: reset to valid_out
                                Gate     Net
    Cell:in->out      fanout   Delay   Delay  Logical Name (Net Name)
    ----------------------------------------  ------------
     IBUF:I->O             1   0.001   0.399  reset_IBUF (reset_IBUF)
     INV:I->O              1   0.146   0.399  reset_inv1_INV_0 (reset_inv)
     FDC:CLR                   0.494          valid_out
    ----------------------------------------
    Total                      1.439ns (0.641ns logic, 0.798ns route)
                                       (44.5% logic, 55.5% route)

=========================================================================
Timing constraint: Default OFFSET OUT AFTER for Clock 'clk'
  Total number of paths / destination ports: 1 / 1
-------------------------------------------------------------------------
Offset:              0.877ns (Levels of Logic = 1)
  Source:            valid_out (FF)
  Destination:       valid_out (PAD)
  Source Clock:      clk rising

  Data Path: valid_out to valid_out
                                Gate     Net
    Cell:in->out      fanout   Delay   Delay  Logical Name (Net Name)
    ----------------------------------------  ------------
     FDC:C->Q              1   0.478   0.399  valid_out (valid_out_OBUF)
     OBUF:I->O                 0.000          valid_out_OBUF (valid_out)
    ----------------------------------------
    Total                      0.877ns (0.478ns logic, 0.399ns route)
                                       (54.5% logic, 45.5% route)

=========================================================================
Timing constraint: Default path analysis
  Total number of paths / destination ports: 3456 / 128
-------------------------------------------------------------------------
Delay:               2.280ns (Levels of Logic = 5)
  Source:            data_in<120> (PAD)
  Destination:       data_out<127> (PAD)

  Data Path: data_in<120> to data_out<127>
                                Gate     Net
    Cell:in->out      fanout   Delay   Delay  Logical Name (Net Name)
    ----------------------------------------  ------------
     IBUF:I->O            32   0.001   1.092  data_in_120_IBUF (data_in_120_IBUF)
     LUT6:I0->O            1   0.124   0.000  ROM[15].u_sbox/Mram_dout23 (ROM[15].u_sbox/Mram_dout23)
     MUXF7:I1->O           1   0.368   0.000  ROM[15].u_sbox/Mram_dout2_f7_0 (ROM[15].u_sbox/Mram_dout2_f71)
     MUXF8:I0->O           1   0.296   0.399  ROM[15].u_sbox/Mram_dout2_f8 (data_out_121_OBUF)
     OBUF:I->O                 0.000          data_out_121_OBUF (data_out<121>)
    ----------------------------------------
    Total                      2.280ns (0.789ns logic, 1.491ns route)
                                       (34.6% logic, 65.4% route)

=========================================================================

Cross Clock Domains Report:
--------------------------

=========================================================================


Total REAL time to Xst completion: 10.00 secs
Total CPU time to Xst completion: 9.37 secs
 
--> 

Total memory usage is 4626932 kilobytes

Number of errors   :    0 (   0 filtered)
Number of warnings :    0 (   0 filtered)
Number of infos    :    1 (   0 filtered)

