--------------------------------------------------------------------------------
Release 14.7 Trace  (nt64)
Copyright (c) 1995-2013 Xilinx, Inc.  All rights reserved.

D:\14.7\ISE_DS\ISE\bin\nt64\unwrapped\trce.exe -intstyle ise -v 3 -s 1 -n 3
-fastpaths -xml Subbytes.twx Subbytes.ncd -o Subbytes.twr Subbytes.pcf

Design file:              Subbytes.ncd
Physical constraint file: Subbytes.pcf
Device,package,speed:     xc7a100t,fgg676,C,-1 (PRODUCTION 1.10 2013-10-13)
Report level:             verbose report

Environment Variable      Effect 
--------------------      ------ 
NONE                      No environment variables were set
--------------------------------------------------------------------------------

INFO:Timing:2698 - No timing constraints found, doing default enumeration.
INFO:Timing:3412 - To improve timing, see the Timing Closure User Guide (UG612).
INFO:Timing:2752 - To get complete path coverage, use the unconstrained paths 
   option. All paths that are not constrained will be reported in the 
   unconstrained paths section(s) of the report.
INFO:Timing:3339 - The clock-to-out numbers in this timing report are based on 
   a 50 Ohm transmission line loading model.  For the details of this model, 
   and for more information on accounting for different loading conditions, 
   please see the device datasheet.



Data Sheet report:
-----------------
All values displayed in nanoseconds (ns)

Setup/Hold to clock clk
------------+------------+------------+------------+------------+------------------+--------+
            |Max Setup to|  Process   |Max Hold to |  Process   |                  | Clock  |
Source      | clk (edge) |   Corner   | clk (edge) |   Corner   |Internal Clock(s) | Phase  |
------------+------------+------------+------------+------------+------------------+--------+
reset       |    0.568(R)|      FAST  |    0.996(R)|      SLOW  |clk_BUFGP         |   0.000|
valid_in    |   -1.273(R)|      FAST  |    4.631(R)|      SLOW  |clk_BUFGP         |   0.000|
------------+------------+------------+------------+------------+------------------+--------+

Clock clk to Pad
------------+-----------------+------------+-----------------+------------+------------------+--------+
            |Max (slowest) clk|  Process   |Min (fastest) clk|  Process   |                  | Clock  |
Destination |  (edge) to PAD  |   Corner   |  (edge) to PAD  |   Corner   |Internal Clock(s) | Phase  |
------------+-----------------+------------+-----------------+------------+------------------+--------+
valid_out   |        10.326(R)|      SLOW  |         3.401(R)|      FAST  |clk_BUFGP         |   0.000|
------------+-----------------+------------+-----------------+------------+------------------+--------+

Pad to Pad
---------------+---------------+---------+
Source Pad     |Destination Pad|  Delay  |
---------------+---------------+---------+
data_in<0>     |data_out<0>    |    8.490|
data_in<0>     |data_out<1>    |    8.457|
data_in<0>     |data_out<2>    |    8.357|
data_in<0>     |data_out<3>    |    8.484|
data_in<0>     |data_out<4>    |    8.218|
data_in<0>     |data_out<5>    |    8.564|
data_in<0>     |data_out<6>    |    8.189|
data_in<0>     |data_out<7>    |    8.418|
data_in<1>     |data_out<0>    |    8.248|
data_in<1>     |data_out<1>    |    8.331|
data_in<1>     |data_out<2>    |    8.513|
data_in<1>     |data_out<3>    |    8.338|
data_in<1>     |data_out<4>    |    8.325|
data_in<1>     |data_out<5>    |    8.608|
data_in<1>     |data_out<6>    |    8.148|
data_in<1>     |data_out<7>    |    8.377|
data_in<2>     |data_out<0>    |    8.307|
data_in<2>     |data_out<1>    |    8.346|
data_in<2>     |data_out<2>    |    8.756|
data_in<2>     |data_out<3>    |    8.195|
data_in<2>     |data_out<4>    |    8.252|
data_in<2>     |data_out<5>    |    8.252|
data_in<2>     |data_out<6>    |    8.021|
data_in<2>     |data_out<7>    |    8.143|
data_in<3>     |data_out<0>    |    8.790|
data_in<3>     |data_out<1>    |    8.594|
data_in<3>     |data_out<2>    |    8.665|
data_in<3>     |data_out<3>    |    8.836|
data_in<3>     |data_out<4>    |    8.367|
data_in<3>     |data_out<5>    |    8.934|
data_in<3>     |data_out<6>    |    8.592|
data_in<3>     |data_out<7>    |    8.975|
data_in<4>     |data_out<0>    |    8.335|
data_in<4>     |data_out<1>    |    8.330|
data_in<4>     |data_out<2>    |    8.410|
data_in<4>     |data_out<3>    |    8.789|
data_in<4>     |data_out<4>    |    8.328|
data_in<4>     |data_out<5>    |    8.678|
data_in<4>     |data_out<6>    |    8.287|
data_in<4>     |data_out<7>    |    8.329|
data_in<5>     |data_out<0>    |    9.020|
data_in<5>     |data_out<1>    |    8.645|
data_in<5>     |data_out<2>    |    8.842|
data_in<5>     |data_out<3>    |    8.631|
data_in<5>     |data_out<4>    |    9.000|
data_in<5>     |data_out<5>    |    8.415|
data_in<5>     |data_out<6>    |    8.595|
data_in<5>     |data_out<7>    |    8.663|
data_in<6>     |data_out<0>    |    8.131|
data_in<6>     |data_out<1>    |    7.876|
data_in<6>     |data_out<2>    |    8.257|
data_in<6>     |data_out<3>    |    8.248|
data_in<6>     |data_out<4>    |    8.075|
data_in<6>     |data_out<5>    |    8.253|
data_in<6>     |data_out<6>    |    7.820|
data_in<6>     |data_out<7>    |    8.257|
data_in<7>     |data_out<0>    |    8.097|
data_in<7>     |data_out<1>    |    7.772|
data_in<7>     |data_out<2>    |    8.295|
data_in<7>     |data_out<3>    |    8.258|
data_in<7>     |data_out<4>    |    7.756|
data_in<7>     |data_out<5>    |    7.873|
data_in<7>     |data_out<6>    |    7.714|
data_in<7>     |data_out<7>    |    7.893|
data_in<8>     |data_out<8>    |    7.825|
data_in<8>     |data_out<9>    |    7.768|
data_in<8>     |data_out<10>   |    7.679|
data_in<8>     |data_out<11>   |    8.086|
data_in<8>     |data_out<12>   |    7.862|
data_in<8>     |data_out<13>   |    7.695|
data_in<8>     |data_out<14>   |    7.666|
data_in<8>     |data_out<15>   |    7.534|
data_in<9>     |data_out<8>    |    7.980|
data_in<9>     |data_out<9>    |    7.712|
data_in<9>     |data_out<10>   |    7.825|
data_in<9>     |data_out<11>   |    8.131|
data_in<9>     |data_out<12>   |    7.930|
data_in<9>     |data_out<13>   |    7.785|
data_in<9>     |data_out<14>   |    7.615|
data_in<9>     |data_out<15>   |    7.594|
data_in<10>    |data_out<8>    |    8.659|
data_in<10>    |data_out<9>    |    8.547|
data_in<10>    |data_out<10>   |    8.448|
data_in<10>    |data_out<11>   |    8.385|
data_in<10>    |data_out<12>   |    8.597|
data_in<10>    |data_out<13>   |    8.066|
data_in<10>    |data_out<14>   |    8.299|
data_in<10>    |data_out<15>   |    8.209|
data_in<11>    |data_out<8>    |    8.358|
data_in<11>    |data_out<9>    |    8.458|
data_in<11>    |data_out<10>   |    8.591|
data_in<11>    |data_out<11>   |    8.419|
data_in<11>    |data_out<12>   |    8.189|
data_in<11>    |data_out<13>   |    8.421|
data_in<11>    |data_out<14>   |    8.378|
data_in<11>    |data_out<15>   |    7.844|
data_in<12>    |data_out<8>    |    8.422|
data_in<12>    |data_out<9>    |    8.416|
data_in<12>    |data_out<10>   |    8.319|
data_in<12>    |data_out<11>   |    8.372|
data_in<12>    |data_out<12>   |    8.383|
data_in<12>    |data_out<13>   |    8.186|
data_in<12>    |data_out<14>   |    8.218|
data_in<12>    |data_out<15>   |    8.574|
data_in<13>    |data_out<8>    |    8.700|
data_in<13>    |data_out<9>    |    8.763|
data_in<13>    |data_out<10>   |    8.680|
data_in<13>    |data_out<11>   |    8.838|
data_in<13>    |data_out<12>   |    8.831|
data_in<13>    |data_out<13>   |    8.505|
data_in<13>    |data_out<14>   |    8.501|
data_in<13>    |data_out<15>   |    8.344|
data_in<14>    |data_out<8>    |    8.747|
data_in<14>    |data_out<9>    |    8.783|
data_in<14>    |data_out<10>   |    8.497|
data_in<14>    |data_out<11>   |    8.717|
data_in<14>    |data_out<12>   |    8.715|
data_in<14>    |data_out<13>   |    8.245|
data_in<14>    |data_out<14>   |    8.003|
data_in<14>    |data_out<15>   |    8.024|
data_in<15>    |data_out<8>    |    8.483|
data_in<15>    |data_out<9>    |    8.426|
data_in<15>    |data_out<10>   |    8.582|
data_in<15>    |data_out<11>   |    8.486|
data_in<15>    |data_out<12>   |    8.250|
data_in<15>    |data_out<13>   |    8.134|
data_in<15>    |data_out<14>   |    8.175|
data_in<15>    |data_out<15>   |    8.412|
data_in<16>    |data_out<16>   |    8.380|
data_in<16>    |data_out<17>   |    8.183|
data_in<16>    |data_out<18>   |    8.198|
data_in<16>    |data_out<19>   |    8.178|
data_in<16>    |data_out<20>   |    8.391|
data_in<16>    |data_out<21>   |    7.850|
data_in<16>    |data_out<22>   |    9.801|
data_in<16>    |data_out<23>   |    9.580|
data_in<17>    |data_out<16>   |    8.546|
data_in<17>    |data_out<17>   |    8.339|
data_in<17>    |data_out<18>   |    8.431|
data_in<17>    |data_out<19>   |    8.184|
data_in<17>    |data_out<20>   |    8.412|
data_in<17>    |data_out<21>   |    8.471|
data_in<17>    |data_out<22>   |   10.178|
data_in<17>    |data_out<23>   |   10.001|
data_in<18>    |data_out<16>   |    8.215|
data_in<18>    |data_out<17>   |    8.468|
data_in<18>    |data_out<18>   |    8.259|
data_in<18>    |data_out<19>   |    8.271|
data_in<18>    |data_out<20>   |    8.306|
data_in<18>    |data_out<21>   |    8.111|
data_in<18>    |data_out<22>   |    9.772|
data_in<18>    |data_out<23>   |    9.348|
data_in<19>    |data_out<16>   |    8.484|
data_in<19>    |data_out<17>   |    8.132|
data_in<19>    |data_out<18>   |    8.166|
data_in<19>    |data_out<19>   |    7.975|
data_in<19>    |data_out<20>   |    8.230|
data_in<19>    |data_out<21>   |    8.221|
data_in<19>    |data_out<22>   |    9.538|
data_in<19>    |data_out<23>   |    9.539|
data_in<20>    |data_out<16>   |    8.355|
data_in<20>    |data_out<17>   |    8.237|
data_in<20>    |data_out<18>   |    8.044|
data_in<20>    |data_out<19>   |    8.202|
data_in<20>    |data_out<20>   |    8.001|
data_in<20>    |data_out<21>   |    8.035|
data_in<20>    |data_out<22>   |    9.647|
data_in<20>    |data_out<23>   |    9.416|
data_in<21>    |data_out<16>   |    8.395|
data_in<21>    |data_out<17>   |    8.376|
data_in<21>    |data_out<18>   |    8.597|
data_in<21>    |data_out<19>   |    8.413|
data_in<21>    |data_out<20>   |    8.418|
data_in<21>    |data_out<21>   |    8.199|
data_in<21>    |data_out<22>   |    9.830|
data_in<21>    |data_out<23>   |    9.852|
data_in<22>    |data_out<16>   |    8.769|
data_in<22>    |data_out<17>   |    8.179|
data_in<22>    |data_out<18>   |    8.376|
data_in<22>    |data_out<19>   |    8.122|
data_in<22>    |data_out<20>   |    8.084|
data_in<22>    |data_out<21>   |    7.901|
data_in<22>    |data_out<22>   |    9.575|
data_in<22>    |data_out<23>   |    9.586|
data_in<23>    |data_out<16>   |    8.073|
data_in<23>    |data_out<17>   |    7.907|
data_in<23>    |data_out<18>   |    7.919|
data_in<23>    |data_out<19>   |    7.892|
data_in<23>    |data_out<20>   |    7.789|
data_in<23>    |data_out<21>   |    7.592|
data_in<23>    |data_out<22>   |    9.444|
data_in<23>    |data_out<23>   |    9.235|
data_in<24>    |data_out<24>   |   11.436|
data_in<24>    |data_out<25>   |    9.584|
data_in<24>    |data_out<26>   |   11.920|
data_in<24>    |data_out<27>   |   11.907|
data_in<24>    |data_out<28>   |    9.510|
data_in<24>    |data_out<29>   |   11.531|
data_in<24>    |data_out<30>   |    9.513|
data_in<24>    |data_out<31>   |    9.904|
data_in<25>    |data_out<24>   |   11.294|
data_in<25>    |data_out<25>   |    9.722|
data_in<25>    |data_out<26>   |   11.542|
data_in<25>    |data_out<27>   |   11.663|
data_in<25>    |data_out<28>   |    9.579|
data_in<25>    |data_out<29>   |   11.379|
data_in<25>    |data_out<30>   |    9.570|
data_in<25>    |data_out<31>   |    9.447|
data_in<26>    |data_out<24>   |   11.378|
data_in<26>    |data_out<25>   |    9.635|
data_in<26>    |data_out<26>   |   11.570|
data_in<26>    |data_out<27>   |   11.515|
data_in<26>    |data_out<28>   |    9.118|
data_in<26>    |data_out<29>   |   11.087|
data_in<26>    |data_out<30>   |    9.133|
data_in<26>    |data_out<31>   |    9.381|
data_in<27>    |data_out<24>   |   11.577|
data_in<27>    |data_out<25>   |    9.633|
data_in<27>    |data_out<26>   |   11.647|
data_in<27>    |data_out<27>   |   11.871|
data_in<27>    |data_out<28>   |    9.330|
data_in<27>    |data_out<29>   |   11.710|
data_in<27>    |data_out<30>   |    9.126|
data_in<27>    |data_out<31>   |    9.601|
data_in<28>    |data_out<24>   |   11.747|
data_in<28>    |data_out<25>   |    9.684|
data_in<28>    |data_out<26>   |   11.942|
data_in<28>    |data_out<27>   |   11.878|
data_in<28>    |data_out<28>   |    9.196|
data_in<28>    |data_out<29>   |   11.630|
data_in<28>    |data_out<30>   |    9.741|
data_in<28>    |data_out<31>   |    9.590|
data_in<29>    |data_out<24>   |   11.666|
data_in<29>    |data_out<25>   |    9.704|
data_in<29>    |data_out<26>   |   12.085|
data_in<29>    |data_out<27>   |   12.016|
data_in<29>    |data_out<28>   |    9.768|
data_in<29>    |data_out<29>   |   11.930|
data_in<29>    |data_out<30>   |    9.311|
data_in<29>    |data_out<31>   |    9.862|
data_in<30>    |data_out<24>   |   10.988|
data_in<30>    |data_out<25>   |    9.072|
data_in<30>    |data_out<26>   |   11.462|
data_in<30>    |data_out<27>   |   11.524|
data_in<30>    |data_out<28>   |    8.949|
data_in<30>    |data_out<29>   |   11.178|
data_in<30>    |data_out<30>   |    8.793|
data_in<30>    |data_out<31>   |    9.054|
data_in<31>    |data_out<24>   |   10.932|
data_in<31>    |data_out<25>   |    8.812|
data_in<31>    |data_out<26>   |   11.172|
data_in<31>    |data_out<27>   |   11.279|
data_in<31>    |data_out<28>   |    8.705|
data_in<31>    |data_out<29>   |   10.903|
data_in<31>    |data_out<30>   |    8.706|
data_in<31>    |data_out<31>   |    8.756|
data_in<32>    |data_out<32>   |   11.248|
data_in<32>    |data_out<33>   |   10.867|
data_in<32>    |data_out<34>   |   10.877|
data_in<32>    |data_out<35>   |   10.377|
data_in<32>    |data_out<36>   |   11.445|
data_in<32>    |data_out<37>   |   10.983|
data_in<32>    |data_out<38>   |   10.672|
data_in<32>    |data_out<39>   |   10.941|
data_in<33>    |data_out<32>   |   11.189|
data_in<33>    |data_out<33>   |   10.987|
data_in<33>    |data_out<34>   |   10.739|
data_in<33>    |data_out<35>   |   10.762|
data_in<33>    |data_out<36>   |   11.184|
data_in<33>    |data_out<37>   |   11.051|
data_in<33>    |data_out<38>   |   10.685|
data_in<33>    |data_out<39>   |   10.886|
data_in<34>    |data_out<32>   |   11.170|
data_in<34>    |data_out<33>   |   10.510|
data_in<34>    |data_out<34>   |   11.090|
data_in<34>    |data_out<35>   |   10.607|
data_in<34>    |data_out<36>   |   10.675|
data_in<34>    |data_out<37>   |   11.394|
data_in<34>    |data_out<38>   |   10.663|
data_in<34>    |data_out<39>   |   10.398|
data_in<35>    |data_out<32>   |   11.778|
data_in<35>    |data_out<33>   |   11.770|
data_in<35>    |data_out<34>   |   11.619|
data_in<35>    |data_out<35>   |   11.120|
data_in<35>    |data_out<36>   |   12.179|
data_in<35>    |data_out<37>   |   11.502|
data_in<35>    |data_out<38>   |   11.245|
data_in<35>    |data_out<39>   |   11.452|
data_in<36>    |data_out<32>   |   11.324|
data_in<36>    |data_out<33>   |   10.883|
data_in<36>    |data_out<34>   |   10.996|
data_in<36>    |data_out<35>   |   10.235|
data_in<36>    |data_out<36>   |   11.505|
data_in<36>    |data_out<37>   |   10.830|
data_in<36>    |data_out<38>   |   10.733|
data_in<36>    |data_out<39>   |   10.818|
data_in<37>    |data_out<32>   |   11.638|
data_in<37>    |data_out<33>   |   11.323|
data_in<37>    |data_out<34>   |   11.507|
data_in<37>    |data_out<35>   |   10.976|
data_in<37>    |data_out<36>   |   11.597|
data_in<37>    |data_out<37>   |   11.734|
data_in<37>    |data_out<38>   |   11.049|
data_in<37>    |data_out<39>   |   11.319|
data_in<38>    |data_out<32>   |   11.018|
data_in<38>    |data_out<33>   |   10.731|
data_in<38>    |data_out<34>   |   10.883|
data_in<38>    |data_out<35>   |   10.246|
data_in<38>    |data_out<36>   |   11.085|
data_in<38>    |data_out<37>   |   10.803|
data_in<38>    |data_out<38>   |   10.608|
data_in<38>    |data_out<39>   |   10.476|
data_in<39>    |data_out<32>   |   11.117|
data_in<39>    |data_out<33>   |   10.819|
data_in<39>    |data_out<34>   |   10.958|
data_in<39>    |data_out<35>   |   10.522|
data_in<39>    |data_out<36>   |   11.261|
data_in<39>    |data_out<37>   |   11.060|
data_in<39>    |data_out<38>   |   10.727|
data_in<39>    |data_out<39>   |   10.753|
data_in<40>    |data_out<40>   |    9.620|
data_in<40>    |data_out<41>   |    9.444|
data_in<40>    |data_out<42>   |    9.419|
data_in<40>    |data_out<43>   |   10.696|
data_in<40>    |data_out<44>   |   11.692|
data_in<40>    |data_out<45>   |    9.488|
data_in<40>    |data_out<46>   |   11.613|
data_in<40>    |data_out<47>   |    9.588|
data_in<41>    |data_out<40>   |    9.534|
data_in<41>    |data_out<41>   |    9.343|
data_in<41>    |data_out<42>   |    9.772|
data_in<41>    |data_out<43>   |   11.028|
data_in<41>    |data_out<44>   |   12.150|
data_in<41>    |data_out<45>   |    9.296|
data_in<41>    |data_out<46>   |   12.213|
data_in<41>    |data_out<47>   |    9.466|
data_in<42>    |data_out<40>   |    9.700|
data_in<42>    |data_out<41>   |    9.796|
data_in<42>    |data_out<42>   |    9.767|
data_in<42>    |data_out<43>   |   10.292|
data_in<42>    |data_out<44>   |   11.344|
data_in<42>    |data_out<45>   |    9.584|
data_in<42>    |data_out<46>   |   12.050|
data_in<42>    |data_out<47>   |    9.653|
data_in<43>    |data_out<40>   |    9.795|
data_in<43>    |data_out<41>   |    9.839|
data_in<43>    |data_out<42>   |    9.595|
data_in<43>    |data_out<43>   |   10.899|
data_in<43>    |data_out<44>   |   12.507|
data_in<43>    |data_out<45>   |    9.630|
data_in<43>    |data_out<46>   |   12.426|
data_in<43>    |data_out<47>   |    9.708|
data_in<44>    |data_out<40>   |    9.496|
data_in<44>    |data_out<41>   |    9.520|
data_in<44>    |data_out<42>   |    9.732|
data_in<44>    |data_out<43>   |   10.584|
data_in<44>    |data_out<44>   |   12.173|
data_in<44>    |data_out<45>   |    9.315|
data_in<44>    |data_out<46>   |   12.182|
data_in<44>    |data_out<47>   |    9.466|
data_in<45>    |data_out<40>   |    9.853|
data_in<45>    |data_out<41>   |    9.484|
data_in<45>    |data_out<42>   |    9.991|
data_in<45>    |data_out<43>   |   10.452|
data_in<45>    |data_out<44>   |   10.895|
data_in<45>    |data_out<45>   |   10.079|
data_in<45>    |data_out<46>   |   11.146|
data_in<45>    |data_out<47>   |    9.793|
data_in<46>    |data_out<40>   |    9.156|
data_in<46>    |data_out<41>   |    8.972|
data_in<46>    |data_out<42>   |    9.135|
data_in<46>    |data_out<43>   |    9.900|
data_in<46>    |data_out<44>   |   11.101|
data_in<46>    |data_out<45>   |    9.011|
data_in<46>    |data_out<46>   |   11.505|
data_in<46>    |data_out<47>   |    9.043|
data_in<47>    |data_out<40>   |    9.074|
data_in<47>    |data_out<41>   |    8.899|
data_in<47>    |data_out<42>   |    9.062|
data_in<47>    |data_out<43>   |   10.035|
data_in<47>    |data_out<44>   |   11.210|
data_in<47>    |data_out<45>   |    8.952|
data_in<47>    |data_out<46>   |   11.685|
data_in<47>    |data_out<47>   |    8.873|
data_in<48>    |data_out<48>   |    9.621|
data_in<48>    |data_out<49>   |    9.437|
data_in<48>    |data_out<50>   |    9.467|
data_in<48>    |data_out<51>   |    9.299|
data_in<48>    |data_out<52>   |    9.158|
data_in<48>    |data_out<53>   |    9.207|
data_in<48>    |data_out<54>   |    9.377|
data_in<48>    |data_out<55>   |    9.527|
data_in<49>    |data_out<48>   |    9.563|
data_in<49>    |data_out<49>   |    9.343|
data_in<49>    |data_out<50>   |    9.301|
data_in<49>    |data_out<51>   |    9.307|
data_in<49>    |data_out<52>   |    9.172|
data_in<49>    |data_out<53>   |    9.373|
data_in<49>    |data_out<54>   |    9.146|
data_in<49>    |data_out<55>   |    9.530|
data_in<50>    |data_out<48>   |    8.102|
data_in<50>    |data_out<49>   |    8.575|
data_in<50>    |data_out<50>   |    8.225|
data_in<50>    |data_out<51>   |    8.520|
data_in<50>    |data_out<52>   |    8.191|
data_in<50>    |data_out<53>   |    8.116|
data_in<50>    |data_out<54>   |    8.148|
data_in<50>    |data_out<55>   |    7.977|
data_in<51>    |data_out<48>   |    8.640|
data_in<51>    |data_out<49>   |    8.751|
data_in<51>    |data_out<50>   |    8.747|
data_in<51>    |data_out<51>   |    8.326|
data_in<51>    |data_out<52>   |    8.570|
data_in<51>    |data_out<53>   |    8.444|
data_in<51>    |data_out<54>   |    8.170|
data_in<51>    |data_out<55>   |    8.730|
data_in<52>    |data_out<48>   |    8.581|
data_in<52>    |data_out<49>   |    8.313|
data_in<52>    |data_out<50>   |    8.637|
data_in<52>    |data_out<51>   |    8.384|
data_in<52>    |data_out<52>   |    8.149|
data_in<52>    |data_out<53>   |    8.131|
data_in<52>    |data_out<54>   |    8.230|
data_in<52>    |data_out<55>   |    8.489|
data_in<53>    |data_out<48>   |    8.664|
data_in<53>    |data_out<49>   |    8.486|
data_in<53>    |data_out<50>   |    8.710|
data_in<53>    |data_out<51>   |    8.426|
data_in<53>    |data_out<52>   |    8.050|
data_in<53>    |data_out<53>   |    8.470|
data_in<53>    |data_out<54>   |    7.885|
data_in<53>    |data_out<55>   |    8.439|
data_in<54>    |data_out<48>   |    8.166|
data_in<54>    |data_out<49>   |    8.265|
data_in<54>    |data_out<50>   |    7.968|
data_in<54>    |data_out<51>   |    8.128|
data_in<54>    |data_out<52>   |    8.100|
data_in<54>    |data_out<53>   |    7.966|
data_in<54>    |data_out<54>   |    7.937|
data_in<54>    |data_out<55>   |    7.945|
data_in<55>    |data_out<48>   |    7.863|
data_in<55>    |data_out<49>   |    7.984|
data_in<55>    |data_out<50>   |    7.974|
data_in<55>    |data_out<51>   |    7.807|
data_in<55>    |data_out<52>   |    7.817|
data_in<55>    |data_out<53>   |    7.807|
data_in<55>    |data_out<54>   |    7.693|
data_in<55>    |data_out<55>   |    7.919|
data_in<56>    |data_out<56>   |    7.757|
data_in<56>    |data_out<57>   |    8.142|
data_in<56>    |data_out<58>   |    8.403|
data_in<56>    |data_out<59>   |    8.257|
data_in<56>    |data_out<60>   |    8.096|
data_in<56>    |data_out<61>   |    8.100|
data_in<56>    |data_out<62>   |    7.922|
data_in<56>    |data_out<63>   |    7.844|
data_in<57>    |data_out<56>   |    8.580|
data_in<57>    |data_out<57>   |    8.097|
data_in<57>    |data_out<58>   |    8.568|
data_in<57>    |data_out<59>   |    8.241|
data_in<57>    |data_out<60>   |    8.324|
data_in<57>    |data_out<61>   |    8.117|
data_in<57>    |data_out<62>   |    7.995|
data_in<57>    |data_out<63>   |    7.945|
data_in<58>    |data_out<56>   |    8.106|
data_in<58>    |data_out<57>   |    8.103|
data_in<58>    |data_out<58>   |    8.290|
data_in<58>    |data_out<59>   |    8.458|
data_in<58>    |data_out<60>   |    8.069|
data_in<58>    |data_out<61>   |    8.173|
data_in<58>    |data_out<62>   |    8.236|
data_in<58>    |data_out<63>   |    8.076|
data_in<59>    |data_out<56>   |    8.808|
data_in<59>    |data_out<57>   |    8.371|
data_in<59>    |data_out<58>   |    8.658|
data_in<59>    |data_out<59>   |    8.523|
data_in<59>    |data_out<60>   |    8.546|
data_in<59>    |data_out<61>   |    8.372|
data_in<59>    |data_out<62>   |    8.336|
data_in<59>    |data_out<63>   |    8.184|
data_in<60>    |data_out<56>   |    8.433|
data_in<60>    |data_out<57>   |    8.207|
data_in<60>    |data_out<58>   |    8.670|
data_in<60>    |data_out<59>   |    8.328|
data_in<60>    |data_out<60>   |    8.399|
data_in<60>    |data_out<61>   |    7.944|
data_in<60>    |data_out<62>   |    8.177|
data_in<60>    |data_out<63>   |    7.812|
data_in<61>    |data_out<56>   |    8.307|
data_in<61>    |data_out<57>   |    8.105|
data_in<61>    |data_out<58>   |    8.569|
data_in<61>    |data_out<59>   |    8.143|
data_in<61>    |data_out<60>   |    8.279|
data_in<61>    |data_out<61>   |    8.010|
data_in<61>    |data_out<62>   |    8.222|
data_in<61>    |data_out<63>   |    8.051|
data_in<62>    |data_out<56>   |    8.205|
data_in<62>    |data_out<57>   |    8.031|
data_in<62>    |data_out<58>   |    8.105|
data_in<62>    |data_out<59>   |    8.156|
data_in<62>    |data_out<60>   |    8.168|
data_in<62>    |data_out<61>   |    8.041|
data_in<62>    |data_out<62>   |    7.865|
data_in<62>    |data_out<63>   |    7.759|
data_in<63>    |data_out<56>   |    7.437|
data_in<63>    |data_out<57>   |    7.621|
data_in<63>    |data_out<58>   |    7.983|
data_in<63>    |data_out<59>   |    7.867|
data_in<63>    |data_out<60>   |    7.589|
data_in<63>    |data_out<61>   |    7.561|
data_in<63>    |data_out<62>   |    7.624|
data_in<63>    |data_out<63>   |    7.721|
data_in<64>    |data_out<64>   |    8.275|
data_in<64>    |data_out<65>   |    8.333|
data_in<64>    |data_out<66>   |    8.327|
data_in<64>    |data_out<67>   |    8.138|
data_in<64>    |data_out<68>   |    8.169|
data_in<64>    |data_out<69>   |    8.114|
data_in<64>    |data_out<70>   |    8.113|
data_in<64>    |data_out<71>   |    7.555|
data_in<65>    |data_out<64>   |    8.418|
data_in<65>    |data_out<65>   |    8.259|
data_in<65>    |data_out<66>   |    8.259|
data_in<65>    |data_out<67>   |    8.089|
data_in<65>    |data_out<68>   |    8.100|
data_in<65>    |data_out<69>   |    7.775|
data_in<65>    |data_out<70>   |    7.880|
data_in<65>    |data_out<71>   |    8.149|
data_in<66>    |data_out<64>   |    8.483|
data_in<66>    |data_out<65>   |    8.304|
data_in<66>    |data_out<66>   |    8.537|
data_in<66>    |data_out<67>   |    8.404|
data_in<66>    |data_out<68>   |    8.181|
data_in<66>    |data_out<69>   |    7.784|
data_in<66>    |data_out<70>   |    8.053|
data_in<66>    |data_out<71>   |    7.973|
data_in<67>    |data_out<64>   |    8.757|
data_in<67>    |data_out<65>   |    8.402|
data_in<67>    |data_out<66>   |    8.038|
data_in<67>    |data_out<67>   |    8.277|
data_in<67>    |data_out<68>   |    8.448|
data_in<67>    |data_out<69>   |    8.285|
data_in<67>    |data_out<70>   |    8.098|
data_in<67>    |data_out<71>   |    7.808|
data_in<68>    |data_out<64>   |    8.382|
data_in<68>    |data_out<65>   |    8.416|
data_in<68>    |data_out<66>   |    8.444|
data_in<68>    |data_out<67>   |    8.270|
data_in<68>    |data_out<68>   |    8.275|
data_in<68>    |data_out<69>   |    8.074|
data_in<68>    |data_out<70>   |    8.104|
data_in<68>    |data_out<71>   |    8.216|
data_in<69>    |data_out<64>   |    8.895|
data_in<69>    |data_out<65>   |    8.786|
data_in<69>    |data_out<66>   |    8.555|
data_in<69>    |data_out<67>   |    8.404|
data_in<69>    |data_out<68>   |    8.644|
data_in<69>    |data_out<69>   |    8.229|
data_in<69>    |data_out<70>   |    8.265|
data_in<69>    |data_out<71>   |    8.244|
data_in<70>    |data_out<64>   |    8.053|
data_in<70>    |data_out<65>   |    8.129|
data_in<70>    |data_out<66>   |    7.949|
data_in<70>    |data_out<67>   |    8.125|
data_in<70>    |data_out<68>   |    8.315|
data_in<70>    |data_out<69>   |    8.180|
data_in<70>    |data_out<70>   |    8.199|
data_in<70>    |data_out<71>   |    7.787|
data_in<71>    |data_out<64>   |    8.241|
data_in<71>    |data_out<65>   |    8.225|
data_in<71>    |data_out<66>   |    8.228|
data_in<71>    |data_out<67>   |    7.945|
data_in<71>    |data_out<68>   |    7.952|
data_in<71>    |data_out<69>   |    7.798|
data_in<71>    |data_out<70>   |    7.641|
data_in<71>    |data_out<71>   |    7.389|
data_in<72>    |data_out<72>   |   10.309|
data_in<72>    |data_out<73>   |   10.434|
data_in<72>    |data_out<74>   |   10.896|
data_in<72>    |data_out<75>   |   10.584|
data_in<72>    |data_out<76>   |   10.889|
data_in<72>    |data_out<77>   |   10.417|
data_in<72>    |data_out<78>   |   10.443|
data_in<72>    |data_out<79>   |   10.572|
data_in<73>    |data_out<72>   |   10.818|
data_in<73>    |data_out<73>   |   10.770|
data_in<73>    |data_out<74>   |   11.217|
data_in<73>    |data_out<75>   |   10.909|
data_in<73>    |data_out<76>   |   11.224|
data_in<73>    |data_out<77>   |   10.987|
data_in<73>    |data_out<78>   |   10.380|
data_in<73>    |data_out<79>   |   10.648|
data_in<74>    |data_out<72>   |   10.555|
data_in<74>    |data_out<73>   |   10.216|
data_in<74>    |data_out<74>   |   11.242|
data_in<74>    |data_out<75>   |   10.558|
data_in<74>    |data_out<76>   |   11.081|
data_in<74>    |data_out<77>   |   10.344|
data_in<74>    |data_out<78>   |   10.601|
data_in<74>    |data_out<79>   |   10.396|
data_in<75>    |data_out<72>   |   10.539|
data_in<75>    |data_out<73>   |   10.459|
data_in<75>    |data_out<74>   |   11.307|
data_in<75>    |data_out<75>   |   10.778|
data_in<75>    |data_out<76>   |   11.309|
data_in<75>    |data_out<77>   |   10.838|
data_in<75>    |data_out<78>   |   10.455|
data_in<75>    |data_out<79>   |   10.455|
data_in<76>    |data_out<72>   |   10.504|
data_in<76>    |data_out<73>   |   10.355|
data_in<76>    |data_out<74>   |   10.942|
data_in<76>    |data_out<75>   |   10.967|
data_in<76>    |data_out<76>   |   10.941|
data_in<76>    |data_out<77>   |   10.449|
data_in<76>    |data_out<78>   |   10.130|
data_in<76>    |data_out<79>   |   10.370|
data_in<77>    |data_out<72>   |   10.515|
data_in<77>    |data_out<73>   |   10.649|
data_in<77>    |data_out<74>   |   11.053|
data_in<77>    |data_out<75>   |   11.172|
data_in<77>    |data_out<76>   |   11.261|
data_in<77>    |data_out<77>   |   10.813|
data_in<77>    |data_out<78>   |   10.273|
data_in<77>    |data_out<79>   |   10.038|
data_in<78>    |data_out<72>   |    9.996|
data_in<78>    |data_out<73>   |   10.087|
data_in<78>    |data_out<74>   |   10.533|
data_in<78>    |data_out<75>   |   10.511|
data_in<78>    |data_out<76>   |   10.529|
data_in<78>    |data_out<77>   |   10.243|
data_in<78>    |data_out<78>   |   10.012|
data_in<78>    |data_out<79>   |    9.866|
data_in<79>    |data_out<72>   |   10.109|
data_in<79>    |data_out<73>   |   10.022|
data_in<79>    |data_out<74>   |   10.491|
data_in<79>    |data_out<75>   |   10.319|
data_in<79>    |data_out<76>   |   10.683|
data_in<79>    |data_out<77>   |   10.174|
data_in<79>    |data_out<78>   |   10.001|
data_in<79>    |data_out<79>   |    9.865|
data_in<80>    |data_out<80>   |   11.038|
data_in<80>    |data_out<81>   |   10.239|
data_in<80>    |data_out<82>   |   10.997|
data_in<80>    |data_out<83>   |   10.687|
data_in<80>    |data_out<84>   |   11.567|
data_in<80>    |data_out<85>   |   10.788|
data_in<80>    |data_out<86>   |   11.094|
data_in<80>    |data_out<87>   |   10.564|
data_in<81>    |data_out<80>   |   10.516|
data_in<81>    |data_out<81>   |   10.223|
data_in<81>    |data_out<82>   |   10.769|
data_in<81>    |data_out<83>   |   10.779|
data_in<81>    |data_out<84>   |   11.229|
data_in<81>    |data_out<85>   |   10.508|
data_in<81>    |data_out<86>   |   10.735|
data_in<81>    |data_out<87>   |   10.816|
data_in<82>    |data_out<80>   |   10.267|
data_in<82>    |data_out<81>   |   10.619|
data_in<82>    |data_out<82>   |   11.320|
data_in<82>    |data_out<83>   |   11.061|
data_in<82>    |data_out<84>   |   11.529|
data_in<82>    |data_out<85>   |   11.087|
data_in<82>    |data_out<86>   |   10.827|
data_in<82>    |data_out<87>   |   10.521|
data_in<83>    |data_out<80>   |   10.647|
data_in<83>    |data_out<81>   |   10.610|
data_in<83>    |data_out<82>   |   11.532|
data_in<83>    |data_out<83>   |   11.043|
data_in<83>    |data_out<84>   |   11.417|
data_in<83>    |data_out<85>   |   11.102|
data_in<83>    |data_out<86>   |   10.931|
data_in<83>    |data_out<87>   |   10.985|
data_in<84>    |data_out<80>   |   10.760|
data_in<84>    |data_out<81>   |   10.408|
data_in<84>    |data_out<82>   |   10.996|
data_in<84>    |data_out<83>   |   10.896|
data_in<84>    |data_out<84>   |   11.429|
data_in<84>    |data_out<85>   |   10.927|
data_in<84>    |data_out<86>   |   10.711|
data_in<84>    |data_out<87>   |   10.575|
data_in<85>    |data_out<80>   |   10.409|
data_in<85>    |data_out<81>   |   10.324|
data_in<85>    |data_out<82>   |   11.318|
data_in<85>    |data_out<83>   |   11.116|
data_in<85>    |data_out<84>   |   11.707|
data_in<85>    |data_out<85>   |   11.255|
data_in<85>    |data_out<86>   |   10.802|
data_in<85>    |data_out<87>   |   10.762|
data_in<86>    |data_out<80>   |   10.121|
data_in<86>    |data_out<81>   |   10.103|
data_in<86>    |data_out<82>   |   10.789|
data_in<86>    |data_out<83>   |   10.583|
data_in<86>    |data_out<84>   |   11.320|
data_in<86>    |data_out<85>   |   10.611|
data_in<86>    |data_out<86>   |   10.527|
data_in<86>    |data_out<87>   |   10.291|
data_in<87>    |data_out<80>   |   10.035|
data_in<87>    |data_out<81>   |   10.066|
data_in<87>    |data_out<82>   |   10.755|
data_in<87>    |data_out<83>   |   10.769|
data_in<87>    |data_out<84>   |   11.179|
data_in<87>    |data_out<85>   |   10.499|
data_in<87>    |data_out<86>   |   10.483|
data_in<87>    |data_out<87>   |   10.194|
data_in<88>    |data_out<88>   |   10.300|
data_in<88>    |data_out<89>   |   10.306|
data_in<88>    |data_out<90>   |   10.744|
data_in<88>    |data_out<91>   |   10.559|
data_in<88>    |data_out<92>   |   10.567|
data_in<88>    |data_out<93>   |   10.833|
data_in<88>    |data_out<94>   |   10.203|
data_in<88>    |data_out<95>   |   10.449|
data_in<89>    |data_out<88>   |   10.837|
data_in<89>    |data_out<89>   |   10.291|
data_in<89>    |data_out<90>   |   10.982|
data_in<89>    |data_out<91>   |   10.411|
data_in<89>    |data_out<92>   |   10.610|
data_in<89>    |data_out<93>   |   10.883|
data_in<89>    |data_out<94>   |   10.400|
data_in<89>    |data_out<95>   |   10.578|
data_in<90>    |data_out<88>   |   10.709|
data_in<90>    |data_out<89>   |   10.325|
data_in<90>    |data_out<90>   |   10.622|
data_in<90>    |data_out<91>   |   10.190|
data_in<90>    |data_out<92>   |   10.569|
data_in<90>    |data_out<93>   |   10.850|
data_in<90>    |data_out<94>   |   10.029|
data_in<90>    |data_out<95>   |   10.238|
data_in<91>    |data_out<88>   |   11.055|
data_in<91>    |data_out<89>   |   11.134|
data_in<91>    |data_out<90>   |   10.864|
data_in<91>    |data_out<91>   |   10.983|
data_in<91>    |data_out<92>   |   10.815|
data_in<91>    |data_out<93>   |   11.102|
data_in<91>    |data_out<94>   |   10.661|
data_in<91>    |data_out<95>   |   10.923|
data_in<92>    |data_out<88>   |   10.956|
data_in<92>    |data_out<89>   |   10.616|
data_in<92>    |data_out<90>   |   10.708|
data_in<92>    |data_out<91>   |   10.707|
data_in<92>    |data_out<92>   |   10.655|
data_in<92>    |data_out<93>   |   10.517|
data_in<92>    |data_out<94>   |   10.404|
data_in<92>    |data_out<95>   |   10.441|
data_in<93>    |data_out<88>   |   10.870|
data_in<93>    |data_out<89>   |   10.710|
data_in<93>    |data_out<90>   |   10.904|
data_in<93>    |data_out<91>   |   10.466|
data_in<93>    |data_out<92>   |   10.627|
data_in<93>    |data_out<93>   |   10.926|
data_in<93>    |data_out<94>   |   10.277|
data_in<93>    |data_out<95>   |   10.400|
data_in<94>    |data_out<88>   |   10.512|
data_in<94>    |data_out<89>   |   10.373|
data_in<94>    |data_out<90>   |   10.536|
data_in<94>    |data_out<91>   |   10.594|
data_in<94>    |data_out<92>   |   10.293|
data_in<94>    |data_out<93>   |   10.656|
data_in<94>    |data_out<94>   |   10.208|
data_in<94>    |data_out<95>   |   10.407|
data_in<95>    |data_out<88>   |   10.332|
data_in<95>    |data_out<89>   |   10.181|
data_in<95>    |data_out<90>   |   10.323|
data_in<95>    |data_out<91>   |   10.103|
data_in<95>    |data_out<92>   |   10.130|
data_in<95>    |data_out<93>   |   10.359|
data_in<95>    |data_out<94>   |    9.830|
data_in<95>    |data_out<95>   |   10.034|
data_in<96>    |data_out<96>   |   11.849|
data_in<96>    |data_out<97>   |   11.808|
data_in<96>    |data_out<98>   |   11.849|
data_in<96>    |data_out<99>   |   12.381|
data_in<96>    |data_out<100>  |   11.949|
data_in<96>    |data_out<101>  |   11.751|
data_in<96>    |data_out<102>  |   11.975|
data_in<96>    |data_out<103>  |   11.469|
data_in<97>    |data_out<96>   |   12.198|
data_in<97>    |data_out<97>   |   11.494|
data_in<97>    |data_out<98>   |   11.794|
data_in<97>    |data_out<99>   |   11.724|
data_in<97>    |data_out<100>  |   11.735|
data_in<97>    |data_out<101>  |   11.768|
data_in<97>    |data_out<102>  |   11.808|
data_in<97>    |data_out<103>  |   11.781|
data_in<98>    |data_out<96>   |   11.320|
data_in<98>    |data_out<97>   |   11.129|
data_in<98>    |data_out<98>   |   11.068|
data_in<98>    |data_out<99>   |   11.305|
data_in<98>    |data_out<100>  |   10.914|
data_in<98>    |data_out<101>  |   10.919|
data_in<98>    |data_out<102>  |   10.812|
data_in<98>    |data_out<103>  |   10.801|
data_in<99>    |data_out<96>   |   11.101|
data_in<99>    |data_out<97>   |   10.776|
data_in<99>    |data_out<98>   |   10.819|
data_in<99>    |data_out<99>   |   11.089|
data_in<99>    |data_out<100>  |   10.665|
data_in<99>    |data_out<101>  |   10.625|
data_in<99>    |data_out<102>  |   10.989|
data_in<99>    |data_out<103>  |   10.432|
data_in<100>   |data_out<96>   |    9.772|
data_in<100>   |data_out<97>   |    9.833|
data_in<100>   |data_out<98>   |    9.570|
data_in<100>   |data_out<99>   |    9.721|
data_in<100>   |data_out<100>  |    9.387|
data_in<100>   |data_out<101>  |    9.263|
data_in<100>   |data_out<102>  |    9.361|
data_in<100>   |data_out<103>  |    9.166|
data_in<101>   |data_out<96>   |    9.934|
data_in<101>   |data_out<97>   |    9.676|
data_in<101>   |data_out<98>   |    9.313|
data_in<101>   |data_out<99>   |    9.906|
data_in<101>   |data_out<100>  |    9.689|
data_in<101>   |data_out<101>  |    9.657|
data_in<101>   |data_out<102>  |    9.702|
data_in<101>   |data_out<103>  |    9.275|
data_in<102>   |data_out<96>   |    9.568|
data_in<102>   |data_out<97>   |    9.986|
data_in<102>   |data_out<98>   |    9.700|
data_in<102>   |data_out<99>   |   10.032|
data_in<102>   |data_out<100>  |    9.706|
data_in<102>   |data_out<101>  |    9.640|
data_in<102>   |data_out<102>  |    9.689|
data_in<102>   |data_out<103>  |    9.365|
data_in<103>   |data_out<96>   |    9.125|
data_in<103>   |data_out<97>   |    8.672|
data_in<103>   |data_out<98>   |    8.928|
data_in<103>   |data_out<99>   |    9.631|
data_in<103>   |data_out<100>  |    9.407|
data_in<103>   |data_out<101>  |    9.264|
data_in<103>   |data_out<102>  |    9.062|
data_in<103>   |data_out<103>  |    9.114|
data_in<104>   |data_out<104>  |   10.672|
data_in<104>   |data_out<105>  |   10.770|
data_in<104>   |data_out<106>  |   10.265|
data_in<104>   |data_out<107>  |   10.817|
data_in<104>   |data_out<108>  |   10.626|
data_in<104>   |data_out<109>  |   10.816|
data_in<104>   |data_out<110>  |   10.735|
data_in<104>   |data_out<111>  |   10.921|
data_in<105>   |data_out<104>  |   10.774|
data_in<105>   |data_out<105>  |   10.666|
data_in<105>   |data_out<106>  |   10.028|
data_in<105>   |data_out<107>  |   10.331|
data_in<105>   |data_out<108>  |   10.350|
data_in<105>   |data_out<109>  |   10.319|
data_in<105>   |data_out<110>  |   10.283|
data_in<105>   |data_out<111>  |   10.201|
data_in<106>   |data_out<104>  |   10.428|
data_in<106>   |data_out<105>  |   10.580|
data_in<106>   |data_out<106>  |   10.295|
data_in<106>   |data_out<107>  |   10.598|
data_in<106>   |data_out<108>  |   10.654|
data_in<106>   |data_out<109>  |   10.555|
data_in<106>   |data_out<110>  |   10.658|
data_in<106>   |data_out<111>  |   10.224|
data_in<107>   |data_out<104>  |   10.874|
data_in<107>   |data_out<105>  |   10.759|
data_in<107>   |data_out<106>  |   10.452|
data_in<107>   |data_out<107>  |   10.796|
data_in<107>   |data_out<108>  |   10.584|
data_in<107>   |data_out<109>  |   10.927|
data_in<107>   |data_out<110>  |   10.369|
data_in<107>   |data_out<111>  |   10.571|
data_in<108>   |data_out<104>  |   10.876|
data_in<108>   |data_out<105>  |   10.739|
data_in<108>   |data_out<106>  |   10.324|
data_in<108>   |data_out<107>  |   10.332|
data_in<108>   |data_out<108>  |   10.343|
data_in<108>   |data_out<109>  |   10.351|
data_in<108>   |data_out<110>  |   10.428|
data_in<108>   |data_out<111>  |   10.177|
data_in<109>   |data_out<104>  |   10.296|
data_in<109>   |data_out<105>  |   10.211|
data_in<109>   |data_out<106>  |   10.324|
data_in<109>   |data_out<107>  |   10.272|
data_in<109>   |data_out<108>  |   10.591|
data_in<109>   |data_out<109>  |   10.152|
data_in<109>   |data_out<110>  |   10.369|
data_in<109>   |data_out<111>  |    9.935|
data_in<110>   |data_out<104>  |   10.145|
data_in<110>   |data_out<105>  |    9.991|
data_in<110>   |data_out<106>  |    9.960|
data_in<110>   |data_out<107>  |   10.373|
data_in<110>   |data_out<108>  |   10.180|
data_in<110>   |data_out<109>  |    9.963|
data_in<110>   |data_out<110>  |   10.143|
data_in<110>   |data_out<111>  |    9.761|
data_in<111>   |data_out<104>  |   10.068|
data_in<111>   |data_out<105>  |   10.252|
data_in<111>   |data_out<106>  |   10.137|
data_in<111>   |data_out<107>  |   10.142|
data_in<111>   |data_out<108>  |   10.114|
data_in<111>   |data_out<109>  |    9.664|
data_in<111>   |data_out<110>  |    9.814|
data_in<111>   |data_out<111>  |    9.796|
data_in<112>   |data_out<112>  |   10.441|
data_in<112>   |data_out<113>  |   10.480|
data_in<112>   |data_out<114>  |   10.527|
data_in<112>   |data_out<115>  |    9.639|
data_in<112>   |data_out<116>  |   10.224|
data_in<112>   |data_out<117>  |    9.615|
data_in<112>   |data_out<118>  |   10.206|
data_in<112>   |data_out<119>  |   10.240|
data_in<113>   |data_out<112>  |   10.266|
data_in<113>   |data_out<113>  |   10.051|
data_in<113>   |data_out<114>  |   10.342|
data_in<113>   |data_out<115>  |    9.757|
data_in<113>   |data_out<116>  |   10.067|
data_in<113>   |data_out<117>  |    9.979|
data_in<113>   |data_out<118>  |   10.092|
data_in<113>   |data_out<119>  |   10.120|
data_in<114>   |data_out<112>  |   10.483|
data_in<114>   |data_out<113>  |   10.545|
data_in<114>   |data_out<114>  |   10.873|
data_in<114>   |data_out<115>  |   10.041|
data_in<114>   |data_out<116>  |   10.398|
data_in<114>   |data_out<117>  |   10.028|
data_in<114>   |data_out<118>  |   10.041|
data_in<114>   |data_out<119>  |    9.988|
data_in<115>   |data_out<112>  |   10.448|
data_in<115>   |data_out<113>  |   10.635|
data_in<115>   |data_out<114>  |   10.367|
data_in<115>   |data_out<115>  |    9.845|
data_in<115>   |data_out<116>  |   10.654|
data_in<115>   |data_out<117>  |   10.117|
data_in<115>   |data_out<118>  |   10.179|
data_in<115>   |data_out<119>  |   10.454|
data_in<116>   |data_out<112>  |   10.458|
data_in<116>   |data_out<113>  |   10.576|
data_in<116>   |data_out<114>  |   10.752|
data_in<116>   |data_out<115>  |   10.073|
data_in<116>   |data_out<116>  |   10.272|
data_in<116>   |data_out<117>  |   10.349|
data_in<116>   |data_out<118>  |   10.350|
data_in<116>   |data_out<119>  |   10.219|
data_in<117>   |data_out<112>  |   10.741|
data_in<117>   |data_out<113>  |   10.783|
data_in<117>   |data_out<114>  |   10.739|
data_in<117>   |data_out<115>  |   10.021|
data_in<117>   |data_out<116>  |   10.075|
data_in<117>   |data_out<117>  |   10.296|
data_in<117>   |data_out<118>  |   10.161|
data_in<117>   |data_out<119>  |   10.142|
data_in<118>   |data_out<112>  |   10.220|
data_in<118>   |data_out<113>  |   10.047|
data_in<118>   |data_out<114>  |   10.261|
data_in<118>   |data_out<115>  |    9.677|
data_in<118>   |data_out<116>  |    9.886|
data_in<118>   |data_out<117>  |    9.620|
data_in<118>   |data_out<118>  |    9.827|
data_in<118>   |data_out<119>  |    9.705|
data_in<119>   |data_out<112>  |    9.884|
data_in<119>   |data_out<113>  |   10.066|
data_in<119>   |data_out<114>  |   10.168|
data_in<119>   |data_out<115>  |    9.643|
data_in<119>   |data_out<116>  |    9.736|
data_in<119>   |data_out<117>  |    9.476|
data_in<119>   |data_out<118>  |    9.521|
data_in<119>   |data_out<119>  |    9.563|
data_in<120>   |data_out<120>  |   10.371|
data_in<120>   |data_out<121>  |   10.219|
data_in<120>   |data_out<122>  |   10.992|
data_in<120>   |data_out<123>  |   10.783|
data_in<120>   |data_out<124>  |   11.430|
data_in<120>   |data_out<125>  |   11.298|
data_in<120>   |data_out<126>  |   10.974|
data_in<120>   |data_out<127>  |   11.913|
data_in<121>   |data_out<120>  |   10.123|
data_in<121>   |data_out<121>  |    9.765|
data_in<121>   |data_out<122>  |    9.955|
data_in<121>   |data_out<123>  |    9.861|
data_in<121>   |data_out<124>  |   10.071|
data_in<121>   |data_out<125>  |    9.827|
data_in<121>   |data_out<126>  |   10.564|
data_in<121>   |data_out<127>  |   11.648|
data_in<122>   |data_out<120>  |   10.001|
data_in<122>   |data_out<121>  |   10.062|
data_in<122>   |data_out<122>  |   10.235|
data_in<122>   |data_out<123>  |    9.712|
data_in<122>   |data_out<124>  |   10.341|
data_in<122>   |data_out<125>  |    9.930|
data_in<122>   |data_out<126>  |   10.294|
data_in<122>   |data_out<127>  |   11.854|
data_in<123>   |data_out<120>  |    9.966|
data_in<123>   |data_out<121>  |   10.040|
data_in<123>   |data_out<122>  |    9.986|
data_in<123>   |data_out<123>  |    9.572|
data_in<123>   |data_out<124>  |   10.152|
data_in<123>   |data_out<125>  |    9.759|
data_in<123>   |data_out<126>  |   10.035|
data_in<123>   |data_out<127>  |   11.577|
data_in<124>   |data_out<120>  |   10.313|
data_in<124>   |data_out<121>  |   10.015|
data_in<124>   |data_out<122>  |   11.212|
data_in<124>   |data_out<123>  |   10.805|
data_in<124>   |data_out<124>  |   11.234|
data_in<124>   |data_out<125>  |   10.871|
data_in<124>   |data_out<126>  |   10.728|
data_in<124>   |data_out<127>  |   11.760|
data_in<125>   |data_out<120>  |   10.331|
data_in<125>   |data_out<121>  |   10.303|
data_in<125>   |data_out<122>  |   10.981|
data_in<125>   |data_out<123>  |   10.782|
data_in<125>   |data_out<124>  |   11.178|
data_in<125>   |data_out<125>  |   10.903|
data_in<125>   |data_out<126>  |   11.089|
data_in<125>   |data_out<127>  |   11.824|
data_in<126>   |data_out<120>  |    9.867|
data_in<126>   |data_out<121>  |    9.937|
data_in<126>   |data_out<122>  |    9.817|
data_in<126>   |data_out<123>  |    9.428|
data_in<126>   |data_out<124>  |    9.942|
data_in<126>   |data_out<125>  |    9.807|
data_in<126>   |data_out<126>  |   10.098|
data_in<126>   |data_out<127>  |   11.421|
data_in<127>   |data_out<120>  |    9.647|
data_in<127>   |data_out<121>  |    9.687|
data_in<127>   |data_out<122>  |   10.159|
data_in<127>   |data_out<123>  |   10.063|
data_in<127>   |data_out<124>  |   10.685|
data_in<127>   |data_out<125>  |   10.527|
data_in<127>   |data_out<126>  |   10.335|
data_in<127>   |data_out<127>  |   11.122|
---------------+---------------+---------+


Analysis completed Sun Mar 01 15:39:35 2020 
--------------------------------------------------------------------------------

Trace Settings:
-------------------------
Trace Settings 

Peak Memory Usage: 5004 MB



