--------------------------------------------------------------------------------
Release 14.7 Trace  (nt64)
Copyright (c) 1995-2013 Xilinx, Inc.  All rights reserved.

D:\14.7\ISE_DS\ISE\bin\nt64\unwrapped\trce.exe -intstyle ise -v 3 -s 1 -n 3
-fastpaths -xml test.twx test.ncd -o test.twr test.pcf

Design file:              test.ncd
Physical constraint file: test.pcf
Device,package,speed:     xc7a100t,csg324,C,-1 (PRODUCTION 1.10 2013-10-13)
Report level:             verbose report

Environment Variable      Effect 
--------------------      ------ 
NONE                      No environment variables were set
--------------------------------------------------------------------------------

INFO:Timing:2698 - No timing constraints found, doing default enumeration.
INFO:Timing:3412 - To improve timing, see the Timing Closure User Guide (UG612).
INFO:Timing:2752 - To get complete path coverage, use the unconstrained paths 
   option. All paths that are not constrained will be reported in the 
   unconstrained paths section(s) of the report.
INFO:Timing:3339 - The clock-to-out numbers in this timing report are based on 
   a 50 Ohm transmission line loading model.  For the details of this model, 
   and for more information on accounting for different loading conditions, 
   please see the device datasheet.



Data Sheet report:
-----------------
All values displayed in nanoseconds (ns)

Setup/Hold to clock clk
------------+------------+------------+------------+------------+------------------+--------+
            |Max Setup to|  Process   |Max Hold to |  Process   |                  | Clock  |
Source      | clk (edge) |   Corner   | clk (edge) |   Corner   |Internal Clock(s) | Phase  |
------------+------------+------------+------------+------------+------------------+--------+
data_in     |    6.684(R)|      SLOW  |    1.676(R)|      SLOW  |clk_BUFGP         |   0.000|
------------+------------+------------+------------+------------+------------------+--------+

Clock clk to Pad
-------------+-----------------+------------+-----------------+------------+------------------+--------+
             |Max (slowest) clk|  Process   |Min (fastest) clk|  Process   |                  | Clock  |
Destination  |  (edge) to PAD  |   Corner   |  (edge) to PAD  |   Corner   |Internal Clock(s) | Phase  |
-------------+-----------------+------------+-----------------+------------+------------------+--------+
data_out<1>  |         7.919(R)|      SLOW  |         2.793(R)|      FAST  |clk_BUFGP         |   0.000|
data_out<2>  |         7.916(R)|      SLOW  |         2.790(R)|      FAST  |clk_BUFGP         |   0.000|
data_out<5>  |         7.925(R)|      SLOW  |         2.799(R)|      FAST  |clk_BUFGP         |   0.000|
data_out<8>  |         7.930(R)|      SLOW  |         2.804(R)|      FAST  |clk_BUFGP         |   0.000|
data_out<10> |         7.898(R)|      SLOW  |         2.773(R)|      FAST  |clk_BUFGP         |   0.000|
data_out<11> |         7.921(R)|      SLOW  |         2.796(R)|      FAST  |clk_BUFGP         |   0.000|
data_out<15> |         7.926(R)|      SLOW  |         2.802(R)|      FAST  |clk_BUFGP         |   0.000|
data_out<16> |         7.928(R)|      SLOW  |         2.804(R)|      FAST  |clk_BUFGP         |   0.000|
data_out<17> |         7.921(R)|      SLOW  |         2.799(R)|      FAST  |clk_BUFGP         |   0.000|
data_out<23> |         7.900(R)|      SLOW  |         2.781(R)|      FAST  |clk_BUFGP         |   0.000|
data_out<25> |         7.900(R)|      SLOW  |         2.781(R)|      FAST  |clk_BUFGP         |   0.000|
data_out<28> |         7.894(R)|      SLOW  |         2.775(R)|      FAST  |clk_BUFGP         |   0.000|
data_out<29> |         7.889(R)|      SLOW  |         2.770(R)|      FAST  |clk_BUFGP         |   0.000|
data_out<31> |         7.926(R)|      SLOW  |         2.804(R)|      FAST  |clk_BUFGP         |   0.000|
data_out<32> |         7.904(R)|      SLOW  |         2.781(R)|      FAST  |clk_BUFGP         |   0.000|
data_out<33> |         7.903(R)|      SLOW  |         2.780(R)|      FAST  |clk_BUFGP         |   0.000|
data_out<42> |         7.887(R)|      SLOW  |         2.762(R)|      FAST  |clk_BUFGP         |   0.000|
data_out<44> |         7.898(R)|      SLOW  |         2.772(R)|      FAST  |clk_BUFGP         |   0.000|
data_out<45> |         7.895(R)|      SLOW  |         2.769(R)|      FAST  |clk_BUFGP         |   0.000|
data_out<46> |         7.902(R)|      SLOW  |         2.776(R)|      FAST  |clk_BUFGP         |   0.000|
data_out<47> |         7.911(R)|      SLOW  |         2.785(R)|      FAST  |clk_BUFGP         |   0.000|
data_out<52> |         7.932(R)|      SLOW  |         2.809(R)|      FAST  |clk_BUFGP         |   0.000|
data_out<53> |         7.926(R)|      SLOW  |         2.803(R)|      FAST  |clk_BUFGP         |   0.000|
data_out<56> |         7.938(R)|      SLOW  |         2.815(R)|      FAST  |clk_BUFGP         |   0.000|
data_out<57> |         7.939(R)|      SLOW  |         2.817(R)|      FAST  |clk_BUFGP         |   0.000|
data_out<58> |         7.923(R)|      SLOW  |         2.801(R)|      FAST  |clk_BUFGP         |   0.000|
data_out<61> |         7.915(R)|      SLOW  |         2.794(R)|      FAST  |clk_BUFGP         |   0.000|
data_out<63> |         7.916(R)|      SLOW  |         2.796(R)|      FAST  |clk_BUFGP         |   0.000|
data_out<65> |         7.936(R)|      SLOW  |         2.817(R)|      FAST  |clk_BUFGP         |   0.000|
data_out<66> |         7.936(R)|      SLOW  |         2.817(R)|      FAST  |clk_BUFGP         |   0.000|
data_out<69> |         7.920(R)|      SLOW  |         2.804(R)|      FAST  |clk_BUFGP         |   0.000|
data_out<72> |         7.896(R)|      SLOW  |         2.782(R)|      FAST  |clk_BUFGP         |   0.000|
data_out<74> |         7.884(R)|      SLOW  |         2.770(R)|      FAST  |clk_BUFGP         |   0.000|
data_out<75> |         7.873(R)|      SLOW  |         2.759(R)|      FAST  |clk_BUFGP         |   0.000|
data_out<79> |         7.895(R)|      SLOW  |         2.780(R)|      FAST  |clk_BUFGP         |   0.000|
data_out<80> |         7.904(R)|      SLOW  |         2.785(R)|      FAST  |clk_BUFGP         |   0.000|
data_out<81> |         7.902(R)|      SLOW  |         2.784(R)|      FAST  |clk_BUFGP         |   0.000|
data_out<87> |         7.911(R)|      SLOW  |         2.790(R)|      FAST  |clk_BUFGP         |   0.000|
data_out<89> |         7.937(R)|      SLOW  |         2.816(R)|      FAST  |clk_BUFGP         |   0.000|
data_out<92> |         7.917(R)|      SLOW  |         2.794(R)|      FAST  |clk_BUFGP         |   0.000|
data_out<93> |         7.911(R)|      SLOW  |         2.789(R)|      FAST  |clk_BUFGP         |   0.000|
data_out<95> |         7.910(R)|      SLOW  |         2.787(R)|      FAST  |clk_BUFGP         |   0.000|
data_out<96> |         7.910(R)|      SLOW  |         2.788(R)|      FAST  |clk_BUFGP         |   0.000|
data_out<97> |         7.907(R)|      SLOW  |         2.785(R)|      FAST  |clk_BUFGP         |   0.000|
data_out<106>|         7.956(R)|      SLOW  |         2.824(R)|      FAST  |clk_BUFGP         |   0.000|
data_out<108>|         7.923(R)|      SLOW  |         2.791(R)|      FAST  |clk_BUFGP         |   0.000|
data_out<109>|         7.952(R)|      SLOW  |         2.819(R)|      FAST  |clk_BUFGP         |   0.000|
data_out<110>|         7.938(R)|      SLOW  |         2.806(R)|      FAST  |clk_BUFGP         |   0.000|
data_out<111>|         7.929(R)|      SLOW  |         2.797(R)|      FAST  |clk_BUFGP         |   0.000|
data_out<116>|         7.914(R)|      SLOW  |         2.785(R)|      FAST  |clk_BUFGP         |   0.000|
data_out<117>|         7.918(R)|      SLOW  |         2.789(R)|      FAST  |clk_BUFGP         |   0.000|
data_out<120>|         7.894(R)|      SLOW  |         2.768(R)|      FAST  |clk_BUFGP         |   0.000|
data_out<121>|         7.901(R)|      SLOW  |         2.775(R)|      FAST  |clk_BUFGP         |   0.000|
data_out<122>|         7.918(R)|      SLOW  |         2.792(R)|      FAST  |clk_BUFGP         |   0.000|
data_out<125>|         7.907(R)|      SLOW  |         2.782(R)|      FAST  |clk_BUFGP         |   0.000|
data_out<127>|         7.909(R)|      SLOW  |         2.783(R)|      FAST  |clk_BUFGP         |   0.000|
-------------+-----------------+------------+-----------------+------------+------------------+--------+


Analysis completed Wed Feb 19 21:57:10 2020 
--------------------------------------------------------------------------------

Trace Settings:
-------------------------
Trace Settings 

Peak Memory Usage: 5003 MB



