--------------------------------------------------------------------------------
Release 14.7 Trace  (nt64)
Copyright (c) 1995-2013 Xilinx, Inc.  All rights reserved.

D:\14.7\ISE_DS\ISE\bin\nt64\unwrapped\trce.exe -intstyle ise -v 3 -s 1 -n 3
-fastpaths -xml Top.twx Top.ncd -o Top.twr Top.pcf

Design file:              Top.ncd
Physical constraint file: Top.pcf
Device,package,speed:     xc7a100t,csg324,C,-1 (PRODUCTION 1.10 2013-10-13)
Report level:             verbose report

Environment Variable      Effect 
--------------------      ------ 
NONE                      No environment variables were set
--------------------------------------------------------------------------------

INFO:Timing:2698 - No timing constraints found, doing default enumeration.
INFO:Timing:3412 - To improve timing, see the Timing Closure User Guide (UG612).
INFO:Timing:2752 - To get complete path coverage, use the unconstrained paths 
   option. All paths that are not constrained will be reported in the 
   unconstrained paths section(s) of the report.
INFO:Timing:3339 - The clock-to-out numbers in this timing report are based on 
   a 50 Ohm transmission line loading model.  For the details of this model, 
   and for more information on accounting for different loading conditions, 
   please see the device datasheet.



Data Sheet report:
-----------------
All values displayed in nanoseconds (ns)

Setup/Hold to clock clk
------------+------------+------------+------------+------------+------------------+--------+
            |Max Setup to|  Process   |Max Hold to |  Process   |                  | Clock  |
Source      | clk (edge) |   Corner   | clk (edge) |   Corner   |Internal Clock(s) | Phase  |
------------+------------+------------+------------+------------+------------------+--------+
data_in     |    1.161(R)|      SLOW  |    1.167(R)|      SLOW  |clk_BUFGP         |   0.000|
------------+------------+------------+------------+------------+------------------+--------+

Clock clk to Pad
----------------+-----------------+------------+-----------------+------------+------------------+--------+
                |Max (slowest) clk|  Process   |Min (fastest) clk|  Process   |                  | Clock  |
Destination     |  (edge) to PAD  |   Corner   |  (edge) to PAD  |   Corner   |Internal Clock(s) | Phase  |
----------------+-----------------+------------+-----------------+------------+------------------+--------+
cipher_text<0>  |        13.693(R)|      SLOW  |         4.910(R)|      FAST  |clk_BUFGP         |   0.000|
cipher_text<1>  |        13.751(R)|      SLOW  |         4.908(R)|      FAST  |clk_BUFGP         |   0.000|
cipher_text<5>  |        13.421(R)|      SLOW  |         4.806(R)|      FAST  |clk_BUFGP         |   0.000|
cipher_text<9>  |        13.250(R)|      SLOW  |         4.707(R)|      FAST  |clk_BUFGP         |   0.000|
cipher_text<10> |        13.095(R)|      SLOW  |         4.638(R)|      FAST  |clk_BUFGP         |   0.000|
cipher_text<12> |        12.947(R)|      SLOW  |         4.572(R)|      FAST  |clk_BUFGP         |   0.000|
cipher_text<14> |        13.070(R)|      SLOW  |         4.651(R)|      FAST  |clk_BUFGP         |   0.000|
cipher_text<17> |        12.538(R)|      SLOW  |         4.413(R)|      FAST  |clk_BUFGP         |   0.000|
cipher_text<18> |        12.388(R)|      SLOW  |         4.349(R)|      FAST  |clk_BUFGP         |   0.000|
cipher_text<24> |        12.607(R)|      SLOW  |         4.423(R)|      FAST  |clk_BUFGP         |   0.000|
cipher_text<26> |        11.909(R)|      SLOW  |         4.113(R)|      FAST  |clk_BUFGP         |   0.000|
cipher_text<28> |        11.740(R)|      SLOW  |         4.027(R)|      FAST  |clk_BUFGP         |   0.000|
cipher_text<29> |        12.552(R)|      SLOW  |         4.379(R)|      FAST  |clk_BUFGP         |   0.000|
cipher_text<30> |        12.502(R)|      SLOW  |         4.373(R)|      FAST  |clk_BUFGP         |   0.000|
cipher_text<31> |        12.329(R)|      SLOW  |         4.305(R)|      FAST  |clk_BUFGP         |   0.000|
cipher_text<33> |        11.902(R)|      SLOW  |         4.097(R)|      FAST  |clk_BUFGP         |   0.000|
cipher_text<34> |        11.861(R)|      SLOW  |         4.099(R)|      FAST  |clk_BUFGP         |   0.000|
cipher_text<37> |        12.103(R)|      SLOW  |         4.195(R)|      FAST  |clk_BUFGP         |   0.000|
cipher_text<39> |        12.203(R)|      SLOW  |         4.251(R)|      FAST  |clk_BUFGP         |   0.000|
cipher_text<40> |        12.183(R)|      SLOW  |         4.237(R)|      FAST  |clk_BUFGP         |   0.000|
cipher_text<42> |        12.186(R)|      SLOW  |         4.225(R)|      FAST  |clk_BUFGP         |   0.000|
cipher_text<43> |        12.217(R)|      SLOW  |         4.234(R)|      FAST  |clk_BUFGP         |   0.000|
cipher_text<44> |        12.479(R)|      SLOW  |         4.345(R)|      FAST  |clk_BUFGP         |   0.000|
cipher_text<45> |        12.358(R)|      SLOW  |         4.293(R)|      FAST  |clk_BUFGP         |   0.000|
cipher_text<50> |        13.794(R)|      SLOW  |         4.978(R)|      FAST  |clk_BUFGP         |   0.000|
cipher_text<51> |        13.005(R)|      SLOW  |         4.626(R)|      FAST  |clk_BUFGP         |   0.000|
cipher_text<52> |        13.672(R)|      SLOW  |         4.938(R)|      FAST  |clk_BUFGP         |   0.000|
cipher_text<55> |        12.838(R)|      SLOW  |         4.572(R)|      FAST  |clk_BUFGP         |   0.000|
cipher_text<58> |        13.230(R)|      SLOW  |         4.742(R)|      FAST  |clk_BUFGP         |   0.000|
cipher_text<59> |        12.737(R)|      SLOW  |         4.520(R)|      FAST  |clk_BUFGP         |   0.000|
cipher_text<60> |        13.079(R)|      SLOW  |         4.673(R)|      FAST  |clk_BUFGP         |   0.000|
cipher_text<61> |        12.596(R)|      SLOW  |         4.461(R)|      FAST  |clk_BUFGP         |   0.000|
cipher_text<62> |        12.462(R)|      SLOW  |         4.413(R)|      FAST  |clk_BUFGP         |   0.000|
cipher_text<64> |        12.306(R)|      SLOW  |         4.339(R)|      FAST  |clk_BUFGP         |   0.000|
cipher_text<65> |        12.660(R)|      SLOW  |         4.505(R)|      FAST  |clk_BUFGP         |   0.000|
cipher_text<69> |        12.083(R)|      SLOW  |         4.250(R)|      FAST  |clk_BUFGP         |   0.000|
cipher_text<73> |        12.132(R)|      SLOW  |         4.280(R)|      FAST  |clk_BUFGP         |   0.000|
cipher_text<74> |        11.940(R)|      SLOW  |         4.174(R)|      FAST  |clk_BUFGP         |   0.000|
cipher_text<76> |        11.791(R)|      SLOW  |         4.107(R)|      FAST  |clk_BUFGP         |   0.000|
cipher_text<78> |        11.685(R)|      SLOW  |         4.026(R)|      FAST  |clk_BUFGP         |   0.000|
cipher_text<81> |        11.364(R)|      SLOW  |         3.930(R)|      FAST  |clk_BUFGP         |   0.000|
cipher_text<82> |        11.227(R)|      SLOW  |         3.879(R)|      FAST  |clk_BUFGP         |   0.000|
cipher_text<88> |        11.285(R)|      SLOW  |         3.868(R)|      FAST  |clk_BUFGP         |   0.000|
cipher_text<90> |        10.880(R)|      SLOW  |         3.727(R)|      FAST  |clk_BUFGP         |   0.000|
cipher_text<92> |        11.564(R)|      SLOW  |         4.096(R)|      FAST  |clk_BUFGP         |   0.000|
cipher_text<93> |        11.282(R)|      SLOW  |         3.869(R)|      FAST  |clk_BUFGP         |   0.000|
cipher_text<94> |        11.732(R)|      SLOW  |         4.079(R)|      FAST  |clk_BUFGP         |   0.000|
cipher_text<95> |        11.505(R)|      SLOW  |         3.973(R)|      FAST  |clk_BUFGP         |   0.000|
cipher_text<97> |        11.754(R)|      SLOW  |         4.217(R)|      FAST  |clk_BUFGP         |   0.000|
cipher_text<98> |        12.185(R)|      SLOW  |         4.393(R)|      FAST  |clk_BUFGP         |   0.000|
cipher_text<101>|        11.759(R)|      SLOW  |         4.093(R)|      FAST  |clk_BUFGP         |   0.000|
cipher_text<103>|        11.900(R)|      SLOW  |         4.148(R)|      FAST  |clk_BUFGP         |   0.000|
cipher_text<104>|        11.965(R)|      SLOW  |         4.195(R)|      FAST  |clk_BUFGP         |   0.000|
cipher_text<106>|        12.703(R)|      SLOW  |         4.622(R)|      FAST  |clk_BUFGP         |   0.000|
cipher_text<107>|        12.180(R)|      SLOW  |         4.288(R)|      FAST  |clk_BUFGP         |   0.000|
cipher_text<108>|        12.694(R)|      SLOW  |         4.615(R)|      FAST  |clk_BUFGP         |   0.000|
cipher_text<109>|        12.125(R)|      SLOW  |         4.246(R)|      FAST  |clk_BUFGP         |   0.000|
cipher_text<114>|        13.213(R)|      SLOW  |         4.829(R)|      FAST  |clk_BUFGP         |   0.000|
cipher_text<115>|        12.326(R)|      SLOW  |         4.336(R)|      FAST  |clk_BUFGP         |   0.000|
cipher_text<116>|        13.423(R)|      SLOW  |         4.941(R)|      FAST  |clk_BUFGP         |   0.000|
cipher_text<119>|        12.117(R)|      SLOW  |         4.259(R)|      FAST  |clk_BUFGP         |   0.000|
cipher_text<120>|        12.134(R)|      SLOW  |         3.856(R)|      FAST  |clk_BUFGP         |   0.000|
cipher_text<121>|         7.924(R)|      SLOW  |         2.803(R)|      FAST  |clk_BUFGP         |   0.000|
cipher_text<122>|        11.917(R)|      SLOW  |         3.761(R)|      FAST  |clk_BUFGP         |   0.000|
cipher_text<123>|        13.029(R)|      SLOW  |         3.993(R)|      FAST  |clk_BUFGP         |   0.000|
cipher_text<124>|        12.855(R)|      SLOW  |         3.714(R)|      FAST  |clk_BUFGP         |   0.000|
cipher_text<125>|        12.451(R)|      SLOW  |         3.580(R)|      FAST  |clk_BUFGP         |   0.000|
cipher_text<126>|        13.120(R)|      SLOW  |         4.041(R)|      FAST  |clk_BUFGP         |   0.000|
----------------+-----------------+------------+-----------------+------------+------------------+--------+


Analysis completed Wed Feb 19 22:31:35 2020 
--------------------------------------------------------------------------------

Trace Settings:
-------------------------
Trace Settings 

Peak Memory Usage: 5004 MB



